******************************************************************************
                  TI ARM Linker PC v18.12.4                    
******************************************************************************
>> Linked Fri Dec  6 13:00:12 2019

OUTPUT FILE NAME:   <semaphores.out>
ENTRY POINT SYMBOL: "_c_int00"  address: 00003591


MEMORY CONFIGURATION

         name            origin    length      used     unused   attr    fill
----------------------  --------  ---------  --------  --------  ----  --------
  FLASH                 00000000   00040000  00006dc0  00039240  R  X
  SRAM                  20000000   00008000  00001aba  00006546  RW X


SEGMENT ALLOCATION MAP

run origin  load origin   length   init length attrs members
----------  ----------- ---------- ----------- ----- -------
00000000    00000000    00006dc8   00006dc8    r-x
  00000000    00000000    0000003c   0000003c    r-- .resetVecs
  00000040    00000040    00004d2a   00004d2a    r-x .text
  00004d6c    00004d6c    00001e2a   00001e2a    r-- .const
  00006b98    00006b98    00000230   00000230    r-- .cinit
20000000    20000000    00001ac0   00000000    rw-
  20000000    20000000    00000360   00000000    rw- .vecs
  20000360    20000360    00000f9c   00000000    rw- .bss
  200012fc    200012fc    000004be   00000000    rw- .data
  200017c0    200017c0    00000300   00000000    rw- .stack


SECTION ALLOCATION MAP

 output                                  attributes/
section   page    origin      length       input sections
--------  ----  ----------  ----------   ----------------
.text      0    00000040    00004d2a     
                  00000040    00000430     sysbios.aem4f : BIOS.obj (.text:ti_sysbios_family_arm_m3_Hwi_excDumpRegs__I)
                  00000470    0000034c     ti.targets.arm.rtsarm.aem4f : System.oem4f (.text:xdc_runtime_System_doPrint__I)
                  000007bc    00000004     rtsv7M4_T_le_v4SPD16_eabi.lib : exit.c.obj (.text:abort:abort)
                  000007c0    000002d0     sysbios.aem4f : BIOS.obj (.text:ti_sysbios_knl_Semaphore_pend__E)
                  00000a90    0000026c                   : BIOS.obj (.text:ti_sysbios_heaps_HeapMem_free__E)
                  00000cfc    00000004     semaphores_pem4f.oem4f (.text:ti_sysbios_BIOS_RtsGateProxy_enter__E)
                  00000d00    00000250     sysbios.aem4f : BIOS.obj (.text:ti_sysbios_heaps_HeapMem_alloc__E)
                  00000f50    000001f4                   : BIOS.obj (.text:ti_sysbios_family_arm_m3_Hwi_excHandlerMax__I)
                  00001144    00000004     semaphores_pem4f.oem4f (.text:ti_sysbios_BIOS_RtsGateProxy_leave__E)
                  00001148    00000174     sysbios.aem4f : BIOS.obj (.text:ti_sysbios_family_arm_m3_Hwi_excBusFault__I)
                  000012bc    00000004                   : BIOS.obj (.text:ti_sysbios_family_arm_lm4_Timer_masterEnable__I)
                  000012c0    00000164                   : BIOS.obj (.text:ti_sysbios_family_arm_m3_Hwi_excUsageFault__I)
                  00001424    00000150     drivers_tivaware.aem4f : GPIOTiva.oem4f (.text:GPIO_setConfig)
                  00001574    00000004     semaphores_pem4f.oem4f (.text:ti_sysbios_family_arm_m3_TaskSupport_Module__startupDone__S)
                  00001578    00000148     sysbios.aem4f : BIOS.obj (.text:ti_sysbios_family_arm_m3_Hwi_excMemFault__I)
                  000016c0    0000013c                   : BIOS.obj (.text:ti_sysbios_heaps_HeapMem_Instance_init__E)
                  000017fc    00000004     semaphores_pem4f.oem4f (.text:ti_sysbios_heaps_HeapMem_Module_GateProxy_enter__E)
                  00001800    00000134     sysbios.aem4f : BIOS.obj (.text:ti_sysbios_family_arm_lm4_Timer_start__E)
                  00001934    00000130     driverlib.lib : gpio.obj (.text:GPIOPadConfigSet)
                  00001a64    00000118     ti.targets.arm.rtsarm.aem4f : Error.oem4f (.text:xdc_runtime_Error_policyDefault__E)
                  00001b7c    00000100     Boot.aem4f : Boot_sysctl.oem4f (.text:ti_catalog_arm_cortexm4_tiva_ce_Boot_sysCtlClockSetI__I)
                  00001c7c    00000100     ti.targets.arm.rtsarm.aem4f : Core-mem.oem4f (.text:xdc_runtime_Core_createObject__I)
                  00001d7c    000000f8                                 : Startup.oem4f (.text:xdc_runtime_Startup_startMods__I)
                  00001e74    000000f8     semaphores_pem4f.oem4f (.text:xdc_runtime_System_printfExtend__I)
                  00001f6c    000000f4     sysbios.aem4f : m3_Hwi_asm.obj (.text:ti_sysbios_family_arm_m3_Hwi_dispatch__I)
                  00002060    000000ec                   : BIOS.obj (.text:ti_sysbios_knl_Semaphore_post__E)
                  0000214c    000000cc     ti.targets.arm.rtsarm.aem4f : Core-smem.oem4f (.text:xdc_runtime_Core_constructObject__I)
                  00002218    000000bc     sysbios.aem4f : BIOS.obj (.text:ti_sysbios_family_arm_m3_Hwi_excDebugMon__I)
                  000022d4    00000004     semaphores_pem4f.oem4f (.text:ti_sysbios_heaps_HeapMem_Module_GateProxy_leave__E)
                  000022d8    000000bc     sysbios.aem4f : BIOS.obj (.text:ti_sysbios_family_arm_m3_Hwi_excHardFault__I)
                  00002394    00000004     semaphores_pem4f.oem4f (.text:ti_sysbios_knl_Clock_TimerProxy_getMaxTicks__E)
                  00002398    000000b4     sysbios.aem4f : BIOS.obj (.text:ti_sysbios_gates_GateMutex_enter__E)
                  0000244c    00000004     semaphores_pem4f.oem4f (.text:ti_sysbios_knl_Queue_destruct)
                  00002450    000000b4     sysbios.aem4f : BIOS.obj (.text:ti_sysbios_knl_Task_checkStacks__E)
                  00002504    00000004     semaphores_pem4f.oem4f (.text:ti_sysbios_knl_Semaphore_destruct)
                  00002508    000000ac     sysbios.aem4f : BIOS.obj (.text:ti_sysbios_family_arm_lm4_Timer_enableTiva__I)
                  000025b4    00000004     ti.targets.arm.rtsarm.aem4f : Error.oem4f (.text:xdc_runtime_Error_getSite__E)
                  000025b8    000000a8     sysbios.aem4f : BIOS.obj (.text:ti_sysbios_family_arm_lm4_Timer_enableTimers__I)
                  00002660    000000a8                   : BIOS.obj (.text:ti_sysbios_knl_Task_postInit__I)
                  00002708    000000a0     auto_init.aem4f : auto_init.oem4f (.text)
                  000027a8    000000a0     ti.targets.arm.rtsarm.aem4f : Text.oem4f (.text:xdc_runtime_Text_putMod__E)
                  00002848    0000009c     rtsv7M4_T_le_v4SPD16_eabi.lib : memcpy_t2.asm.obj (.text)
                  000028e4    00000004     semaphores_pem4f.oem4f (.text:xdc_runtime_System_Module_GateProxy_enter__E)
                  000028e8    0000009c     sysbios.aem4f : BIOS.obj (.text:ti_sysbios_knl_Semaphore_Instance_init__E)
                  00002984    0000009a     ti.targets.arm.rtsarm.aem4f : Text.oem4f (.text:xdc_runtime_Text_putSite__E)
                  00002a1e    00000002     rtsv7M4_T_le_v4SPD16_eabi.lib : _lock.c.obj (.text:_nop)
                  00002a20    00000098     Boot.aem4f : Boot.oem4f (.text:ti_catalog_arm_cortexm4_tiva_ce_Boot_sysCtlClockSet__E)
                  00002ab8    00000094     sysbios.aem4f : BIOS.obj (.text:ti_sysbios_family_arm_m3_Hwi_Instance_init__E)
                  00002b4c    00000004     semaphores_pem4f.oem4f (.text:xdc_runtime_System_Module_GateProxy_leave__E)
                  00002b50    00000094     sysbios.aem4f : BIOS.obj (.text:ti_sysbios_family_arm_m3_Hwi_initNVIC__E)
                  00002be4    0000008c     drivers_tivaware.aem4f : GPIOTiva.oem4f (.text:GPIO_init)
                  00002c70    0000008c     sysbios.aem4f : m3_TaskSupport_asm.obj (.text:ti_sysbios_family_arm_m3_TaskSupport_buildTaskStack)
                  00002cfc    00000004     ti.targets.arm.rtsarm.aem4f : System.oem4f (.text:xdc_runtime_System_aprintf_va__F)
                  00002d00    00000084     sysbios.aem4f : BIOS.obj (.text:ti_sysbios_family_arm_m3_Hwi_postInit__I)
                  00002d84    0000007a     rtsv7M4_T_le_v4SPD16_eabi.lib : memset_t2.asm.obj (.text)
                  00002dfe    00000002                                   : div0.asm.obj (.text)
                  00002e00    00000070     sysbios.aem4f : BIOS.obj (.text:ti_sysbios_knl_Clock_workFunc__E)
                  00002e70    00000070                   : BIOS.obj (.text:ti_sysbios_knl_Task_exit__E)
                  00002ee0    0000006d     ti.targets.arm.rtsarm.aem4f : System.oem4f (.text:xdc_runtime_System_formatNum__I)
                  00002f4d    00000001     --HOLE-- [fill = 0]
                  00002f4e    00000002     semaphores_pem4f.oem4f (.text:ti_sysbios_BIOS_nullFunc__I)
                  00002f50    0000006c     sysbios.aem4f : BIOS.obj (.text:ti_sysbios_knl_Swi_restoreHwi__E)
                  00002fbc    0000006c     ti.targets.arm.rtsarm.aem4f : Error.oem4f (.text:xdc_runtime_Error_print__E)
                  00003028    0000006c                                 : Memory.oem4f (.text:xdc_runtime_Memory_alloc__E)
                  00003094    00000068     rtsv7M4_T_le_v4SPD16_eabi.lib : copy_decompress_lzss.c.obj (.text:decompress:lzss:__TI_decompress_lzss)
                  000030fc    00000066     ti.targets.arm.rtsarm.aem4f : Core-mem.oem4f (.text:xdc_runtime_Core_deleteObject__I)
                  00003162    00000002     semaphores_pem4f.oem4f (.text:xdc_runtime_Startup_reset__I)
                  00003164    00000064     drivers_tivaware.aem4f : GPIOTiva.oem4f (.text:GPIO_hwiIntFxn)
                  000031c8    00000064     sysbios.aem4f : BIOS.obj (.text:ti_sysbios_family_arm_lm4_Timer_Module_startup__E)
                  0000322c    00000064     semaphores_pem4f.oem4f (.text:ti_sysbios_family_arm_m3_Hwi_create)
                  00003290    00000064     sysbios.aem4f : BIOS.obj (.text:ti_sysbios_family_arm_m3_Hwi_dispatchC__I)
                  000032f4    00000004     ti.targets.arm.rtsarm.aem4f : System.oem4f (.text:xdc_runtime_System_printf_va__F)
                  000032f8    00000060     sysbios.aem4f : BIOS.obj (.text:ti_sysbios_family_arm_lm4_Timer_isrStub__E)
                  00003358    00000060                   : BIOS.obj (.text:ti_sysbios_knl_Task_schedule__I)
                  000033b8    0000005c                   : BIOS.obj (.text:ti_sysbios_knl_Swi_run__I)
                  00003414    00000004     --HOLE-- [fill = 0]
                  00003418    0000005c                   : BIOS.obj (.text:ti_sysbios_knl_Swi_schedule__I)
                  00003474    00000004     --HOLE-- [fill = 0]
                  00003478    0000005c                   : BIOS.obj (.text:ti_sysbios_knl_Task_Module_startup__E)
                  000034d4    00000004     --HOLE-- [fill = 0]
                  000034d8    0000005c                   : BIOS.obj (.text:ti_sysbios_knl_Task_startCore__E)
                  00003534    0000005b     ti.targets.arm.rtsarm.aem4f : Text.oem4f (.text:xdc_runtime_Text_putLab__E)
                  0000358f    00000001     --HOLE-- [fill = 0]
                  00003590    00000058     boot.aem4f : boot.oem4f (.text)
                  000035e8    00000058     rtsv7M4_T_le_v4SPD16_eabi.lib : hostwrite.c.obj (.text:HOSTwrite)
                  00003640    00000058     sysbios.aem4f : m3_Hwi_asm_switch.obj (.text:ti_sysbios_family_arm_m3_Hwi_initStacks__E)
                  00003698    00000056     driverlib.lib : gpio.obj (.text:GPIOIntTypeSet)
                  000036ee    00000002     --HOLE-- [fill = 0]
                  000036f0    00000054     ti.targets.arm.rtsarm.aem4f : Assert.oem4f (.text:xdc_runtime_Assert_raise__I)
                  00003744    00000050     drivers_tivaware.aem4f : GPIOTiva.oem4f (.text:GPIO_setCallback)
                  00003794    00000050                            : GPIOTiva.oem4f (.text:GPIO_toggle)
                  000037e4    00000004     --HOLE-- [fill = 0]
                  000037e8    00000050     sysbios.aem4f : BIOS.obj (.text:ti_sysbios_family_arm_m3_Hwi_Module_startup__E)
                  00003838    00000050     ti.targets.arm.rtsarm.aem4f : Startup.oem4f (.text:xdc_runtime_Startup_exec__E)
                  00003888    00000050                                 : Text.oem4f (.text:xdc_runtime_Text_visitRope2__I)
                  000038d8    0000004c     rtsv7M4_T_le_v4SPD16_eabi.lib : cpy_tbl.c.obj (.text:copy_in)
                  00003924    00000004     --HOLE-- [fill = 0]
                  00003928    0000004c     sysbios.aem4f : BIOS.obj (.text:ti_sysbios_heaps_HeapMem_getStats__E)
                  00003974    00000004     --HOLE-- [fill = 0]
                  00003978    0000004c                   : BIOS.obj (.text:ti_sysbios_knl_Swi_runLoop__I)
                  000039c4    00000004     --HOLE-- [fill = 0]
                  000039c8    0000004c                   : BIOS.obj (.text:ti_sysbios_knl_Task_allBlockedFunction__I)
                  00003a14    00000004     --HOLE-- [fill = 0]
                  00003a18    00000048                   : BIOS.obj (.text:ti_sysbios_family_arm_m3_Hwi_disableInterrupt__E)
                  00003a60    00000048                   : BIOS.obj (.text:ti_sysbios_family_arm_m3_Hwi_enableInterrupt__E)
                  00003aa8    00000048                   : BIOS.obj (.text:ti_sysbios_family_arm_m3_Hwi_excReserved__I)
                  00003af0    00000046     ti.targets.arm.rtsarm.aem4f : Core-params.oem4f (.text:xdc_runtime_Core_assignParams__I)
                  00003b36    00000002     --HOLE-- [fill = 0]
                  00003b38    00000044     sysbios.aem4f : BIOS.obj (.text:ti_sysbios_family_arm_m3_Hwi_getStackInfo__E)
                  00003b7c    00000004     --HOLE-- [fill = 0]
                  00003b80    00000044                   : BIOS.obj (.text:ti_sysbios_knl_Swi_post__E)
                  00003bc4    00000044     ti.targets.arm.rtsarm.aem4f : Error.oem4f (.text:xdc_runtime_Error_setX__E)
                  00003c08    00000044                                 : SysMin.oem4f (.text:xdc_runtime_SysMin_flush__E)
                  00003c4c    00000044                                 : Text.oem4f (.text:xdc_runtime_Text_xprintf__I)
                  00003c90    00000040     EK_TM4C123GXL.obj (.text:EK_TM4C123GXL_initGeneral)
                  00003cd0    00000040     rtsv7M4_T_le_v4SPD16_eabi.lib : u_divt2.asm.obj (.text)
                  00003d10    00000040     sysbios.aem4f : BIOS.obj (.text:ti_sysbios_family_arm_lm4_Timer_startup__E)
                  00003d50    0000003c     semaphores.obj (.text:redController)
                  00003d8c    00000004     --HOLE-- [fill = 0]
                  00003d90    0000003c     sysbios.aem4f : BIOS.obj (.text:ti_sysbios_family_arm_m3_Hwi_excSvCall__I)
                  00003dcc    00000004     --HOLE-- [fill = 0]
                  00003dd0    0000003c                   : BIOS.obj (.text:ti_sysbios_heaps_HeapMem_init__I)
                  00003e0c    00000004     --HOLE-- [fill = 0]
                  00003e10    0000003c                   : BIOS.obj (.text:ti_sysbios_knl_Swi_restore__E)
                  00003e4c    00000038     rtsv7M4_T_le_v4SPD16_eabi.lib : trgmsg.c.obj (.text:__TI_writemsg)
                  00003e84    00000038     semaphores.obj (.text:greenController)
                  00003ebc    00000004     --HOLE-- [fill = 0]
                  00003ec0    00000038     sysbios.aem4f : BIOS.obj (.text:ti_sysbios_family_arm_m3_Hwi_excNoIsr__I)
                  00003ef8    00000038                   : BIOS.obj (.text:ti_sysbios_knl_Task_processVitalTaskFlag__I)
                  00003f30    00000038     ti.targets.arm.rtsarm.aem4f : SysMin.oem4f (.text:xdc_runtime_SysMin_putch__E)
                  00003f68    00000038                                 : System.oem4f (.text:xdc_runtime_System_atexit__E)
                  00003fa0    00000034     driverlib.lib : sysctl.obj (.text:SysCtlPeripheralEnable)
                  00003fd4    00000034     rtsv7M4_T_le_v4SPD16_eabi.lib : trgmsg.c.obj (.text:__TI_readmsg)
                  00004008    00000034     sysbios.aem4f : BIOS.obj (.text:ti_sysbios_family_arm_m3_Hwi_Instance_finalize__E)
                  0000403c    00000004     --HOLE-- [fill = 0]
                  00004040    00000034                   : BIOS.obj (.text:ti_sysbios_family_arm_m3_Hwi_excNmi__I)
                  00004074    00000004     --HOLE-- [fill = 0]
                  00004078    00000034                   : BIOS.obj (.text:ti_sysbios_hal_Hwi_checkStack)
                  000040ac    00000034     ti.targets.arm.rtsarm.aem4f : Core-label.oem4f (.text:xdc_runtime_Core_assignLabel__I)
                  000040e0    00000033                                 : Text.oem4f (.text:xdc_runtime_Text_printVisFxn__I)
                  00004113    00000005     --HOLE-- [fill = 0]
                  00004118    00000032     sysbios.aem4f : BIOS.obj (.text:ti_sysbios_hal_Hwi_initStack)
                  0000414a    00000002     --HOLE-- [fill = 0]
                  0000414c    00000030     EK_TM4C123GXL.obj (.text:EK_TM4C123GXL_initGPIO)
                  0000417c    00000030     semaphores_pem4f.oem4f (.text:ti_sysbios_BIOS_atExitFunc__I)
                  000041ac    00000004     --HOLE-- [fill = 0]
                  000041b0    00000030     sysbios.aem4f : BIOS.obj (.text:ti_sysbios_family_arm_lm4_Timer_stop__E)
                  000041e0    00000030                   : BIOS.obj (.text:ti_sysbios_family_arm_m3_TaskSupport_start__E)
                  00004210    00000030     semaphores_pem4f.oem4f (.text:ti_sysbios_gates_GateHwi_Object__create__S)
                  00004240    00000030     semaphores_pem4f.oem4f (.text:ti_sysbios_gates_GateMutex_Object__create__S)
                  00004270    00000030     semaphores_pem4f.oem4f (.text:ti_sysbios_heaps_HeapMem_Object__create__S)
                  000042a0    00000030     semaphores_pem4f.oem4f (.text:ti_sysbios_knl_Semaphore_construct)
                  000042d0    00000030     sysbios.aem4f : BIOS.obj (.text:ti_sysbios_knl_Semaphore_pendTimeout__I)
                  00004300    00000030                   : BIOS.obj (.text:ti_sysbios_knl_Task_unblockI__E)
                  00004330    00000030     ti.targets.arm.rtsarm.aem4f : SysMin.oem4f (.text:xdc_runtime_SysMin_abort__E)
                  00004360    00000030                                 : System.oem4f (.text:xdc_runtime_System_processAtExit__E)
                  00004390    0000002c     semaphores_pem4f.oem4f (.text:ti_sysbios_knl_Clock_doTick__I)
                  000043bc    0000002c     semaphores_pem4f.oem4f (.text:ti_sysbios_knl_Queue_construct)
                  000043e8    0000002c     sysbios.aem4f : BIOS.obj (.text:ti_sysbios_knl_Task_restore__E)
                  00004414    0000002c     ti.targets.arm.rtsarm.aem4f : Text.oem4f (.text:xdc_runtime_Text_cordText__E)
                  00004440    0000002a     driverlib.lib : gpio.obj (.text:GPIODirModeSet)
                  0000446a    0000002a     ti.targets.arm.rtsarm.aem4f : System.oem4f (.text:xdc_runtime_System_putchar__I)
                  00004494    00000004     --HOLE-- [fill = 0]
                  00004498    00000028     sysbios.aem4f : BIOS.obj (.text:ti_sysbios_knl_Swi_Module_startup__E)
                  000044c0    00000026                   : m3_Hwi_asm.obj (.text:ti_sysbios_family_arm_m3_Hwi_pendSV__I)
                  000044e6    00000026     ti.targets.arm.rtsarm.aem4f : System.oem4f (.text:xdc_runtime_System_avprintf__E)
                  0000450c    00000024     semaphores_pem4f.oem4f (.text:ti_sysbios_BIOS_errorRaiseHook__I)
                  00004530    00000024     semaphores_pem4f.oem4f (.text:ti_sysbios_BIOS_registerRTSLock__I)
                  00004554    00000024     semaphores_pem4f.oem4f (.text:ti_sysbios_BIOS_removeRTSLock__I)
                  00004578    00000024     semaphores_pem4f.oem4f (.text:ti_sysbios_BIOS_startFunc__I)
                  0000459c    00000024     semaphores_pem4f.oem4f (.text:ti_sysbios_gates_GateMutex_Object__delete__S)
                  000045c0    00000024     sysbios.aem4f : BIOS.obj (.text:ti_sysbios_knl_Clock_Module_startup__E)
                  000045e4    00000004     --HOLE-- [fill = 0]
                  000045e8    00000024                   : BIOS.obj (.text:ti_sysbios_knl_Task_restoreHwi__E)
                  0000460c    00000024     ti.targets.arm.rtsarm.aem4f : System.oem4f (.text:xdc_runtime_System_vprintf__E)
                  00004630    00000022     sysbios.aem4f : BIOS.obj (.text:ti_sysbios_family_arm_lm4_Timer_write__I)
                  00004652    00000022     semaphores_pem4f.oem4f (.text:xdc_runtime_SysMin_output__I)
                  00004674    00000020     semaphores_pem4f.oem4f (.text:ti_sysbios_BIOS_rtsLock__I)
                  00004694    00000020     sysbios.aem4f : m3_Hwi_asm.obj (.text:ti_sysbios_family_arm_m3_Hwi_excHandlerAsm__I)
                  000046b4    00000004     --HOLE-- [fill = 0]
                  000046b8    00000020                   : BIOS.obj (.text:ti_sysbios_family_arm_m3_Hwi_excHandler__I)
                  000046d8    00000020     semaphores_pem4f.oem4f (.text:ti_sysbios_gates_GateHwi_Object__delete__S)
                  000046f8    00000020     semaphores_pem4f.oem4f (.text:ti_sysbios_heaps_HeapMem_Object__delete__S)
                  00004718    00000020     sysbios.aem4f : BIOS.obj (.text:ti_sysbios_knl_Idle_run__E)
                  00004738    00000020     semaphores_pem4f.oem4f (.text:ti_sysbios_knl_Semaphore_Object__destruct__S)
                  00004758    00000020     ti.targets.arm.rtsarm.aem4f : Registry.oem4f (.text:xdc_runtime_Registry_findById__E)
                  00004778    00000020                                 : SysMin.oem4f (.text:xdc_runtime_SysMin_Module_startup__E)
                  00004798    0000001e     sysbios.aem4f : m3_Hwi_asm_switch.obj (.text:ti_sysbios_family_xxx_Hwi_switchAndRunFunc)
                  000047b6    0000001c     drivers_tivaware.aem4f : GPIOTiva.oem4f (.text:getGpioIntIndex)
                  000047d2    00000006     driverlib.lib : gpio.obj (.text:GPIOIntClear)
                  000047d8    0000001c     sysbios.aem4f : BIOS.obj (.text:ti_sysbios_gates_GateMutex_Instance_init__E)
                  000047f4    0000001c     semaphores_pem4f.oem4f (.text:ti_sysbios_knl_Queue_Object__destruct__S)
                  00004810    0000001c     sysbios.aem4f : BIOS.obj (.text:ti_sysbios_knl_Task_enter__I)
                  0000482c    0000001c     ti.targets.arm.rtsarm.aem4f : Error.oem4f (.text:xdc_runtime_Error_raiseX__E)
                  00004848    0000001c                                 : Memory.oem4f (.text:xdc_runtime_Memory_valloc__E)
                  00004864    0000001c                                 : SysMin.oem4f (.text:xdc_runtime_SysMin_exit__E)
                  00004880    0000001c                                 : System.oem4f (.text:xdc_runtime_System_abort__E)
                  0000489c    0000001a     semaphores_pem4f.oem4f (.text:ti_sysbios_family_arm_m3_Hwi_Handle__label__S)
                  000048b6    0000001a     semaphores_pem4f.oem4f (.text:ti_sysbios_gates_GateHwi_Handle__label__S)
                  000048d0    0000001a     semaphores_pem4f.oem4f (.text:ti_sysbios_gates_GateMutex_Handle__label__S)
                  000048ea    0000001a     semaphores_pem4f.oem4f (.text:ti_sysbios_heaps_HeapMem_Handle__label__S)
                  00004904    0000001a     semaphores_pem4f.oem4f (.text:ti_sysbios_knl_Swi_Handle__label__S)
                  0000491e    0000001a     semaphores_pem4f.oem4f (.text:ti_sysbios_knl_Task_Handle__label__S)
                  00004938    0000001a     semaphores_pem4f.oem4f (.text:xdc_runtime_System_aprintf__E)
                  00004952    0000001a     semaphores_pem4f.oem4f (.text:xdc_runtime_System_printf__E)
                  0000496c    00000018     rtsv7M4_T_le_v4SPD16_eabi.lib : args_main.c.obj (.text:_args_main)
                  00004984    00000018     semaphores_pem4f.oem4f (.text:ti_sysbios_BIOS_rtsUnlock__I)
                  0000499c    00000018     semaphores_pem4f.oem4f (.text:ti_sysbios_family_arm_lm4_Timer_Module__startupDone__F)
                  000049b4    00000018     semaphores_pem4f.oem4f (.text:ti_sysbios_family_arm_m3_Hwi_Module__startupDone__F)
                  000049cc    00000018     sysbios.aem4f : m3_TaskSupport_asm.obj (.text:ti_sysbios_family_arm_m3_TaskSupport_swap__E)
                  000049e4    00000004     --HOLE-- [fill = 0]
                  000049e8    00000018                   : BIOS.obj (.text:ti_sysbios_gates_GateMutex_leave__E)
                  00004a00    00000018     ti.targets.arm.rtsarm.aem4f : Error.oem4f (.text:xdc_runtime_Error_check__E)
                  00004a18    00000018                                 : System.oem4f (.text:xdc_runtime_System_exit__E)
                  00004a30    00000018                                 : Text.oem4f (.text:xdc_runtime_Text_ropeText__E)
                  00004a48    00000016     semaphores_pem4f.oem4f (.text:ti_sysbios_BIOS_exitFunc__I)
                  00004a5e    00000014     rtsv7M4_T_le_v4SPD16_eabi.lib : strlen.c.obj (.text:strlen)
                  00004a72    00000002     --HOLE-- [fill = 0]
                  00004a74    00000014     semaphores_pem4f.oem4f (.text:ti_sysbios_family_arm_m3_Hwi_Object__get__S)
                  00004a88    00000014     sysbios.aem4f : BIOS.obj (.text:ti_sysbios_family_arm_m3_Hwi_switchFromBootStack__E)
                  00004a9c    00000014     semaphores_pem4f.oem4f (.text:ti_sysbios_heaps_HeapMem_Object__get__S)
                  00004ab0    00000014     semaphores_pem4f.oem4f (.text:ti_sysbios_knl_Swi_Object__get__S)
                  00004ac4    00000012     driverlib.lib : gpio.obj (.text:GPIOPinTypeGPIOInput)
                  00004ad6    00000012     semaphores.obj (.text:main)
                  00004ae8    00000012     sysbios.aem4f : BIOS.obj (.text:ti_sysbios_hal_Hwi_Module_startup__E)
                  00004afa    00000012     semaphores_pem4f.oem4f (.text:xdc_runtime_Startup_exec__I)
                  00004b0c    00000004     --HOLE-- [fill = 0]
                  00004b10    00000010     sysbios.aem4f : BIOS.obj (.text:ti_sysbios_BIOS_setThreadType__E)
                  00004b20    00000010                   : BIOS.obj (.text:ti_sysbios_BIOS_start__E)
                  00004b30    00000010                   : m3_TaskSupport_asm.obj (.text:ti_sysbios_family_arm_m3_TaskSupport_glue)
                  00004b40    00000010                   : BIOS.obj (.text:ti_sysbios_gates_GateMutex_Instance_finalize__E)
                  00004b50    00000010                   : BIOS.obj (.text:ti_sysbios_knl_Semaphore_Instance_finalize__E)
                  00004b60    00000010                   : BIOS.obj (.text:ti_sysbios_knl_Swi_disable__E)
                  00004b70    00000010     semaphores_pem4f.oem4f (.text:ti_sysbios_knl_Task_Object__get__S)
                  00004b80    00000010     sysbios.aem4f : BIOS.obj (.text:ti_sysbios_knl_Task_disable__E)
                  00004b90    00000010     ti.targets.arm.rtsarm.aem4f : Gate.oem4f (.text:xdc_runtime_Gate_leaveSystem__E)
                  00004ba0    00000010                                 : Memory.oem4f (.text:xdc_runtime_Memory_free__E)
                  00004bb0    00000010                                 : SysMin.oem4f (.text:xdc_runtime_SysMin_ready__E)
                  00004bc0    00000010                                 : System.oem4f (.text:xdc_runtime_System_vsnprintf__E)
                  00004bd0    00000010     semaphores_pem4f.oem4f (.text:xdc_runtime_Text_visitRope__I)
                  00004be0    0000000e     driverlib.lib : gpio.obj (.text:GPIOIntStatus)
                  00004bee    0000000e     rtsv7M4_T_le_v4SPD16_eabi.lib : copy_decompress_none.c.obj (.text:decompress:none:__TI_decompress_none)
                  00004bfc    00000004     --HOLE-- [fill = 0]
                  00004c00    0000000e     sysbios.aem4f : BIOS.obj (.text:ti_sysbios_knl_Idle_loop__E)
                  00004c0e    00000002     --HOLE-- [fill = 0]
                  00004c10    0000000e                   : BIOS.obj (.text:ti_sysbios_knl_Queue_empty__E)
                  00004c1e    00000002     --HOLE-- [fill = 0]
                  00004c20    0000000c     semaphores_pem4f.oem4f (.text:.bootCodeSection:ti_catalog_arm_cortexm4_tiva_ce_Boot_init__I)
                  00004c2c    0000000c     rtsv7M4_T_le_v4SPD16_eabi.lib : _lock.c.obj (.text:_register_lock)
                  00004c38    0000000c                                   : _lock.c.obj (.text:_register_unlock)
                  00004c44    0000000c                                   : copy_zero_init.c.obj (.text:decompress:ZI:__TI_zero_init)
                  00004c50    0000000c     sysbios.aem4f : BIOS.obj (.text:ti_sysbios_family_arm_lm4_Timer_getMaxTicks__E)
                  00004c5c    0000000c     semaphores_pem4f.oem4f (.text:ti_sysbios_family_arm_m3_Hwi_Params__init__S)
                  00004c68    0000000c     sysbios.aem4f : BIOS.obj (.text:ti_sysbios_family_arm_m3_Hwi_disableFxn__E)
                  00004c74    00000004     --HOLE-- [fill = 0]
                  00004c78    0000000c                   : BIOS.obj (.text:ti_sysbios_family_arm_m3_TaskSupport_checkStack__E)
                  00004c84    00000004     --HOLE-- [fill = 0]
                  00004c88    0000000c                   : BIOS.obj (.text:ti_sysbios_gates_GateHwi_enter__E)
                  00004c94    0000000c     semaphores_pem4f.oem4f (.text:ti_sysbios_knl_Queue_Object__get__S)
                  00004ca0    0000000c     ti.targets.arm.rtsarm.aem4f : Error.oem4f (.text:xdc_runtime_Error_init__E)
                  00004cac    0000000c                                 : Gate.oem4f (.text:xdc_runtime_Gate_enterSystem__E)
                  00004cb8    0000000c                                 : Memory.oem4f (.text:xdc_runtime_Memory_calloc__E)
                  00004cc4    0000000c                                 : Memory.oem4f (.text:xdc_runtime_Memory_getMaxDefaultTypeAlign__E)
                  00004cd0    0000000a     semaphores_pem4f.oem4f (.text:xdc_runtime_IHeap_alloc)
                  00004cda    0000000a     semaphores_pem4f.oem4f (.text:xdc_runtime_IHeap_free)
                  00004ce4    00000008     sysbios.aem4f : BIOS.obj (.text:ti_sysbios_family_arm_lm4_Timer_masterDisable__I)
                  00004cec    00000004     --HOLE-- [fill = 0]
                  00004cf0    00000008                   : BIOS.obj (.text:ti_sysbios_family_arm_m3_Hwi_doSwiRestore__I)
                  00004cf8    00000008                   : BIOS.obj (.text:ti_sysbios_family_arm_m3_Hwi_startup__E)
                  00004d00    00000006     driverlib.lib : gpio.obj (.text:GPIOPinRead)
                  00004d06    00000006                   : gpio.obj (.text:GPIOPinWrite)
                  00004d0c    00000006     Boot.aem4f : Boot_sysctl.oem4f (.text:ti_catalog_arm_cortexm4_tiva_ce_Boot_sysCtlDelayI__I)
                  00004d12    00000006     ti.targets.arm.rtsarm.aem4f : System.oem4f (.text:xdc_runtime_System_Module_startup__E)
                  00004d18    00000006     sysbios.aem4f : BIOS.obj (.text:ti_sysbios_family_arm_m3_Hwi_doTaskRestore__I)
                  00004d1e    00000002     --HOLE-- [fill = 0]
                  00004d20    00000006                   : BIOS.obj (.text:ti_sysbios_family_arm_m3_Hwi_restoreFxn__E)
                  00004d26    00000002     --HOLE-- [fill = 0]
                  00004d28    00000006                   : BIOS.obj (.text:ti_sysbios_gates_GateHwi_leave__E)
                  00004d2e    00000002     --HOLE-- [fill = 0]
                  00004d30    00000006                   : BIOS.obj (.text:ti_sysbios_heaps_HeapMem_isBlocking__E)
                  00004d36    00000002     --HOLE-- [fill = 0]
                  00004d38    00000006                   : BIOS.obj (.text:ti_sysbios_knl_Queue_Instance_init__E)
                  00004d3e    00000002     --HOLE-- [fill = 0]
                  00004d40    00000006                   : BIOS.obj (.text:ti_sysbios_knl_Swi_startup__E)
                  00004d46    00000002     --HOLE-- [fill = 0]
                  00004d48    00000004                   : BIOS.obj (.text:ti_sysbios_gates_GateHwi_query__E)
                  00004d4c    00000004     --HOLE-- [fill = 0]
                  00004d50    00000004                   : BIOS.obj (.text:ti_sysbios_gates_GateMutex_query__E)
                  00004d54    00000004     --HOLE-- [fill = 0]
                  00004d58    00000004                   : BIOS.obj (.text:ti_sysbios_knl_Task_startup__E)
                  00004d5c    00000004     --HOLE-- [fill = 0]
                  00004d60    00000002                   : BIOS.obj (.text:ti_sysbios_gates_GateHwi_Instance_init__E)
                  00004d62    00000006     --HOLE-- [fill = 0]
                  00004d68    00000002                   : BIOS.obj (.text:ti_sysbios_knl_Clock_logTick__E)

.const     0    00004d6c    00001e2a     
                  00004d6c    0000187d     semaphores_pem4f.oem4f (.const:xdc_runtime_Text_charTab__A)
                  000065e9    00000001     semaphores_pem4f.oem4f (.const:xdc_runtime_Error_policy__C)
                  000065ea    000000bc     semaphores_pem4f.oem4f (.const:xdc_runtime_Text_nodeTab__A)
                  000066a6    00000054     drivers_tivaware.aem4f : GPIOTiva.oem4f (.const:.string)
                  000066fa    00000002     semaphores_pem4f.oem4f (.const:ti_catalog_arm_cortexm4_tiva_ce_Boot_Module__id__C)
                  000066fc    00000048     semaphores_pem4f.oem4f (.const:.string)
                  00006744    00000048     drivers_tivaware.aem4f : GPIOTiva.oem4f (.const:gpioBaseAddresses)
                  0000678c    00000030     semaphores_pem4f.oem4f (.const:ti_sysbios_family_arm_m3_Hwi_Object__PARAMS__C)
                  000067bc    00000028     semaphores_pem4f.oem4f (.const:ti_sysbios_heaps_HeapMem_Module__FXNS__C)
                  000067e4    00000024     semaphores_pem4f.oem4f (.const:ti_sysbios_gates_GateHwi_Module__FXNS__C)
                  00006808    00000024     semaphores_pem4f.oem4f (.const:ti_sysbios_gates_GateMutex_Module__FXNS__C)
                  0000682c    00000024     semaphores_pem4f.oem4f (.const:ti_sysbios_heaps_HeapMem_Object__PARAMS__C)
                  00006850    00000024     semaphores_pem4f.oem4f (.const:ti_sysbios_knl_Semaphore_Object__PARAMS__C)
                  00006874    00000020     semaphores_pem4f.oem4f (.const:ti_sysbios_family_arm_m3_Hwi_Object__DESC__C)
                  00006894    00000020     semaphores_pem4f.oem4f (.const:ti_sysbios_gates_GateHwi_Object__DESC__C)
                  000068b4    00000020     semaphores_pem4f.oem4f (.const:ti_sysbios_gates_GateMutex_Object__DESC__C)
                  000068d4    00000020     semaphores_pem4f.oem4f (.const:ti_sysbios_heaps_HeapMem_Object__DESC__C)
                  000068f4    00000020     semaphores_pem4f.oem4f (.const:ti_sysbios_knl_Queue_Object__DESC__C)
                  00006914    00000020     semaphores_pem4f.oem4f (.const:ti_sysbios_knl_Semaphore_Object__DESC__C)
                  00006934    00000020     semaphores_pem4f.oem4f (.const:xdc_runtime_Startup_sfxnTab__A)
                  00006954    00000018     semaphores_pem4f.oem4f (.const:ti_sysbios_gates_GateHwi_Object__PARAMS__C)
                  0000696c    00000018     semaphores_pem4f.oem4f (.const:ti_sysbios_gates_GateMutex_Object__PARAMS__C)
                  00006984    00000018     semaphores_pem4f.oem4f (.const:ti_sysbios_knl_Queue_Object__PARAMS__C)
                  0000699c    00000014     EK_TM4C123GXL.obj (.const:GPIOTiva_config)
                  000069b0    00000014     semaphores_pem4f.oem4f (.const:xdc_runtime_Startup_firstFxns__A)
                  000069c4    00000010     semaphores_pem4f.oem4f (.const)
                  000069d4    00000010     semaphores_pem4f.oem4f (.const:xdc_runtime_Startup_sfxnRts__A)
                  000069e4    00000008     semaphores_pem4f.oem4f (.const:ti_sysbios_family_arm_m3_Hwi_excHookFuncs__A)
                  000069ec    00000008     semaphores_pem4f.oem4f (.const:ti_sysbios_knl_Idle_funcList__C)
                  000069f4    00000008     semaphores_pem4f.oem4f (.const:xdc_runtime_Startup_firstFxns__C)
                  000069fc    00000008     semaphores_pem4f.oem4f (.const:xdc_runtime_Startup_lastFxns__C)
                  00006a04    00000004     semaphores_pem4f.oem4f (.const:ti_catalog_arm_cortexm4_tiva_ce_Boot_A_mustUseEnhancedClockMode__C)
                  00006a08    00000004     semaphores_pem4f.oem4f (.const:ti_catalog_arm_cortexm4_tiva_ce_Boot_Module__diagsEnabled__C)
                  00006a0c    00000004     semaphores_pem4f.oem4f (.const:ti_catalog_arm_cortexm4_tiva_ce_Boot_Module__diagsIncluded__C)
                  00006a10    00000004     semaphores_pem4f.oem4f (.const:ti_catalog_arm_cortexm4_tiva_ce_Boot_Module__diagsMask__C)
                  00006a14    00000004     semaphores_pem4f.oem4f (.const:ti_sysbios_family_arm_lm4_Timer_enableFunc__C)
                  00006a18    00000004     semaphores_pem4f.oem4f (.const:ti_sysbios_family_arm_lm4_Timer_numTimerDevices__C)
                  00006a1c    00000004     semaphores_pem4f.oem4f (.const:ti_sysbios_family_arm_lm4_Timer_startupNeeded__C)
                  00006a20    00000004     semaphores_pem4f.oem4f (.const:ti_sysbios_family_arm_m3_Hwi_E_NMI__C)
                  00006a24    00000004     semaphores_pem4f.oem4f (.const:ti_sysbios_family_arm_m3_Hwi_E_alreadyDefined__C)
                  00006a28    00000004     semaphores_pem4f.oem4f (.const:ti_sysbios_family_arm_m3_Hwi_E_busFault__C)
                  00006a2c    00000004     semaphores_pem4f.oem4f (.const:ti_sysbios_family_arm_m3_Hwi_E_debugMon__C)
                  00006a30    00000004     semaphores_pem4f.oem4f (.const:ti_sysbios_family_arm_m3_Hwi_E_hardFault__C)
                  00006a34    00000004     semaphores_pem4f.oem4f (.const:ti_sysbios_family_arm_m3_Hwi_E_memFault__C)
                  00006a38    00000004     semaphores_pem4f.oem4f (.const:ti_sysbios_family_arm_m3_Hwi_E_noIsr__C)
                  00006a3c    00000004     semaphores_pem4f.oem4f (.const:ti_sysbios_family_arm_m3_Hwi_E_reserved__C)
                  00006a40    00000004     semaphores_pem4f.oem4f (.const:ti_sysbios_family_arm_m3_Hwi_E_svCall__C)
                  00006a44    00000004     semaphores_pem4f.oem4f (.const:ti_sysbios_family_arm_m3_Hwi_E_usageFault__C)
                  00006a48    00000004     semaphores_pem4f.oem4f (.const:ti_sysbios_family_arm_m3_Hwi_NUM_INTERRUPTS__C)
                  00006a4c    00000004     semaphores_pem4f.oem4f (.const:ti_sysbios_family_arm_m3_Hwi_Object__count__C)
                  00006a50    00000004     semaphores_pem4f.oem4f (.const:ti_sysbios_family_arm_m3_Hwi_ccr__C)
                  00006a54    00000004     semaphores_pem4f.oem4f (.const:ti_sysbios_family_arm_m3_Hwi_excHandlerFunc__C)
                  00006a58    00000004     semaphores_pem4f.oem4f (.const:ti_sysbios_family_arm_m3_Hwi_excHookFuncs__C)
                  00006a5c    00000004     semaphores_pem4f.oem4f (.const:ti_sysbios_family_arm_m3_Hwi_nullIsrFunc__C)
                  00006a60    00000004     semaphores_pem4f.oem4f (.const:ti_sysbios_family_arm_m3_Hwi_priGroup__C)
                  00006a64    00000004     semaphores_pem4f.oem4f (.const:ti_sysbios_gates_GateMutex_A_badContext__C)
                  00006a68    00000004     semaphores_pem4f.oem4f (.const:ti_sysbios_gates_GateMutex_Instance_State_sem__O)
                  00006a6c    00000004     semaphores_pem4f.oem4f (.const:ti_sysbios_gates_GateMutex_Module__diagsEnabled__C)
                  00006a70    00000004     semaphores_pem4f.oem4f (.const:ti_sysbios_gates_GateMutex_Module__diagsIncluded__C)
                  00006a74    00000004     semaphores_pem4f.oem4f (.const:ti_sysbios_gates_GateMutex_Module__diagsMask__C)
                  00006a78    00000004     semaphores_pem4f.oem4f (.const:ti_sysbios_hal_Hwi_E_stackOverflow__C)
                  00006a7c    00000004     semaphores_pem4f.oem4f (.const:ti_sysbios_heaps_HeapMem_A_align__C)
                  00006a80    00000004     semaphores_pem4f.oem4f (.const:ti_sysbios_heaps_HeapMem_A_heapSize__C)
                  00006a84    00000004     semaphores_pem4f.oem4f (.const:ti_sysbios_heaps_HeapMem_A_invalidFree__C)
                  00006a88    00000004     semaphores_pem4f.oem4f (.const:ti_sysbios_heaps_HeapMem_A_zeroBlock__C)
                  00006a8c    00000004     semaphores_pem4f.oem4f (.const:ti_sysbios_heaps_HeapMem_E_memory__C)
                  00006a90    00000004     semaphores_pem4f.oem4f (.const:ti_sysbios_heaps_HeapMem_Module__diagsEnabled__C)
                  00006a94    00000004     semaphores_pem4f.oem4f (.const:ti_sysbios_heaps_HeapMem_Module__diagsIncluded__C)
                  00006a98    00000004     semaphores_pem4f.oem4f (.const:ti_sysbios_heaps_HeapMem_Module__diagsMask__C)
                  00006a9c    00000004     semaphores_pem4f.oem4f (.const:ti_sysbios_heaps_HeapMem_Module__gateObj__C)
                  00006aa0    00000004     semaphores_pem4f.oem4f (.const:ti_sysbios_heaps_HeapMem_Object__count__C)
                  00006aa4    00000004     semaphores_pem4f.oem4f (.const:ti_sysbios_heaps_HeapMem_reqAlign__C)
                  00006aa8    00000004     semaphores_pem4f.oem4f (.const:ti_sysbios_knl_Clock_Module_State_clockQ__O)
                  00006aac    00000004     semaphores_pem4f.oem4f (.const:ti_sysbios_knl_Idle_funcList__A)
                  00006ab0    00000004     semaphores_pem4f.oem4f (.const:ti_sysbios_knl_Semaphore_A_badContext__C)
                  00006ab4    00000004     semaphores_pem4f.oem4f (.const:ti_sysbios_knl_Semaphore_A_noEvents__C)
                  00006ab8    00000004     semaphores_pem4f.oem4f (.const:ti_sysbios_knl_Semaphore_A_overflow__C)
                  00006abc    00000004     semaphores_pem4f.oem4f (.const:ti_sysbios_knl_Semaphore_A_pendTaskDisabled__C)
                  00006ac0    00000004     semaphores_pem4f.oem4f (.const:ti_sysbios_knl_Semaphore_Instance_State_pendQ__O)
                  00006ac4    00000004     semaphores_pem4f.oem4f (.const:ti_sysbios_knl_Semaphore_Module__diagsEnabled__C)
                  00006ac8    00000004     semaphores_pem4f.oem4f (.const:ti_sysbios_knl_Semaphore_Module__diagsIncluded__C)
                  00006acc    00000004     semaphores_pem4f.oem4f (.const:ti_sysbios_knl_Semaphore_Module__diagsMask__C)
                  00006ad0    00000004     semaphores_pem4f.oem4f (.const:ti_sysbios_knl_Swi_Object__count__C)
                  00006ad4    00000004     semaphores_pem4f.oem4f (.const:ti_sysbios_knl_Task_E_spOutOfBounds__C)
                  00006ad8    00000004     semaphores_pem4f.oem4f (.const:ti_sysbios_knl_Task_E_stackOverflow__C)
                  00006adc    00000004     semaphores_pem4f.oem4f (.const:ti_sysbios_knl_Task_Module_State_inactiveQ__O)
                  00006ae0    00000004     semaphores_pem4f.oem4f (.const:ti_sysbios_knl_Task_Object__count__C)
                  00006ae4    00000004     semaphores_pem4f.oem4f (.const:ti_sysbios_knl_Task_allBlockedFunc__C)
                  00006ae8    00000004     semaphores_pem4f.oem4f (.const:ti_sysbios_knl_Task_numConstructedTasks__C)
                  00006aec    00000004     semaphores_pem4f.oem4f (.const:xdc_runtime_Assert_E_assertFailed__C)
                  00006af0    00000004     semaphores_pem4f.oem4f (.const:xdc_runtime_Core_A_initializedParams__C)
                  00006af4    00000004     semaphores_pem4f.oem4f (.const:xdc_runtime_Core_Module__diagsEnabled__C)
                  00006af8    00000004     semaphores_pem4f.oem4f (.const:xdc_runtime_Core_Module__diagsIncluded__C)
                  00006afc    00000004     semaphores_pem4f.oem4f (.const:xdc_runtime_Core_Module__diagsMask__C)
                  00006b00    00000004     semaphores_pem4f.oem4f (.const:xdc_runtime_Error_E_memory__C)
                  00006b04    00000004     semaphores_pem4f.oem4f (.const:xdc_runtime_Error_Module__diagsEnabled__C)
                  00006b08    00000004     semaphores_pem4f.oem4f (.const:xdc_runtime_Error_Module__diagsIncluded__C)
                  00006b0c    00000004     semaphores_pem4f.oem4f (.const:xdc_runtime_Error_Module__diagsMask__C)
                  00006b10    00000004     semaphores_pem4f.oem4f (.const:xdc_runtime_Error_Module__loggerFxn8__C)
                  00006b14    00000004     semaphores_pem4f.oem4f (.const:xdc_runtime_Error_Module__loggerObj__C)
                  00006b18    00000004     semaphores_pem4f.oem4f (.const:xdc_runtime_Error_policyFxn__C)
                  00006b1c    00000004     semaphores_pem4f.oem4f (.const:xdc_runtime_Error_raiseHook__C)
                  00006b20    00000004     semaphores_pem4f.oem4f (.const:xdc_runtime_IGateProvider_Interface__BASE__C)
                  00006b24    00000004     semaphores_pem4f.oem4f (.const:xdc_runtime_IHeap_Interface__BASE__C)
                  00006b28    00000004     semaphores_pem4f.oem4f (.const:xdc_runtime_IModule_Interface__BASE__C)
                  00006b2c    00000004     semaphores_pem4f.oem4f (.const:xdc_runtime_Log_L_error__C)
                  00006b30    00000004     semaphores_pem4f.oem4f (.const:xdc_runtime_Memory_defaultHeapInstance__C)
                  00006b34    00000004     semaphores_pem4f.oem4f (.const:xdc_runtime_Startup_execImpl__C)
                  00006b38    00000004     semaphores_pem4f.oem4f (.const:xdc_runtime_Startup_maxPasses__C)
                  00006b3c    00000004     semaphores_pem4f.oem4f (.const:xdc_runtime_Startup_sfxnRts__C)
                  00006b40    00000004     semaphores_pem4f.oem4f (.const:xdc_runtime_Startup_sfxnTab__C)
                  00006b44    00000004     semaphores_pem4f.oem4f (.const:xdc_runtime_SysMin_bufSize__C)
                  00006b48    00000004     semaphores_pem4f.oem4f (.const:xdc_runtime_SysMin_outputFunc__C)
                  00006b4c    00000004     semaphores_pem4f.oem4f (.const:xdc_runtime_System_Module__gateObj__C)
                  00006b50    00000004     semaphores_pem4f.oem4f (.const:xdc_runtime_System_abortFxn__C)
                  00006b54    00000004     semaphores_pem4f.oem4f (.const:xdc_runtime_System_exitFxn__C)
                  00006b58    00000004     semaphores_pem4f.oem4f (.const:xdc_runtime_System_extendFxn__C)
                  00006b5c    00000004     semaphores_pem4f.oem4f (.const:xdc_runtime_System_maxAtexitHandlers__C)
                  00006b60    00000004     semaphores_pem4f.oem4f (.const:xdc_runtime_Text_charTab__C)
                  00006b64    00000004     semaphores_pem4f.oem4f (.const:xdc_runtime_Text_nameEmpty__C)
                  00006b68    00000004     semaphores_pem4f.oem4f (.const:xdc_runtime_Text_nameStatic__C)
                  00006b6c    00000004     semaphores_pem4f.oem4f (.const:xdc_runtime_Text_nameUnknown__C)
                  00006b70    00000004     semaphores_pem4f.oem4f (.const:xdc_runtime_Text_nodeTab__C)
                  00006b74    00000004     semaphores_pem4f.oem4f (.const:xdc_runtime_Text_visitRopeFxn__C)
                  00006b78    00000002     semaphores_pem4f.oem4f (.const:ti_sysbios_family_arm_m3_Hwi_Module__id__C)
                  00006b7a    00000002     semaphores_pem4f.oem4f (.const:ti_sysbios_gates_GateMutex_Module__id__C)
                  00006b7c    00000002     semaphores_pem4f.oem4f (.const:ti_sysbios_hal_Hwi_Module__id__C)
                  00006b7e    00000002     semaphores_pem4f.oem4f (.const:ti_sysbios_heaps_HeapMem_Module__id__C)
                  00006b80    00000002     semaphores_pem4f.oem4f (.const:ti_sysbios_knl_Semaphore_Module__id__C)
                  00006b82    00000002     semaphores_pem4f.oem4f (.const:ti_sysbios_knl_Task_Module__id__C)
                  00006b84    00000002     semaphores_pem4f.oem4f (.const:xdc_runtime_Core_Module__id__C)
                  00006b86    00000002     semaphores_pem4f.oem4f (.const:xdc_runtime_Error_Module__loggerDefined__C)
                  00006b88    00000002     semaphores_pem4f.oem4f (.const:xdc_runtime_Error_maxDepth__C)
                  00006b8a    00000002     semaphores_pem4f.oem4f (.const:xdc_runtime_Memory_Module__id__C)
                  00006b8c    00000002     semaphores_pem4f.oem4f (.const:xdc_runtime_SysMin_flushAtExit__C)
                  00006b8e    00000002     semaphores_pem4f.oem4f (.const:xdc_runtime_Text_charCnt__C)
                  00006b90    00000002     semaphores_pem4f.oem4f (.const:xdc_runtime_Text_isLoaded__C)
                  00006b92    00000002     semaphores_pem4f.oem4f (.const:xdc_runtime_Text_registryModsLastId__C)
                  00006b94    00000002     semaphores_pem4f.oem4f (.const:xdc_runtime_Text_unnamedModsLastId__C)

.cinit     0    00006b98    00000230     
                  00006b98    000001f9     (.cinit..data.load) [load image, compression = lzss]
                  00006d91    00000003     --HOLE-- [fill = 0]
                  00006d94    0000000c     (__TI_handler_table)
                  00006da0    00000008     (.cinit..bss.load) [load image, compression = zero_init]
                  00006da8    00000008     (.cinit..vecs.load) [load image, compression = zero_init]
                  00006db0    00000018     (__TI_cinit_table)

.init_array 
*          0    00000000    00000000     UNINITIALIZED

.resetVecs 
*          0    00000000    0000003c     
                  00000000    0000003c     semaphores_pem4f.oem4f (.resetVecs)

.bss       0    20000360    00000f9c     UNINITIALIZED
                  20000360    00000600     semaphores_pem4f.oem4f (.bss:taskStackSection)
                  20000960    00000400     (.common:ti_sysbios_heaps_HeapMem_Instance_State_0_buf__A)
                  20000d60    00000360     (.common:ti_sysbios_family_arm_m3_Hwi_dispatchTable)
                  200010c0    00000120     rtsv7M4_T_le_v4SPD16_eabi.lib : trgmsg.c.obj (.bss:_CIOBUF_)
                  200011e0    00000090     drivers_tivaware.aem4f : GPIOTiva.oem4f (.bss:gpioCallbackInfo)
                  20001270    00000080     (.common:xdc_runtime_SysMin_Module_State_0_outbuf__A)
                  200012f0    00000008     (.common:parmbuf)
                  200012f8    00000004     (.common:gpioInterruptVectors)

.data      0    200012fc    000004be     UNINITIALIZED
                  200012fc    000000e4     semaphores_pem4f.oem4f (.data:ti_sysbios_knl_Task_Object__table__V)
                  200013e0    00000080     semaphores_pem4f.oem4f (.data:ti_sysbios_knl_Swi_Module_State_0_readyQ__A)
                  20001460    00000080     semaphores_pem4f.oem4f (.data:ti_sysbios_knl_Task_Module_State_0_readyQ__A)
                  200014e0    00000044     semaphores_pem4f.oem4f (.data:ti_sysbios_knl_Task_Module__state__V)
                  20001524    00000040     semaphores_pem4f.oem4f (.data:ti_sysbios_family_arm_lm4_Timer_Object__table__V)
                  20001564    00000038     semaphores_pem4f.oem4f (.data:ti_sysbios_gates_GateMutex_Object__table__V)
                  2000159c    00000034     semaphores_pem4f.oem4f (.data:ti_sysbios_family_arm_m3_Hwi_Module__state__V)
                  200015d0    00000030     semaphores_pem4f.oem4f (.data:ti_sysbios_family_arm_lm4_Timer_Module_State_0_device__A)
                  20001600    00000030     semaphores_pem4f.oem4f (.data:ti_sysbios_knl_Swi_Object__table__V)
                  20001630    0000002c     semaphores_pem4f.oem4f (.data:ti_sysbios_knl_Clock_Module__state__V)
                  2000165c    00000028     semaphores_pem4f.oem4f (.data:ti_sysbios_knl_Semaphore_Object__table__V)
                  20001684    00000024     semaphores_pem4f.oem4f (.data:ti_sysbios_BIOS_Module__state__V)
                  200016a8    0000001c     semaphores_pem4f.oem4f (.data:ti_sysbios_knl_Swi_Module__state__V)
                  200016c4    00000018     semaphores_pem4f.oem4f (.data:ti_sysbios_family_arm_lm4_Timer_Module_State_0_handles__A)
                  200016dc    00000018     semaphores_pem4f.oem4f (.data:ti_sysbios_family_arm_m3_Hwi_Object__table__V)
                  200016f4    00000018     semaphores_pem4f.oem4f (.data:ti_sysbios_heaps_HeapMem_Object__table__V)
                  2000170c    00000014     EK_TM4C123GXL.obj (.data:gpioPinConfigs)
                  20001720    0000000c     semaphores_pem4f.oem4f (.data:ti_sysbios_family_arm_lm4_Timer_Module__state__V)
                  2000172c    0000000c     semaphores_pem4f.oem4f (.data:xdc_runtime_SysMin_Module__state__V)
                  20001738    00000008     rtsv7M4_T_le_v4SPD16_eabi.lib : _lock.c.obj (.data:$O1$$)
                  20001740    00000008     EK_TM4C123GXL.obj (.data:gpioCallbackFunctions)
                  20001748    00000008     semaphores_pem4f.oem4f (.data:ti_sysbios_family_arm_m3_Hwi_Module__root__V)
                  20001750    00000008     semaphores_pem4f.oem4f (.data:ti_sysbios_gates_GateHwi_Module__root__V)
                  20001758    00000008     semaphores_pem4f.oem4f (.data:ti_sysbios_gates_GateMutex_Module__root__V)
                  20001760    00000008     semaphores_pem4f.oem4f (.data:ti_sysbios_heaps_HeapMem_Module__root__V)
                  20001768    00000008     semaphores_pem4f.oem4f (.data:ti_sysbios_knl_Queue_Module__root__V)
                  20001770    00000008     semaphores_pem4f.oem4f (.data:ti_sysbios_knl_Semaphore_Module__root__V)
                  20001778    00000008     semaphores_pem4f.oem4f (.data:xdc_runtime_Registry_Module__state__V)
                  20001780    00000008     semaphores_pem4f.oem4f (.data:xdc_runtime_Startup_Module__state__V)
                  20001788    00000008     semaphores_pem4f.oem4f (.data:xdc_runtime_System_Module_State_0_atexitHandlers__A)
                  20001790    00000008     semaphores_pem4f.oem4f (.data:xdc_runtime_System_Module__state__V)
                  20001798    00000005     drivers_tivaware.aem4f : GPIOTiva.oem4f (.data)
                  2000179d    00000001     --HOLE--
                  2000179e    00000002     semaphores_pem4f.oem4f (.data:ti_sysbios_family_arm_m3_Hwi_Module_State_0_excActive__A)
                  200017a0    00000004     rtsv7M4_T_le_v4SPD16_eabi.lib : stkdepth_vars.c.obj (.data)
                  200017a4    00000004     semaphores_pem4f.oem4f (.data:ti_sysbios_family_arm_m3_Hwi_Module_State_0_excContext__A)
                  200017a8    00000004     semaphores_pem4f.oem4f (.data:ti_sysbios_family_arm_m3_Hwi_Module_State_0_excStack__A)
                  200017ac    00000004     semaphores_pem4f.oem4f (.data:ti_sysbios_gates_GateHwi_Object__table__V)
                  200017b0    00000004     semaphores_pem4f.oem4f (.data:ti_sysbios_knl_Task_Module_State_0_idleTask__A)
                  200017b4    00000004     semaphores_pem4f.oem4f (.data:xdc_runtime_Memory_Module__state__V)
                  200017b8    00000002     semaphores_pem4f.oem4f (.data:xdc_runtime_Error_Module__state__V)

.stack     0    200017c0    00000300     UNINITIALIZED
                  200017c0    00000300     --HOLE--

.bootVecs 
*          0    00000000    00000008     DSECT
                  00000000    00000008     boot.aem4f : boot.oem4f (.bootVecs)

.vecs      0    20000000    00000360     UNINITIALIZED
                  20000000    00000360     semaphores_pem4f.oem4f (.vecs)

xdc.meta   0    00000000    000000f6     COPY SECTION
                  00000000    000000f6     semaphores_pem4f.oem4f (xdc.meta)

MODULE SUMMARY

       Module                       code    ro data   rw data
       ------                       ----    -------   -------
    .\
       EK_TM4C123GXL.obj            112     20        28     
       semaphores.obj               134     0         0      
    +--+----------------------------+-------+---------+---------+
       Total:                       246     20        28     
                                                             
    C:\Github_Repo\ARM_TI_TM4C123G_RTOS\workspace\semaphores\Debug\configPkg\package\cfg\
       semaphores_pem4f.oem4f       1558    7606      5584   
    +--+----------------------------+-------+---------+---------+
       Total:                       1558    7606      5584   
                                                             
    C:/ti/tirtos_tivac_2_16_00_08/products/TivaWare_C_Series-2.1.1.71b/driverlib/ccs/Debug/driverlib.lib
       gpio.obj                     482     0         0      
       sysctl.obj                   52      0         0      
    +--+----------------------------+-------+---------+---------+
       Total:                       534     0         0      
                                                             
    C:/ti/tirtos_tivac_2_16_00_08/products/tidrivers_tivac_2_16_00_08/packages/ti/drivers/lib/drivers_tivaware.aem4f
       GPIOTiva.oem4f               764     156       153    
    +--+----------------------------+-------+---------+---------+
       Total:                       764     156       153    
                                                             
    C:\Github_Repo\ARM_TI_TM4C123G_RTOS\workspace\semaphores\src\sysbios\sysbios.aem4f
       BIOS.obj                     10378   0         0      
       m3_Hwi_asm.obj               314     0         0      
       m3_TaskSupport_asm.obj       180     0         0      
       m3_Hwi_asm_switch.obj        118     0         0      
    +--+----------------------------+-------+---------+---------+
       Total:                       10990   0         0      
                                                             
    C:\ti\ccs920\ccs\tools\compiler\ti-cgt-arm_18.12.4.LTS\lib\rtsv7M4_T_le_v4SPD16_eabi.lib
       trgmsg.c.obj                 108     0         288    
       memcpy_t2.asm.obj            156     0         0      
       memset_t2.asm.obj            122     0         0      
       copy_decompress_lzss.c.obj   104     0         0      
       hostwrite.c.obj              88      0         0      
       cpy_tbl.c.obj                76      0         0      
       u_divt2.asm.obj              64      0         0      
       _lock.c.obj                  26      0         8      
       args_main.c.obj              24      0         0      
       strlen.c.obj                 20      0         0      
       copy_decompress_none.c.obj   14      0         0      
       copy_zero_init.c.obj         12      0         0      
       hostopen.c.obj               0       0         8      
       exit.c.obj                   4       0         0      
       stkdepth_vars.c.obj          0       0         4      
       div0.asm.obj                 2       0         0      
    +--+----------------------------+-------+---------+---------+
       Total:                       820     0         308    
                                                             
    C:\ti\tirtos_tivac_2_16_00_08\products\bios_6_45_01_29\packages\ti\catalog\arm\cortexm4\tiva\ce\lib\Boot.aem4f
       Boot_sysctl.oem4f            262     0         0      
       Boot.oem4f                   152     0         0      
    +--+----------------------------+-------+---------+---------+
       Total:                       414     0         0      
                                                             
    C:\ti\tirtos_tivac_2_16_00_08\products\bios_6_45_01_29\packages\ti\targets\arm\rtsarm\lib\auto_init.aem4f
       auto_init.oem4f              160     0         0      
    +--+----------------------------+-------+---------+---------+
       Total:                       160     0         0      
                                                             
    C:\ti\tirtos_tivac_2_16_00_08\products\bios_6_45_01_29\packages\ti\targets\arm\rtsarm\lib\boot.aem4f
       boot.oem4f                   88      0         0      
    +--+----------------------------+-------+---------+---------+
       Total:                       88      0         0      
                                                             
    C:\ti\tirtos_tivac_2_16_00_08\products\bios_6_45_01_29\packages\ti\targets\arm\rtsarm\lib\ti.targets.arm.rtsarm.aem4f
       System.oem4f                 1255    0         0      
       Text.oem4f                   672     0         0      
       Error.oem4f                  524     0         0      
       Core-mem.oem4f               358     0         0      
       Startup.oem4f                328     0         0      
       SysMin.oem4f                 248     0         0      
       Core-smem.oem4f              204     0         0      
       Memory.oem4f                 176     0         0      
       Assert.oem4f                 84      0         0      
       Core-params.oem4f            70      0         0      
       Core-label.oem4f             52      0         0      
       Registry.oem4f               32      0         0      
       Gate.oem4f                   28      0         0      
    +--+----------------------------+-------+---------+---------+
       Total:                       4031    0         0      
                                                             
       Stack:                       0       0         768    
       Linker Generated:            0       557       0      
    +--+----------------------------+-------+---------+---------+
       Grand Total:                 19605   8339      6841   


LINKER GENERATED COPY TABLES

__TI_cinit_table @ 00006db0 records: 3, size/record: 8, table size: 24
	.data: load addr=00006b98, load size=000001f9 bytes, run addr=200012fc, run size=000004be bytes, compression=lzss
	.bss: load addr=00006da0, load size=00000008 bytes, run addr=20000360, run size=00000f9c bytes, compression=zero_init
	.vecs: load addr=00006da8, load size=00000008 bytes, run addr=20000000, run size=00000360 bytes, compression=zero_init


LINKER GENERATED HANDLER TABLE

__TI_handler_table @ 00006d94 records: 3, size/record: 4, table size: 12
	index: 0, handler: __TI_decompress_lzss
	index: 1, handler: __TI_decompress_none
	index: 2, handler: __TI_zero_init


GLOBAL SYMBOLS: SORTED ALPHABETICALLY BY Name 

address   name                                                              
-------   ----                                                              
000007bd  C$$EXIT                                                           
00003e7b  C$$IO$$                                                           
0000414d  EK_TM4C123GXL_initGPIO                                            
00003c91  EK_TM4C123GXL_initGeneral                                         
00004441  GPIODirModeSet                                                    
000047d3  GPIOIntClear                                                      
00004be1  GPIOIntStatus                                                     
00003699  GPIOIntTypeSet                                                    
00001935  GPIOPadConfigSet                                                  
00004d01  GPIOPinRead                                                       
00004ac5  GPIOPinTypeGPIOInput                                              
00004d07  GPIOPinWrite                                                      
0000699c  GPIOTiva_config                                                   
00003165  GPIO_hwiIntFxn                                                    
00002be5  GPIO_init                                                         
00003745  GPIO_setCallback                                                  
00001425  GPIO_setConfig                                                    
00003795  GPIO_toggle                                                       
000035e9  HOSTwrite                                                         
UNDEFED   SHT$$INIT_ARRAY$$Base                                             
UNDEFED   SHT$$INIT_ARRAY$$Limit                                            
00003fa1  SysCtlPeripheralEnable                                            
00000000  __ASM__                                                           
200010c0  __CIOBUF_                                                         
00000074  __ISA__                                                           
00000087  __PLAT__                                                          
20001ac0  __STACK_END                                                       
00000300  __STACK_SIZE                                                      
000000a8  __TARG__                                                          
00006db0  __TI_CINIT_Base                                                   
00006dc8  __TI_CINIT_Limit                                                  
00006d94  __TI_Handler_Table_Base                                           
00006da0  __TI_Handler_Table_Limit                                          
00002709  __TI_auto_init                                                    
00003095  __TI_decompress_lzss                                              
00004bef  __TI_decompress_none                                              
ffffffff  __TI_pprof_out_hndl                                               
ffffffff  __TI_prof_data_size                                               
ffffffff  __TI_prof_data_start                                              
00003fd5  __TI_readmsg                                                      
00006b98  __TI_static_base__                                                
00003e4d  __TI_writemsg                                                     
00004c45  __TI_zero_init                                                    
000000ce  __TRDR__                                                          
00002dff  __aeabi_idiv0                                                     
00002dff  __aeabi_ldiv0                                                     
00002d85  __aeabi_memclr                                                    
00002d85  __aeabi_memclr4                                                   
00002d85  __aeabi_memclr8                                                   
00002849  __aeabi_memcpy                                                    
00002849  __aeabi_memcpy4                                                   
00002849  __aeabi_memcpy8                                                   
00002d87  __aeabi_memset                                                    
00002d87  __aeabi_memset4                                                   
00002d87  __aeabi_memset8                                                   
00003cd1  __aeabi_uidiv                                                     
00003cd1  __aeabi_uidivmod                                                  
ffffffff  __binit__                                                         
ffffffff  __c_args__                                                        
200017c0  __stack                                                           
0000496d  _args_main                                                        
00003591  _c_int00                                                          
20001738  _lock                                                             
00002a1f  _nop                                                              
00004c2d  _register_lock                                                    
00004c39  _register_unlock                                                  
2000173c  _unlock                                                           
000007bd  abort                                                             
ffffffff  binit                                                             
000038d9  copy_in                                                           
20001740  gpioCallbackFunctions                                             
2000170c  gpioPinConfigs                                                    
00003e85  greenController                                                   
000069d0  greenSem                                                          
00004ad7  main                                                              
200017a0  main_func_sp                                                      
00002849  memcpy                                                            
00002d8d  memset                                                            
00004b81  osi_TaskDisable                                                   
00004b21  osi_start                                                         
200012f0  parmbuf                                                           
00003d51  redController                                                     
000069cc  redSem                                                            
00004a5f  strlen                                                            
000069c4  task0                                                             
000069c8  task1                                                             
00006a04  ti_catalog_arm_cortexm4_tiva_ce_Boot_A_mustUseEnhancedClockMode__C
00006a08  ti_catalog_arm_cortexm4_tiva_ce_Boot_Module__diagsEnabled__C      
00006a0c  ti_catalog_arm_cortexm4_tiva_ce_Boot_Module__diagsIncluded__C     
00006a10  ti_catalog_arm_cortexm4_tiva_ce_Boot_Module__diagsMask__C         
000066fa  ti_catalog_arm_cortexm4_tiva_ce_Boot_Module__id__C                
00004c21  ti_catalog_arm_cortexm4_tiva_ce_Boot_init__I                      
00001b7d  ti_catalog_arm_cortexm4_tiva_ce_Boot_sysCtlClockSetI__I           
00002a21  ti_catalog_arm_cortexm4_tiva_ce_Boot_sysCtlClockSet__E            
00004d0d  ti_catalog_arm_cortexm4_tiva_ce_Boot_sysCtlDelayI__I              
20001684  ti_sysbios_BIOS_Module__state__V                                  
000048d1  ti_sysbios_BIOS_RtsGateProxy_Handle__label__S                     
0000459d  ti_sysbios_BIOS_RtsGateProxy_Object__delete__S                    
00000cfd  ti_sysbios_BIOS_RtsGateProxy_enter__E                             
00001145  ti_sysbios_BIOS_RtsGateProxy_leave__E                             
00004d51  ti_sysbios_BIOS_RtsGateProxy_query__E                             
0000417d  ti_sysbios_BIOS_atExitFunc__I                                     
0000450d  ti_sysbios_BIOS_errorRaiseHook__I                                 
00004a49  ti_sysbios_BIOS_exitFunc__I                                       
00002f4f  ti_sysbios_BIOS_nullFunc__I                                       
00004531  ti_sysbios_BIOS_registerRTSLock__I                                
00004555  ti_sysbios_BIOS_removeRTSLock__I                                  
00004675  ti_sysbios_BIOS_rtsLock__I                                        
00004985  ti_sysbios_BIOS_rtsUnlock__I                                      
00004b11  ti_sysbios_BIOS_setThreadType__E                                  
00004579  ti_sysbios_BIOS_startFunc__I                                      
00004b21  ti_sysbios_BIOS_start__E                                          
200015d0  ti_sysbios_family_arm_lm4_Timer_Module_State_0_device__A          
200016c4  ti_sysbios_family_arm_lm4_Timer_Module_State_0_handles__A         
0000499d  ti_sysbios_family_arm_lm4_Timer_Module__startupDone__F            
0000499d  ti_sysbios_family_arm_lm4_Timer_Module__startupDone__S            
20001720  ti_sysbios_family_arm_lm4_Timer_Module__state__V                  
000031c9  ti_sysbios_family_arm_lm4_Timer_Module_startup__E                 
20001524  ti_sysbios_family_arm_lm4_Timer_Object__table__V                  
00006a14  ti_sysbios_family_arm_lm4_Timer_enableFunc__C                     
000025b9  ti_sysbios_family_arm_lm4_Timer_enableTimers__I                   
00002509  ti_sysbios_family_arm_lm4_Timer_enableTiva__I                     
00004c51  ti_sysbios_family_arm_lm4_Timer_getMaxTicks__E                    
000032f9  ti_sysbios_family_arm_lm4_Timer_isrStub__E                        
00004ce5  ti_sysbios_family_arm_lm4_Timer_masterDisable__I                  
000012bd  ti_sysbios_family_arm_lm4_Timer_masterEnable__I                   
00006a18  ti_sysbios_family_arm_lm4_Timer_numTimerDevices__C                
00001801  ti_sysbios_family_arm_lm4_Timer_start__E                          
00006a1c  ti_sysbios_family_arm_lm4_Timer_startupNeeded__C                  
00003d11  ti_sysbios_family_arm_lm4_Timer_startup__E                        
000041b1  ti_sysbios_family_arm_lm4_Timer_stop__E                           
00004631  ti_sysbios_family_arm_lm4_Timer_write__I                          
00006a20  ti_sysbios_family_arm_m3_Hwi_E_NMI__C                             
00006a24  ti_sysbios_family_arm_m3_Hwi_E_alreadyDefined__C                  
00006a28  ti_sysbios_family_arm_m3_Hwi_E_busFault__C                        
00006a2c  ti_sysbios_family_arm_m3_Hwi_E_debugMon__C                        
00006a30  ti_sysbios_family_arm_m3_Hwi_E_hardFault__C                       
00006a34  ti_sysbios_family_arm_m3_Hwi_E_memFault__C                        
00006a38  ti_sysbios_family_arm_m3_Hwi_E_noIsr__C                           
00006a3c  ti_sysbios_family_arm_m3_Hwi_E_reserved__C                        
00006a40  ti_sysbios_family_arm_m3_Hwi_E_svCall__C                          
00006a44  ti_sysbios_family_arm_m3_Hwi_E_usageFault__C                      
0000489d  ti_sysbios_family_arm_m3_Hwi_Handle__label__S                     
00004009  ti_sysbios_family_arm_m3_Hwi_Instance_finalize__E                 
00002ab9  ti_sysbios_family_arm_m3_Hwi_Instance_init__E                     
2000179e  ti_sysbios_family_arm_m3_Hwi_Module_State_0_excActive__A          
200017a4  ti_sysbios_family_arm_m3_Hwi_Module_State_0_excContext__A         
200017a8  ti_sysbios_family_arm_m3_Hwi_Module_State_0_excStack__A           
00006b78  ti_sysbios_family_arm_m3_Hwi_Module__id__C                        
20001748  ti_sysbios_family_arm_m3_Hwi_Module__root__V                      
000049b5  ti_sysbios_family_arm_m3_Hwi_Module__startupDone__F               
000049b5  ti_sysbios_family_arm_m3_Hwi_Module__startupDone__S               
2000159c  ti_sysbios_family_arm_m3_Hwi_Module__state__V                     
000037e9  ti_sysbios_family_arm_m3_Hwi_Module_startup__E                    
00006a48  ti_sysbios_family_arm_m3_Hwi_NUM_INTERRUPTS__C                    
00006874  ti_sysbios_family_arm_m3_Hwi_Object__DESC__C                      
0000678c  ti_sysbios_family_arm_m3_Hwi_Object__PARAMS__C                    
00006a4c  ti_sysbios_family_arm_m3_Hwi_Object__count__C                     
00004a75  ti_sysbios_family_arm_m3_Hwi_Object__get__S                       
200016dc  ti_sysbios_family_arm_m3_Hwi_Object__table__V                     
00004c5d  ti_sysbios_family_arm_m3_Hwi_Params__init__S                      
00006a50  ti_sysbios_family_arm_m3_Hwi_ccr__C                               
0000322d  ti_sysbios_family_arm_m3_Hwi_create                               
00004c69  ti_sysbios_family_arm_m3_Hwi_disableFxn__E                        
00003a19  ti_sysbios_family_arm_m3_Hwi_disableInterrupt__E                  
00003291  ti_sysbios_family_arm_m3_Hwi_dispatchC__I                         
20000d60  ti_sysbios_family_arm_m3_Hwi_dispatchTable                        
00001f6d  ti_sysbios_family_arm_m3_Hwi_dispatch__I                          
00004cf1  ti_sysbios_family_arm_m3_Hwi_doSwiRestore__I                      
00004d19  ti_sysbios_family_arm_m3_Hwi_doTaskRestore__I                     
00003a61  ti_sysbios_family_arm_m3_Hwi_enableInterrupt__E                   
00001149  ti_sysbios_family_arm_m3_Hwi_excBusFault__I                       
00002219  ti_sysbios_family_arm_m3_Hwi_excDebugMon__I                       
00000041  ti_sysbios_family_arm_m3_Hwi_excDumpRegs__I                       
00004695  ti_sysbios_family_arm_m3_Hwi_excHandlerAsm__I                     
00006a54  ti_sysbios_family_arm_m3_Hwi_excHandlerFunc__C                    
00000f51  ti_sysbios_family_arm_m3_Hwi_excHandlerMax__I                     
000046b9  ti_sysbios_family_arm_m3_Hwi_excHandler__I                        
000022d9  ti_sysbios_family_arm_m3_Hwi_excHardFault__I                      
000069e4  ti_sysbios_family_arm_m3_Hwi_excHookFuncs__A                      
00006a58  ti_sysbios_family_arm_m3_Hwi_excHookFuncs__C                      
00001579  ti_sysbios_family_arm_m3_Hwi_excMemFault__I                       
00004041  ti_sysbios_family_arm_m3_Hwi_excNmi__I                            
00003ec1  ti_sysbios_family_arm_m3_Hwi_excNoIsr__I                          
00003aa9  ti_sysbios_family_arm_m3_Hwi_excReserved__I                       
00003d91  ti_sysbios_family_arm_m3_Hwi_excSvCall__I                         
000012c1  ti_sysbios_family_arm_m3_Hwi_excUsageFault__I                     
00003b39  ti_sysbios_family_arm_m3_Hwi_getStackInfo__E                      
00002b51  ti_sysbios_family_arm_m3_Hwi_initNVIC__E                          
00003641  ti_sysbios_family_arm_m3_Hwi_initStacks__E                        
00006a5c  ti_sysbios_family_arm_m3_Hwi_nullIsrFunc__C                       
e000e000  ti_sysbios_family_arm_m3_Hwi_nvic                                 
000044c1  ti_sysbios_family_arm_m3_Hwi_pendSV__I                            
00002d01  ti_sysbios_family_arm_m3_Hwi_postInit__I                          
00006a60  ti_sysbios_family_arm_m3_Hwi_priGroup__C                          
20000000  ti_sysbios_family_arm_m3_Hwi_ramVectors                           
00000000  ti_sysbios_family_arm_m3_Hwi_resetVectors                         
00004d21  ti_sysbios_family_arm_m3_Hwi_restoreFxn__E                        
000044e5  ti_sysbios_family_arm_m3_Hwi_return                               
00004cf9  ti_sysbios_family_arm_m3_Hwi_startup__E                           
00004a89  ti_sysbios_family_arm_m3_Hwi_switchFromBootStack__E               
00001575  ti_sysbios_family_arm_m3_TaskSupport_Module__startupDone__S       
00002c71  ti_sysbios_family_arm_m3_TaskSupport_buildTaskStack               
00004c79  ti_sysbios_family_arm_m3_TaskSupport_checkStack__E                
00004b31  ti_sysbios_family_arm_m3_TaskSupport_glue                         
000041e1  ti_sysbios_family_arm_m3_TaskSupport_start__E                     
000049cd  ti_sysbios_family_arm_m3_TaskSupport_swap__E                      
00004799  ti_sysbios_family_xxx_Hwi_switchAndRunFunc                        
000048b7  ti_sysbios_gates_GateHwi_Handle__label__S                         
00004d61  ti_sysbios_gates_GateHwi_Instance_init__E                         
000067e4  ti_sysbios_gates_GateHwi_Module__FXNS__C                          
20001750  ti_sysbios_gates_GateHwi_Module__root__V                          
00006894  ti_sysbios_gates_GateHwi_Object__DESC__C                          
00006954  ti_sysbios_gates_GateHwi_Object__PARAMS__C                        
00004211  ti_sysbios_gates_GateHwi_Object__create__S                        
000046d9  ti_sysbios_gates_GateHwi_Object__delete__S                        
200017ac  ti_sysbios_gates_GateHwi_Object__table__V                         
00004c89  ti_sysbios_gates_GateHwi_enter__E                                 
00004d29  ti_sysbios_gates_GateHwi_leave__E                                 
00004d49  ti_sysbios_gates_GateHwi_query__E                                 
00006a64  ti_sysbios_gates_GateMutex_A_badContext__C                        
000048d1  ti_sysbios_gates_GateMutex_Handle__label__S                       
00006a68  ti_sysbios_gates_GateMutex_Instance_State_sem__O                  
00004b41  ti_sysbios_gates_GateMutex_Instance_finalize__E                   
000047d9  ti_sysbios_gates_GateMutex_Instance_init__E                       
00006808  ti_sysbios_gates_GateMutex_Module__FXNS__C                        
00006a6c  ti_sysbios_gates_GateMutex_Module__diagsEnabled__C                
[...]
00004b81  ti_sysbios_knl_Task_disable__E                                    
00004b91  xdc_runtime_Gate_leaveSystem__E                                   
00004ba1  xdc_runtime_Memory_free__E                                        
00004bb1  xdc_runtime_SysMin_ready__E                                       
00004bb1  xdc_runtime_System_SupportProxy_ready__E                          
00004bc1  xdc_runtime_System_vsnprintf__E                                   
00004bd1  xdc_runtime_Text_visitRope__I                                     
00004be1  GPIOIntStatus                                                     
00004bef  __TI_decompress_none                                              
00004c01  ti_sysbios_knl_Idle_loop__E                                       
00004c11  ti_sysbios_knl_Queue_empty__E                                     
00004c21  ti_catalog_arm_cortexm4_tiva_ce_Boot_init__I                      
00004c2d  _register_lock                                                    
00004c39  _register_unlock                                                  
00004c45  __TI_zero_init                                                    
00004c51  ti_sysbios_family_arm_lm4_Timer_getMaxTicks__E                    
00004c5d  ti_sysbios_family_arm_m3_Hwi_Params__init__S                      
00004c5d  ti_sysbios_hal_Hwi_HwiProxy_Params__init__S                       
00004c69  ti_sysbios_family_arm_m3_Hwi_disableFxn__E                        
00004c69  ti_sysbios_hal_Hwi_HwiProxy_disable__E                            
00004c79  ti_sysbios_family_arm_m3_TaskSupport_checkStack__E                
00004c79  ti_sysbios_knl_Task_SupportProxy_checkStack__E                    
00004c89  ti_sysbios_gates_GateHwi_enter__E                                 
00004c95  ti_sysbios_knl_Queue_Object__get__S                               
00004ca1  xdc_runtime_Error_init__E                                         
00004cad  xdc_runtime_Gate_enterSystem__E                                   
00004cb9  xdc_runtime_Memory_calloc__E                                      
00004cc5  xdc_runtime_Memory_getMaxDefaultTypeAlign__E                      
00004cd1  xdc_runtime_Memory_HeapProxy_alloc__E                             
00004cdb  xdc_runtime_Memory_HeapProxy_free__E                              
00004ce5  ti_sysbios_family_arm_lm4_Timer_masterDisable__I                  
00004cf1  ti_sysbios_family_arm_m3_Hwi_doSwiRestore__I                      
00004cf9  ti_sysbios_family_arm_m3_Hwi_startup__E                           
00004cf9  ti_sysbios_hal_Hwi_HwiProxy_startup__E                            
00004cf9  ti_sysbios_hal_Hwi_startup__E                                     
00004d01  GPIOPinRead                                                       
00004d07  GPIOPinWrite                                                      
00004d0d  ti_catalog_arm_cortexm4_tiva_ce_Boot_sysCtlDelayI__I              
00004d13  xdc_runtime_System_Module_startup__E                              
00004d19  ti_sysbios_family_arm_m3_Hwi_doTaskRestore__I                     
00004d21  ti_sysbios_family_arm_m3_Hwi_restoreFxn__E                        
00004d21  ti_sysbios_hal_Hwi_HwiProxy_restore__E                            
00004d29  ti_sysbios_gates_GateHwi_leave__E                                 
00004d31  ti_sysbios_heaps_HeapMem_isBlocking__E                            
00004d39  ti_sysbios_knl_Queue_Instance_init__E                             
00004d41  ti_sysbios_knl_Swi_startup__E                                     
00004d49  ti_sysbios_gates_GateHwi_query__E                                 
00004d49  xdc_runtime_Main_Module_GateProxy_query__E                        
00004d49  xdc_runtime_System_Module_GateProxy_query__E                      
00004d51  ti_sysbios_BIOS_RtsGateProxy_query__E                             
00004d51  ti_sysbios_gates_GateMutex_query__E                               
00004d51  ti_sysbios_heaps_HeapMem_Module_GateProxy_query__E                
00004d59  ti_sysbios_knl_Task_startup__E                                    
00004d61  ti_sysbios_gates_GateHwi_Instance_init__E                         
00004d69  ti_sysbios_knl_Clock_logTick__E                                   
00004d6c  xdc_runtime_Text_charTab__A                                       
000065e9  xdc_runtime_Error_policy__C                                       
000065ea  xdc_runtime_Text_nodeTab__A                                       
000066fa  ti_catalog_arm_cortexm4_tiva_ce_Boot_Module__id__C                
0000678c  ti_sysbios_family_arm_m3_Hwi_Object__PARAMS__C                    
000067bc  ti_sysbios_heaps_HeapMem_Module__FXNS__C                          
000067e4  ti_sysbios_gates_GateHwi_Module__FXNS__C                          
00006808  ti_sysbios_gates_GateMutex_Module__FXNS__C                        
0000682c  ti_sysbios_heaps_HeapMem_Object__PARAMS__C                        
00006850  ti_sysbios_knl_Semaphore_Object__PARAMS__C                        
00006874  ti_sysbios_family_arm_m3_Hwi_Object__DESC__C                      
00006894  ti_sysbios_gates_GateHwi_Object__DESC__C                          
000068b4  ti_sysbios_gates_GateMutex_Object__DESC__C                        
000068d4  ti_sysbios_heaps_HeapMem_Object__DESC__C                          
000068f4  ti_sysbios_knl_Queue_Object__DESC__C                              
00006914  ti_sysbios_knl_Semaphore_Object__DESC__C                          
00006934  xdc_runtime_Startup_sfxnTab__A                                    
00006954  ti_sysbios_gates_GateHwi_Object__PARAMS__C                        
0000696c  ti_sysbios_gates_GateMutex_Object__PARAMS__C                      
00006984  ti_sysbios_knl_Queue_Object__PARAMS__C                            
0000699c  GPIOTiva_config                                                   
000069b0  xdc_runtime_Startup_firstFxns__A                                  
000069c4  task0                                                             
000069c8  task1                                                             
000069cc  redSem                                                            
000069d0  greenSem                                                          
000069d4  xdc_runtime_Startup_sfxnRts__A                                    
000069e4  ti_sysbios_family_arm_m3_Hwi_excHookFuncs__A                      
000069ec  ti_sysbios_knl_Idle_funcList__C                                   
000069f4  xdc_runtime_Startup_firstFxns__C                                  
000069fc  xdc_runtime_Startup_lastFxns__C                                   
00006a04  ti_catalog_arm_cortexm4_tiva_ce_Boot_A_mustUseEnhancedClockMode__C
00006a08  ti_catalog_arm_cortexm4_tiva_ce_Boot_Module__diagsEnabled__C      
00006a0c  ti_catalog_arm_cortexm4_tiva_ce_Boot_Module__diagsIncluded__C     
00006a10  ti_catalog_arm_cortexm4_tiva_ce_Boot_Module__diagsMask__C         
00006a14  ti_sysbios_family_arm_lm4_Timer_enableFunc__C                     
00006a18  ti_sysbios_family_arm_lm4_Timer_numTimerDevices__C                
00006a1c  ti_sysbios_family_arm_lm4_Timer_startupNeeded__C                  
00006a20  ti_sysbios_family_arm_m3_Hwi_E_NMI__C                             
00006a24  ti_sysbios_family_arm_m3_Hwi_E_alreadyDefined__C                  
00006a28  ti_sysbios_family_arm_m3_Hwi_E_busFault__C                        
00006a2c  ti_sysbios_family_arm_m3_Hwi_E_debugMon__C                        
00006a30  ti_sysbios_family_arm_m3_Hwi_E_hardFault__C                       
00006a34  ti_sysbios_family_arm_m3_Hwi_E_memFault__C                        
00006a38  ti_sysbios_family_arm_m3_Hwi_E_noIsr__C                           
00006a3c  ti_sysbios_family_arm_m3_Hwi_E_reserved__C                        
00006a40  ti_sysbios_family_arm_m3_Hwi_E_svCall__C                          
00006a44  ti_sysbios_family_arm_m3_Hwi_E_usageFault__C                      
00006a48  ti_sysbios_family_arm_m3_Hwi_NUM_INTERRUPTS__C                    
00006a4c  ti_sysbios_family_arm_m3_Hwi_Object__count__C                     
00006a50  ti_sysbios_family_arm_m3_Hwi_ccr__C                               
00006a54  ti_sysbios_family_arm_m3_Hwi_excHandlerFunc__C                    
00006a58  ti_sysbios_family_arm_m3_Hwi_excHookFuncs__C                      
00006a5c  ti_sysbios_family_arm_m3_Hwi_nullIsrFunc__C                       
00006a60  ti_sysbios_family_arm_m3_Hwi_priGroup__C                          
00006a64  ti_sysbios_gates_GateMutex_A_badContext__C                        
00006a68  ti_sysbios_gates_GateMutex_Instance_State_sem__O                  
00006a6c  ti_sysbios_gates_GateMutex_Module__diagsEnabled__C                
00006a70  ti_sysbios_gates_GateMutex_Module__diagsIncluded__C               
00006a74  ti_sysbios_gates_GateMutex_Module__diagsMask__C                   
00006a78  ti_sysbios_hal_Hwi_E_stackOverflow__C                             
00006a7c  ti_sysbios_heaps_HeapMem_A_align__C                               
00006a80  ti_sysbios_heaps_HeapMem_A_heapSize__C                            
00006a84  ti_sysbios_heaps_HeapMem_A_invalidFree__C                         
00006a88  ti_sysbios_heaps_HeapMem_A_zeroBlock__C                           
00006a8c  ti_sysbios_heaps_HeapMem_E_memory__C                              
00006a90  ti_sysbios_heaps_HeapMem_Module__diagsEnabled__C                  
00006a94  ti_sysbios_heaps_HeapMem_Module__diagsIncluded__C                 
00006a98  ti_sysbios_heaps_HeapMem_Module__diagsMask__C                     
00006a9c  ti_sysbios_heaps_HeapMem_Module__gateObj__C                       
00006aa0  ti_sysbios_heaps_HeapMem_Object__count__C                         
00006aa4  ti_sysbios_heaps_HeapMem_reqAlign__C                              
00006aa8  ti_sysbios_knl_Clock_Module_State_clockQ__O                       
00006aac  ti_sysbios_knl_Idle_funcList__A                                   
00006ab0  ti_sysbios_knl_Semaphore_A_badContext__C                          
00006ab4  ti_sysbios_knl_Semaphore_A_noEvents__C                            
00006ab8  ti_sysbios_knl_Semaphore_A_overflow__C                            
00006abc  ti_sysbios_knl_Semaphore_A_pendTaskDisabled__C                    
00006ac0  ti_sysbios_knl_Semaphore_Instance_State_pendQ__O                  
00006ac4  ti_sysbios_knl_Semaphore_Module__diagsEnabled__C                  
00006ac8  ti_sysbios_knl_Semaphore_Module__diagsIncluded__C                 
00006acc  ti_sysbios_knl_Semaphore_Module__diagsMask__C                     
00006ad0  ti_sysbios_knl_Swi_Object__count__C                               
00006ad4  ti_sysbios_knl_Task_E_spOutOfBounds__C                            
00006ad8  ti_sysbios_knl_Task_E_stackOverflow__C                            
00006adc  ti_sysbios_knl_Task_Module_State_inactiveQ__O                     
00006ae0  ti_sysbios_knl_Task_Object__count__C                              
00006ae4  ti_sysbios_knl_Task_allBlockedFunc__C                             
00006ae8  ti_sysbios_knl_Task_numConstructedTasks__C                        
00006aec  xdc_runtime_Assert_E_assertFailed__C                              
00006af0  xdc_runtime_Core_A_initializedParams__C                           
00006af4  xdc_runtime_Core_Module__diagsEnabled__C                          
00006af8  xdc_runtime_Core_Module__diagsIncluded__C                         
00006afc  xdc_runtime_Core_Module__diagsMask__C                             
00006b00  xdc_runtime_Error_E_memory__C                                     
00006b04  xdc_runtime_Error_Module__diagsEnabled__C                         
00006b08  xdc_runtime_Error_Module__diagsIncluded__C                        
00006b0c  xdc_runtime_Error_Module__diagsMask__C                            
00006b10  xdc_runtime_Error_Module__loggerFxn8__C                           
00006b14  xdc_runtime_Error_Module__loggerObj__C                            
00006b18  xdc_runtime_Error_policyFxn__C                                    
00006b1c  xdc_runtime_Error_raiseHook__C                                    
00006b20  xdc_runtime_IGateProvider_Interface__BASE__C                      
00006b24  xdc_runtime_IHeap_Interface__BASE__C                              
00006b28  xdc_runtime_IModule_Interface__BASE__C                            
00006b2c  xdc_runtime_Log_L_error__C                                        
00006b30  xdc_runtime_Memory_defaultHeapInstance__C                         
00006b34  xdc_runtime_Startup_execImpl__C                                   
00006b38  xdc_runtime_Startup_maxPasses__C                                  
00006b3c  xdc_runtime_Startup_sfxnRts__C                                    
00006b40  xdc_runtime_Startup_sfxnTab__C                                    
00006b44  xdc_runtime_SysMin_bufSize__C                                     
00006b48  xdc_runtime_SysMin_outputFunc__C                                  
00006b4c  xdc_runtime_System_Module__gateObj__C                             
00006b50  xdc_runtime_System_abortFxn__C                                    
00006b54  xdc_runtime_System_exitFxn__C                                     
00006b58  xdc_runtime_System_extendFxn__C                                   
00006b5c  xdc_runtime_System_maxAtexitHandlers__C                           
00006b60  xdc_runtime_Text_charTab__C                                       
00006b64  xdc_runtime_Text_nameEmpty__C                                     
00006b68  xdc_runtime_Text_nameStatic__C                                    
00006b6c  xdc_runtime_Text_nameUnknown__C                                   
00006b70  xdc_runtime_Text_nodeTab__C                                       
00006b74  xdc_runtime_Text_visitRopeFxn__C                                  
00006b78  ti_sysbios_family_arm_m3_Hwi_Module__id__C                        
00006b7a  ti_sysbios_gates_GateMutex_Module__id__C                          
00006b7c  ti_sysbios_hal_Hwi_Module__id__C                                  
00006b7e  ti_sysbios_heaps_HeapMem_Module__id__C                            
00006b80  ti_sysbios_knl_Semaphore_Module__id__C                            
00006b82  ti_sysbios_knl_Task_Module__id__C                                 
00006b84  xdc_runtime_Core_Module__id__C                                    
00006b86  xdc_runtime_Error_Module__loggerDefined__C                        
00006b88  xdc_runtime_Error_maxDepth__C                                     
00006b8a  xdc_runtime_Memory_Module__id__C                                  
00006b8c  xdc_runtime_SysMin_flushAtExit__C                                 
00006b8e  xdc_runtime_Text_charCnt__C                                       
00006b90  xdc_runtime_Text_isLoaded__C                                      
00006b92  xdc_runtime_Text_registryModsLastId__C                            
00006b94  xdc_runtime_Text_unnamedModsLastId__C                             
00006b98  __TI_static_base__                                                
00006d94  __TI_Handler_Table_Base                                           
00006da0  __TI_Handler_Table_Limit                                          
00006db0  __TI_CINIT_Base                                                   
00006dc8  __TI_CINIT_Limit                                                  
20000000  ti_sysbios_family_arm_m3_Hwi_ramVectors                           
20000360  ti_sysbios_knl_Task_Instance_State_0_stack__A                     
20000560  ti_sysbios_knl_Task_Instance_State_1_stack__A                     
20000760  ti_sysbios_knl_Task_Instance_State_2_stack__A                     
20000960  ti_sysbios_heaps_HeapMem_Instance_State_0_buf__A                  
20000d60  ti_sysbios_family_arm_m3_Hwi_dispatchTable                        
200010c0  __CIOBUF_                                                         
20001270  xdc_runtime_SysMin_Module_State_0_outbuf__A                       
200012f0  parmbuf                                                           
200012fc  ti_sysbios_knl_Task_Object__table__V                              
200013e0  ti_sysbios_knl_Swi_Module_State_0_readyQ__A                       
20001460  ti_sysbios_knl_Task_Module_State_0_readyQ__A                      
200014e0  ti_sysbios_knl_Task_Module__state__V                              
20001524  ti_sysbios_family_arm_lm4_Timer_Object__table__V                  
20001564  ti_sysbios_gates_GateMutex_Object__table__V                       
2000159c  ti_sysbios_family_arm_m3_Hwi_Module__state__V                     
200015d0  ti_sysbios_family_arm_lm4_Timer_Module_State_0_device__A          
20001600  ti_sysbios_knl_Swi_Object__table__V                               
20001630  ti_sysbios_knl_Clock_Module__state__V                             
2000165c  ti_sysbios_knl_Semaphore_Object__table__V                         
20001684  ti_sysbios_BIOS_Module__state__V                                  
200016a8  ti_sysbios_knl_Swi_Module__state__V                               
200016c4  ti_sysbios_family_arm_lm4_Timer_Module_State_0_handles__A         
200016dc  ti_sysbios_family_arm_m3_Hwi_Object__table__V                     
200016f4  ti_sysbios_heaps_HeapMem_Object__table__V                         
2000170c  gpioPinConfigs                                                    
20001720  ti_sysbios_family_arm_lm4_Timer_Module__state__V                  
2000172c  xdc_runtime_SysMin_Module__state__V                               
20001738  _lock                                                             
2000173c  _unlock                                                           
20001740  gpioCallbackFunctions                                             
20001748  ti_sysbios_family_arm_m3_Hwi_Module__root__V                      
20001750  ti_sysbios_gates_GateHwi_Module__root__V                          
20001758  ti_sysbios_gates_GateMutex_Module__root__V                        
20001760  ti_sysbios_heaps_HeapMem_Module__root__V                          
20001768  ti_sysbios_knl_Queue_Module__root__V                              
20001770  ti_sysbios_knl_Semaphore_Module__root__V                          
20001778  xdc_runtime_Registry_Module__state__V                             
20001780  xdc_runtime_Startup_Module__state__V                              
20001788  xdc_runtime_System_Module_State_0_atexitHandlers__A               
20001790  xdc_runtime_System_Module__state__V                               
2000179e  ti_sysbios_family_arm_m3_Hwi_Module_State_0_excActive__A          
200017a0  main_func_sp                                                      
200017a4  ti_sysbios_family_arm_m3_Hwi_Module_State_0_excContext__A         
200017a8  ti_sysbios_family_arm_m3_Hwi_Module_State_0_excStack__A           
200017ac  ti_sysbios_gates_GateHwi_Object__table__V                         
200017b0  ti_sysbios_knl_Task_Module_State_0_idleTask__A                    
200017b4  xdc_runtime_Memory_Module__state__V                               
200017b8  xdc_runtime_Error_Module__state__V                                
200017c0  __stack                                                           
20001ac0  __STACK_END                                                       
e000e000  ti_sysbios_family_arm_m3_Hwi_nvic                                 
ffffffff  __TI_pprof_out_hndl                                               
ffffffff  __TI_prof_data_size                                               
ffffffff  __TI_prof_data_start                                              
ffffffff  __binit__                                                         
ffffffff  __c_args__                                                        
ffffffff  binit                                                             
UNDEFED   SHT$$INIT_ARRAY$$Base                                             
UNDEFED   SHT$$INIT_ARRAY$$Limit                                            

[524 symbols]
