******************************************************************************
                  TI ARM Linker PC v18.1.4                     
******************************************************************************
>> Linked Tue Feb 12 22:52:39 2019

OUTPUT FILE NAME:   <idle_thread.out>
ENTRY POINT SYMBOL: "_c_int00"  address: 00003789


MEMORY CONFIGURATION

         name            origin    length      used     unused   attr    fill
----------------------  --------  ---------  --------  --------  ----  --------
  FLASH                 00000000   00040000  00006f2c  000390d4  R  X
  SRAM                  20000000   00008000  000015fa  00006a06  RW X


SEGMENT ALLOCATION MAP

run origin  load origin   length   init length attrs members
----------  ----------- ---------- ----------- ----- -------
00000000    00000000    00006f38   00006f38    r-x
  00000000    00000000    0000003c   0000003c    r-- .resetVecs
  00000040    00000040    00004eda   00004eda    r-x .text
  00004f1c    00004f1c    00001e16   00001e16    r-- .const
  00006d38    00006d38    00000200   00000200    r-- .cinit
20000000    20000000    00001600   00000000    rw-
  20000000    20000000    00000360   00000000    rw- .vecs
  20000360    20000360    00000b9c   00000000    rw- .bss
  20000efc    20000efc    000003fe   00000000    rw- .data
  20001300    20001300    00000300   00000000    rw- .stack


SECTION ALLOCATION MAP

 output                                  attributes/
section   page    origin      length       input sections
--------  ----  ----------  ----------   ----------------
.text      0    00000040    00004eda     
                  00000040    00000430     sysbios.aem4f : BIOS.obj (.text:ti_sysbios_family_arm_m3_Hwi_excDumpRegs__I)
                  00000470    0000034c     ti.targets.arm.rtsarm.aem4f : System.oem4f (.text:xdc_runtime_System_doPrint__I)
                  000007bc    00000004     rtsv7M4_T_le_v4SPD16_eabi.lib : exit.c.obj (.text:abort:abort)
                  000007c0    000002d0     sysbios.aem4f : BIOS.obj (.text:ti_sysbios_knl_Semaphore_pend__E)
                  00000a90    0000026c                   : BIOS.obj (.text:ti_sysbios_heaps_HeapMem_free__E)
                  00000cfc    00000004     idle_thread_pem4f.oem4f (.text:ti_sysbios_BIOS_RtsGateProxy_enter__E)
                  00000d00    00000250     sysbios.aem4f : BIOS.obj (.text:ti_sysbios_heaps_HeapMem_alloc__E)
                  00000f50    000001fc                   : BIOS.obj (.text:ti_sysbios_family_arm_m3_Hwi_excHandlerMax__I)
                  0000114c    00000004     idle_thread_pem4f.oem4f (.text:ti_sysbios_BIOS_RtsGateProxy_leave__E)
                  00001150    000001f0     sysbios.aem4f : BIOS.obj (.text:ti_sysbios_knl_Task_sleep__E)
                  00001340    00000174                   : BIOS.obj (.text:ti_sysbios_family_arm_m3_Hwi_excBusFault__I)
                  000014b4    00000004                   : BIOS.obj (.text:ti_sysbios_family_arm_lm4_Timer_masterEnable__I)
                  000014b8    00000164                   : BIOS.obj (.text:ti_sysbios_family_arm_m3_Hwi_excUsageFault__I)
                  0000161c    00000150     drivers_tivaware.aem4f : GPIOTiva.oem4f (.text:GPIO_setConfig)
                  0000176c    00000004     idle_thread_pem4f.oem4f (.text:ti_sysbios_family_arm_m3_TaskSupport_Module__startupDone__S)
                  00001770    00000148     sysbios.aem4f : BIOS.obj (.text:ti_sysbios_family_arm_m3_Hwi_excMemFault__I)
                  000018b8    0000013c                   : BIOS.obj (.text:ti_sysbios_heaps_HeapMem_Instance_init__E)
                  000019f4    00000004     idle_thread_pem4f.oem4f (.text:ti_sysbios_heaps_HeapMem_Module_GateProxy_enter__E)
                  000019f8    00000134     sysbios.aem4f : BIOS.obj (.text:ti_sysbios_family_arm_lm4_Timer_start__E)
                  00001b2c    00000130     driverlib.lib : gpio.obj (.text:GPIOPadConfigSet)
                  00001c5c    00000118     ti.targets.arm.rtsarm.aem4f : Error.oem4f (.text:xdc_runtime_Error_policyDefault__E)
                  00001d74    00000100     Boot.aem4f : Boot_sysctl.oem4f (.text:ti_catalog_arm_cortexm4_tiva_ce_Boot_sysCtlClockSetI__I)
                  00001e74    00000100     ti.targets.arm.rtsarm.aem4f : Core-mem.oem4f (.text:xdc_runtime_Core_createObject__I)
                  00001f74    000000f8                                 : Startup.oem4f (.text:xdc_runtime_Startup_startMods__I)
                  0000206c    000000f8     idle_thread_pem4f.oem4f (.text:xdc_runtime_System_printfExtend__I)
                  00002164    000000f4     sysbios.aem4f : m3_Hwi_asm.obj (.text:ti_sysbios_family_arm_m3_Hwi_dispatch__I)
                  00002258    000000ec                   : BIOS.obj (.text:ti_sysbios_knl_Semaphore_post__E)
                  00002344    000000cc     ti.targets.arm.rtsarm.aem4f : Core-smem.oem4f (.text:xdc_runtime_Core_constructObject__I)
                  00002410    000000bc     sysbios.aem4f : BIOS.obj (.text:ti_sysbios_family_arm_m3_Hwi_excDebugMon__I)
                  000024cc    00000004     idle_thread_pem4f.oem4f (.text:ti_sysbios_heaps_HeapMem_Module_GateProxy_leave__E)
                  000024d0    000000bc     sysbios.aem4f : BIOS.obj (.text:ti_sysbios_family_arm_m3_Hwi_excHardFault__I)
                  0000258c    00000004     idle_thread_pem4f.oem4f (.text:ti_sysbios_knl_Clock_TimerProxy_getMaxTicks__E)
                  00002590    000000b4     sysbios.aem4f : BIOS.obj (.text:ti_sysbios_gates_GateMutex_enter__E)
                  00002644    00000004     idle_thread_pem4f.oem4f (.text:ti_sysbios_knl_Queue_destruct)
                  00002648    000000b4     sysbios.aem4f : BIOS.obj (.text:ti_sysbios_knl_Task_checkStacks__E)
                  000026fc    00000004     idle_thread_pem4f.oem4f (.text:ti_sysbios_knl_Semaphore_destruct)
                  00002700    000000ac     sysbios.aem4f : BIOS.obj (.text:ti_sysbios_family_arm_lm4_Timer_enableTiva__I)
                  000027ac    00000004     ti.targets.arm.rtsarm.aem4f : Error.oem4f (.text:xdc_runtime_Error_getSite__E)
                  000027b0    000000a8     sysbios.aem4f : BIOS.obj (.text:ti_sysbios_family_arm_lm4_Timer_enableTimers__I)
                  00002858    000000a8                   : BIOS.obj (.text:ti_sysbios_knl_Task_postInit__I)
                  00002900    000000a0     auto_init.aem4f : auto_init.oem4f (.text)
                  000029a0    000000a0     ti.targets.arm.rtsarm.aem4f : Text.oem4f (.text:xdc_runtime_Text_putMod__E)
                  00002a40    0000009c     rtsv7M4_T_le_v4SPD16_eabi.lib : memcpy_t2.asm.obj (.text)
                  00002adc    00000004     idle_thread_pem4f.oem4f (.text:xdc_runtime_System_Module_GateProxy_enter__E)
                  00002ae0    0000009c     sysbios.aem4f : BIOS.obj (.text:ti_sysbios_knl_Semaphore_Instance_init__E)
                  00002b7c    0000009a     ti.targets.arm.rtsarm.aem4f : Text.oem4f (.text:xdc_runtime_Text_putSite__E)
                  00002c16    00000002     rtsv7M4_T_le_v4SPD16_eabi.lib : _lock.c.obj (.text:_nop)
                  00002c18    00000098     Boot.aem4f : Boot.oem4f (.text:ti_catalog_arm_cortexm4_tiva_ce_Boot_sysCtlClockSet__E)
                  00002cb0    00000094     sysbios.aem4f : BIOS.obj (.text:ti_sysbios_family_arm_m3_Hwi_Instance_init__E)
                  00002d44    00000004     idle_thread_pem4f.oem4f (.text:xdc_runtime_System_Module_GateProxy_leave__E)
                  00002d48    00000094     sysbios.aem4f : BIOS.obj (.text:ti_sysbios_family_arm_m3_Hwi_initNVIC__E)
                  00002ddc    0000008c     drivers_tivaware.aem4f : GPIOTiva.oem4f (.text:GPIO_init)
                  00002e68    0000008c     sysbios.aem4f : m3_TaskSupport_asm.obj (.text:ti_sysbios_family_arm_m3_TaskSupport_buildTaskStack)
                  00002ef4    00000004     ti.targets.arm.rtsarm.aem4f : System.oem4f (.text:xdc_runtime_System_aprintf_va__F)
                  00002ef8    00000084     sysbios.aem4f : BIOS.obj (.text:ti_sysbios_family_arm_m3_Hwi_postInit__I)
                  00002f7c    0000007a     rtsv7M4_T_le_v4SPD16_eabi.lib : memset_t2.asm.obj (.text)
                  00002ff6    00000002                                   : div0.asm.obj (.text)
                  00002ff8    00000070     sysbios.aem4f : BIOS.obj (.text:ti_sysbios_knl_Clock_workFunc__E)
                  00003068    00000070                   : BIOS.obj (.text:ti_sysbios_knl_Task_exit__E)
                  000030d8    0000006d     ti.targets.arm.rtsarm.aem4f : System.oem4f (.text:xdc_runtime_System_formatNum__I)
                  00003145    00000001     --HOLE-- [fill = 0]
                  00003146    00000002     idle_thread_pem4f.oem4f (.text:ti_sysbios_BIOS_nullFunc__I)
                  00003148    0000006c     sysbios.aem4f : BIOS.obj (.text:ti_sysbios_knl_Swi_restoreHwi__E)
                  000031b4    0000006c     ti.targets.arm.rtsarm.aem4f : Error.oem4f (.text:xdc_runtime_Error_print__E)
                  00003220    0000006c                                 : Memory.oem4f (.text:xdc_runtime_Memory_alloc__E)
                  0000328c    00000068     rtsv7M4_T_le_v4SPD16_eabi.lib : copy_decompress_lzss.c.obj (.text:decompress:lzss:__TI_decompress_lzss)
                  000032f4    00000066     ti.targets.arm.rtsarm.aem4f : Core-mem.oem4f (.text:xdc_runtime_Core_deleteObject__I)
                  0000335a    00000002     idle_thread_pem4f.oem4f (.text:xdc_runtime_Startup_reset__I)
                  0000335c    00000064     drivers_tivaware.aem4f : GPIOTiva.oem4f (.text:GPIO_hwiIntFxn)
                  000033c0    00000064     sysbios.aem4f : BIOS.obj (.text:ti_sysbios_family_arm_lm4_Timer_Module_startup__E)
                  00003424    00000064     idle_thread_pem4f.oem4f (.text:ti_sysbios_family_arm_m3_Hwi_create)
                  00003488    00000064     sysbios.aem4f : BIOS.obj (.text:ti_sysbios_family_arm_m3_Hwi_dispatchC__I)
                  000034ec    00000004     ti.targets.arm.rtsarm.aem4f : System.oem4f (.text:xdc_runtime_System_printf_va__F)
                  000034f0    00000060     sysbios.aem4f : BIOS.obj (.text:ti_sysbios_family_arm_lm4_Timer_isrStub__E)
                  00003550    00000060                   : BIOS.obj (.text:ti_sysbios_knl_Task_schedule__I)
                  000035b0    0000005c                   : BIOS.obj (.text:ti_sysbios_knl_Swi_run__I)
                  0000360c    00000004     --HOLE-- [fill = 0]
                  00003610    0000005c                   : BIOS.obj (.text:ti_sysbios_knl_Swi_schedule__I)
                  0000366c    00000004     --HOLE-- [fill = 0]
                  00003670    0000005c                   : BIOS.obj (.text:ti_sysbios_knl_Task_Module_startup__E)
                  000036cc    00000004     --HOLE-- [fill = 0]
                  000036d0    0000005c                   : BIOS.obj (.text:ti_sysbios_knl_Task_startCore__E)
                  0000372c    0000005b     ti.targets.arm.rtsarm.aem4f : Text.oem4f (.text:xdc_runtime_Text_putLab__E)
                  00003787    00000001     --HOLE-- [fill = 0]
                  00003788    00000058     boot.aem4f : boot.oem4f (.text)
                  000037e0    00000058     rtsv7M4_T_le_v4SPD16_eabi.lib : hostwrite.c.obj (.text:HOSTwrite)
                  00003838    00000058     sysbios.aem4f : m3_Hwi_asm_switch.obj (.text:ti_sysbios_family_arm_m3_Hwi_initStacks__E)
                  00003890    00000056     driverlib.lib : gpio.obj (.text:GPIOIntTypeSet)
                  000038e6    00000002     --HOLE-- [fill = 0]
                  000038e8    00000054     ti.targets.arm.rtsarm.aem4f : Assert.oem4f (.text:xdc_runtime_Assert_raise__I)
                  0000393c    00000050     drivers_tivaware.aem4f : GPIOTiva.oem4f (.text:GPIO_setCallback)
                  0000398c    00000050                            : GPIOTiva.oem4f (.text:GPIO_toggle)
                  000039dc    00000004     --HOLE-- [fill = 0]
                  000039e0    00000050     sysbios.aem4f : BIOS.obj (.text:ti_sysbios_family_arm_m3_Hwi_Module_startup__E)
                  00003a30    00000050     ti.targets.arm.rtsarm.aem4f : Startup.oem4f (.text:xdc_runtime_Startup_exec__E)
                  00003a80    00000050                                 : Text.oem4f (.text:xdc_runtime_Text_visitRope2__I)
                  00003ad0    0000004c     rtsv7M4_T_le_v4SPD16_eabi.lib : cpy_tbl.c.obj (.text:copy_in)
                  00003b1c    00000004     --HOLE-- [fill = 0]
                  00003b20    0000004c     sysbios.aem4f : BIOS.obj (.text:ti_sysbios_heaps_HeapMem_getStats__E)
                  00003b6c    00000004     --HOLE-- [fill = 0]
                  00003b70    0000004c                   : BIOS.obj (.text:ti_sysbios_knl_Swi_runLoop__I)
                  00003bbc    00000004     --HOLE-- [fill = 0]
                  00003bc0    0000004c                   : BIOS.obj (.text:ti_sysbios_knl_Task_allBlockedFunction__I)
                  00003c0c    00000004     --HOLE-- [fill = 0]
                  00003c10    00000048                   : BIOS.obj (.text:ti_sysbios_family_arm_m3_Hwi_disableInterrupt__E)
                  00003c58    00000048                   : BIOS.obj (.text:ti_sysbios_family_arm_m3_Hwi_enableInterrupt__E)
                  00003ca0    00000048                   : BIOS.obj (.text:ti_sysbios_family_arm_m3_Hwi_excReserved__I)
                  00003ce8    00000046     ti.targets.arm.rtsarm.aem4f : Core-params.oem4f (.text:xdc_runtime_Core_assignParams__I)
                  00003d2e    00000002     --HOLE-- [fill = 0]
                  00003d30    00000044     sysbios.aem4f : BIOS.obj (.text:ti_sysbios_family_arm_m3_Hwi_getStackInfo__E)
                  00003d74    00000004     --HOLE-- [fill = 0]
                  00003d78    00000044                   : BIOS.obj (.text:ti_sysbios_knl_Swi_post__E)
                  00003dbc    00000044     ti.targets.arm.rtsarm.aem4f : Error.oem4f (.text:xdc_runtime_Error_setX__E)
                  00003e00    00000044                                 : SysMin.oem4f (.text:xdc_runtime_SysMin_flush__E)
                  00003e44    00000044                                 : Text.oem4f (.text:xdc_runtime_Text_xprintf__I)
                  00003e88    00000040     EK_TM4C123GXL.obj (.text:EK_TM4C123GXL_initGeneral)
                  00003ec8    00000040     rtsv7M4_T_le_v4SPD16_eabi.lib : u_divt2.asm.obj (.text)
                  00003f08    00000040     sysbios.aem4f : BIOS.obj (.text:ti_sysbios_family_arm_lm4_Timer_startup__E)
                  00003f48    0000003c                   : BIOS.obj (.text:ti_sysbios_family_arm_m3_Hwi_excSvCall__I)
                  00003f84    00000004     --HOLE-- [fill = 0]
                  00003f88    0000003c                   : BIOS.obj (.text:ti_sysbios_heaps_HeapMem_init__I)
                  00003fc4    00000004     --HOLE-- [fill = 0]
                  00003fc8    0000003c                   : BIOS.obj (.text:ti_sysbios_knl_Swi_restore__E)
                  00004004    00000038     rtsv7M4_T_le_v4SPD16_eabi.lib : trgmsg.c.obj (.text:__TI_writemsg)
                  0000403c    00000004     --HOLE-- [fill = 0]
                  00004040    00000038     sysbios.aem4f : BIOS.obj (.text:ti_sysbios_family_arm_m3_Hwi_excNoIsr__I)
                  00004078    00000038                   : BIOS.obj (.text:ti_sysbios_knl_Task_processVitalTaskFlag__I)
                  000040b0    00000038     ti.targets.arm.rtsarm.aem4f : SysMin.oem4f (.text:xdc_runtime_SysMin_putch__E)
                  000040e8    00000038                                 : System.oem4f (.text:xdc_runtime_System_atexit__E)
                  00004120    00000034     driverlib.lib : sysctl.obj (.text:SysCtlPeripheralEnable)
                  00004154    00000034     rtsv7M4_T_le_v4SPD16_eabi.lib : trgmsg.c.obj (.text:__TI_readmsg)
                  00004188    00000034     sysbios.aem4f : BIOS.obj (.text:ti_sysbios_family_arm_m3_Hwi_Instance_finalize__E)
                  000041bc    00000004     --HOLE-- [fill = 0]
                  000041c0    00000034                   : BIOS.obj (.text:ti_sysbios_family_arm_m3_Hwi_excNmi__I)
                  000041f4    00000004     --HOLE-- [fill = 0]
                  000041f8    00000034                   : BIOS.obj (.text:ti_sysbios_hal_Hwi_checkStack)
                  0000422c    00000034     ti.targets.arm.rtsarm.aem4f : Core-label.oem4f (.text:xdc_runtime_Core_assignLabel__I)
                  00004260    00000033                                 : Text.oem4f (.text:xdc_runtime_Text_printVisFxn__I)
                  00004293    00000005     --HOLE-- [fill = 0]
                  00004298    00000032     sysbios.aem4f : BIOS.obj (.text:ti_sysbios_hal_Hwi_initStack)
                  000042ca    00000002     --HOLE-- [fill = 0]
                  000042cc    00000030     EK_TM4C123GXL.obj (.text:EK_TM4C123GXL_initGPIO)
                  000042fc    00000030     idle_thread_pem4f.oem4f (.text:ti_sysbios_BIOS_atExitFunc__I)
                  0000432c    00000004     --HOLE-- [fill = 0]
                  00004330    00000030     sysbios.aem4f : BIOS.obj (.text:ti_sysbios_family_arm_lm4_Timer_stop__E)
                  00004360    00000030                   : BIOS.obj (.text:ti_sysbios_family_arm_m3_TaskSupport_start__E)
                  00004390    00000030     idle_thread_pem4f.oem4f (.text:ti_sysbios_gates_GateHwi_Object__create__S)
                  000043c0    00000030     idle_thread_pem4f.oem4f (.text:ti_sysbios_gates_GateMutex_Object__create__S)
                  000043f0    00000030     idle_thread_pem4f.oem4f (.text:ti_sysbios_heaps_HeapMem_Object__create__S)
                  00004420    00000030     idle_thread_pem4f.oem4f (.text:ti_sysbios_knl_Semaphore_construct)
                  00004450    00000030     sysbios.aem4f : BIOS.obj (.text:ti_sysbios_knl_Semaphore_pendTimeout__I)
                  00004480    00000030                   : BIOS.obj (.text:ti_sysbios_knl_Task_unblockI__E)
                  000044b0    00000030     ti.targets.arm.rtsarm.aem4f : SysMin.oem4f (.text:xdc_runtime_SysMin_abort__E)
                  000044e0    00000030                                 : System.oem4f (.text:xdc_runtime_System_processAtExit__E)
                  00004510    0000002c     idle_thread_pem4f.oem4f (.text:ti_sysbios_knl_Clock_doTick__I)
                  0000453c    0000002c     idle_thread_pem4f.oem4f (.text:ti_sysbios_knl_Queue_construct)
                  00004568    0000002c     sysbios.aem4f : BIOS.obj (.text:ti_sysbios_knl_Task_restore__E)
                  00004594    0000002c     ti.targets.arm.rtsarm.aem4f : Text.oem4f (.text:xdc_runtime_Text_cordText__E)
                  000045c0    0000002a     driverlib.lib : gpio.obj (.text:GPIODirModeSet)
                  000045ea    0000002a     ti.targets.arm.rtsarm.aem4f : System.oem4f (.text:xdc_runtime_System_putchar__I)
                  00004614    00000004     --HOLE-- [fill = 0]
                  00004618    00000028     sysbios.aem4f : BIOS.obj (.text:ti_sysbios_knl_Swi_Module_startup__E)
                  00004640    00000026                   : m3_Hwi_asm.obj (.text:ti_sysbios_family_arm_m3_Hwi_pendSV__I)
                  00004666    00000026     ti.targets.arm.rtsarm.aem4f : System.oem4f (.text:xdc_runtime_System_avprintf__E)
                  0000468c    00000024     idle_thread_pem4f.oem4f (.text:ti_sysbios_BIOS_errorRaiseHook__I)
                  000046b0    00000024     idle_thread_pem4f.oem4f (.text:ti_sysbios_BIOS_registerRTSLock__I)
                  000046d4    00000024     idle_thread_pem4f.oem4f (.text:ti_sysbios_BIOS_removeRTSLock__I)
                  000046f8    00000024     idle_thread_pem4f.oem4f (.text:ti_sysbios_BIOS_startFunc__I)
                  0000471c    00000024     idle_thread_pem4f.oem4f (.text:ti_sysbios_gates_GateMutex_Object__delete__S)
                  00004740    00000024     sysbios.aem4f : BIOS.obj (.text:ti_sysbios_knl_Clock_Module_startup__E)
                  00004764    00000004     --HOLE-- [fill = 0]
                  00004768    00000024                   : BIOS.obj (.text:ti_sysbios_knl_Task_restoreHwi__E)
                  0000478c    00000024     ti.targets.arm.rtsarm.aem4f : System.oem4f (.text:xdc_runtime_System_vprintf__E)
                  000047b0    00000022     sysbios.aem4f : BIOS.obj (.text:ti_sysbios_family_arm_lm4_Timer_write__I)
                  000047d2    00000022     idle_thread_pem4f.oem4f (.text:xdc_runtime_SysMin_output__I)
                  000047f4    00000020     idle_thread_pem4f.oem4f (.text:ti_sysbios_BIOS_rtsLock__I)
                  00004814    00000020     sysbios.aem4f : m3_Hwi_asm.obj (.text:ti_sysbios_family_arm_m3_Hwi_excHandlerAsm__I)
                  00004834    00000004     --HOLE-- [fill = 0]
                  00004838    00000020                   : BIOS.obj (.text:ti_sysbios_family_arm_m3_Hwi_excHandler__I)
                  00004858    00000020     idle_thread_pem4f.oem4f (.text:ti_sysbios_gates_GateHwi_Object__delete__S)
                  00004878    00000020     idle_thread_pem4f.oem4f (.text:ti_sysbios_heaps_HeapMem_Object__delete__S)
                  00004898    00000020     sysbios.aem4f : BIOS.obj (.text:ti_sysbios_knl_Idle_run__E)
                  000048b8    00000020     idle_thread_pem4f.oem4f (.text:ti_sysbios_knl_Semaphore_Object__destruct__S)
                  000048d8    00000020     ti.targets.arm.rtsarm.aem4f : Registry.oem4f (.text:xdc_runtime_Registry_findById__E)
                  000048f8    00000020                                 : SysMin.oem4f (.text:xdc_runtime_SysMin_Module_startup__E)
                  00004918    0000001e     sysbios.aem4f : m3_Hwi_asm_switch.obj (.text:ti_sysbios_family_xxx_Hwi_switchAndRunFunc)
                  00004936    0000001c     drivers_tivaware.aem4f : GPIOTiva.oem4f (.text:getGpioIntIndex)
                  00004952    00000006     driverlib.lib : gpio.obj (.text:GPIOIntClear)
                  00004958    0000001c     sysbios.aem4f : BIOS.obj (.text:ti_sysbios_gates_GateMutex_Instance_init__E)
                  00004974    0000001c     idle_thread_pem4f.oem4f (.text:ti_sysbios_knl_Queue_Object__destruct__S)
                  00004990    0000001c     sysbios.aem4f : BIOS.obj (.text:ti_sysbios_knl_Task_enter__I)
                  000049ac    0000001c     ti.targets.arm.rtsarm.aem4f : Error.oem4f (.text:xdc_runtime_Error_raiseX__E)
                  000049c8    0000001c                                 : Memory.oem4f (.text:xdc_runtime_Memory_valloc__E)
                  000049e4    0000001c                                 : SysMin.oem4f (.text:xdc_runtime_SysMin_exit__E)
                  00004a00    0000001c                                 : System.oem4f (.text:xdc_runtime_System_abort__E)
                  00004a1c    0000001a     idle_thread_pem4f.oem4f (.text:ti_sysbios_family_arm_m3_Hwi_Handle__label__S)
                  00004a36    0000001a     idle_thread_pem4f.oem4f (.text:ti_sysbios_gates_GateHwi_Handle__label__S)
                  00004a50    0000001a     idle_thread_pem4f.oem4f (.text:ti_sysbios_gates_GateMutex_Handle__label__S)
                  00004a6a    0000001a     idle_thread_pem4f.oem4f (.text:ti_sysbios_heaps_HeapMem_Handle__label__S)
                  00004a84    0000001a     idle_thread_pem4f.oem4f (.text:ti_sysbios_knl_Swi_Handle__label__S)
                  00004a9e    0000001a     idle_thread_pem4f.oem4f (.text:ti_sysbios_knl_Task_Handle__label__S)
                  00004ab8    0000001a     idle_thread_pem4f.oem4f (.text:xdc_runtime_System_aprintf__E)
                  00004ad2    0000001a     idle_thread_pem4f.oem4f (.text:xdc_runtime_System_printf__E)
                  00004aec    00000018     rtsv7M4_T_le_v4SPD16_eabi.lib : args_main.c.obj (.text:_args_main)
                  00004b04    00000018     idle_thread_pem4f.oem4f (.text:ti_sysbios_BIOS_rtsUnlock__I)
                  00004b1c    00000018     idle_thread_pem4f.oem4f (.text:ti_sysbios_family_arm_lm4_Timer_Module__startupDone__F)
                  00004b34    00000018     idle_thread_pem4f.oem4f (.text:ti_sysbios_family_arm_m3_Hwi_Module__startupDone__F)
                  00004b4c    00000018     sysbios.aem4f : m3_TaskSupport_asm.obj (.text:ti_sysbios_family_arm_m3_TaskSupport_swap__E)
                  00004b64    00000004     --HOLE-- [fill = 0]
                  00004b68    00000018                   : BIOS.obj (.text:ti_sysbios_gates_GateMutex_leave__E)
                  00004b80    00000018                   : BIOS.obj (.text:ti_sysbios_knl_Task_sleepTimeout__I)
                  00004b98    00000018     ti.targets.arm.rtsarm.aem4f : Error.oem4f (.text:xdc_runtime_Error_check__E)
                  00004bb0    00000018                                 : System.oem4f (.text:xdc_runtime_System_exit__E)
                  00004bc8    00000018                                 : Text.oem4f (.text:xdc_runtime_Text_ropeText__E)
                  00004be0    00000016     idle_thread.obj (.text:main)
                  00004bf6    00000016     idle_thread_pem4f.oem4f (.text:ti_sysbios_BIOS_exitFunc__I)
                  00004c0c    00000014     rtsv7M4_T_le_v4SPD16_eabi.lib : strlen.c.obj (.text:strlen)
                  00004c20    00000014     idle_thread_pem4f.oem4f (.text:ti_sysbios_family_arm_m3_Hwi_Object__get__S)
                  00004c34    00000004     --HOLE-- [fill = 0]
                  00004c38    00000014     sysbios.aem4f : BIOS.obj (.text:ti_sysbios_family_arm_m3_Hwi_switchFromBootStack__E)
                  00004c4c    00000014     idle_thread_pem4f.oem4f (.text:ti_sysbios_heaps_HeapMem_Object__get__S)
                  00004c60    00000014     idle_thread_pem4f.oem4f (.text:ti_sysbios_knl_Swi_Object__get__S)
                  00004c74    00000012     driverlib.lib : gpio.obj (.text:GPIOPinTypeGPIOInput)
                  00004c86    00000002     --HOLE-- [fill = 0]
                  00004c88    00000012     sysbios.aem4f : BIOS.obj (.text:ti_sysbios_hal_Hwi_Module_startup__E)
                  00004c9a    00000012     idle_thread_pem4f.oem4f (.text:xdc_runtime_Startup_exec__I)
                  00004cac    00000010     idle_thread.obj (.text:ledController)
                  00004cbc    00000004     --HOLE-- [fill = 0]
                  00004cc0    00000010     sysbios.aem4f : BIOS.obj (.text:ti_sysbios_BIOS_setThreadType__E)
                  00004cd0    00000010                   : BIOS.obj (.text:ti_sysbios_BIOS_start__E)
                  00004ce0    00000010                   : m3_TaskSupport_asm.obj (.text:ti_sysbios_family_arm_m3_TaskSupport_glue)
                  00004cf0    00000010                   : BIOS.obj (.text:ti_sysbios_gates_GateMutex_Instance_finalize__E)
                  00004d00    00000010                   : BIOS.obj (.text:ti_sysbios_knl_Semaphore_Instance_finalize__E)
                  00004d10    00000010                   : BIOS.obj (.text:ti_sysbios_knl_Swi_disable__E)
                  00004d20    00000010     idle_thread_pem4f.oem4f (.text:ti_sysbios_knl_Task_Object__get__S)
                  00004d30    00000010     sysbios.aem4f : BIOS.obj (.text:ti_sysbios_knl_Task_disable__E)
                  00004d40    00000010     ti.targets.arm.rtsarm.aem4f : Gate.oem4f (.text:xdc_runtime_Gate_leaveSystem__E)
                  00004d50    00000010                                 : Memory.oem4f (.text:xdc_runtime_Memory_free__E)
                  00004d60    00000010                                 : SysMin.oem4f (.text:xdc_runtime_SysMin_ready__E)
                  00004d70    00000010                                 : System.oem4f (.text:xdc_runtime_System_vsnprintf__E)
                  00004d80    00000010     idle_thread_pem4f.oem4f (.text:xdc_runtime_Text_visitRope__I)
                  00004d90    0000000e     driverlib.lib : gpio.obj (.text:GPIOIntStatus)
                  00004d9e    0000000e     rtsv7M4_T_le_v4SPD16_eabi.lib : copy_decompress_none.c.obj (.text:decompress:none:__TI_decompress_none)
                  00004dac    00000004     --HOLE-- [fill = 0]
                  00004db0    0000000e     sysbios.aem4f : BIOS.obj (.text:ti_sysbios_knl_Idle_loop__E)
                  00004dbe    00000002     --HOLE-- [fill = 0]
                  00004dc0    0000000e                   : BIOS.obj (.text:ti_sysbios_knl_Queue_empty__E)
                  00004dce    00000002     --HOLE-- [fill = 0]
                  00004dd0    0000000c     idle_thread_pem4f.oem4f (.text:.bootCodeSection:ti_catalog_arm_cortexm4_tiva_ce_Boot_init__I)
                  00004ddc    0000000c     rtsv7M4_T_le_v4SPD16_eabi.lib : _lock.c.obj (.text:_register_lock)
                  00004de8    0000000c                                   : _lock.c.obj (.text:_register_unlock)
                  00004df4    0000000c                                   : copy_zero_init.c.obj (.text:decompress:ZI:__TI_zero_init)
                  00004e00    0000000c     sysbios.aem4f : BIOS.obj (.text:ti_sysbios_family_arm_lm4_Timer_getMaxTicks__E)
                  00004e0c    0000000c     idle_thread_pem4f.oem4f (.text:ti_sysbios_family_arm_m3_Hwi_Params__init__S)
                  00004e18    0000000c     sysbios.aem4f : BIOS.obj (.text:ti_sysbios_family_arm_m3_Hwi_disableFxn__E)
                  00004e24    00000004     --HOLE-- [fill = 0]
                  00004e28    0000000c                   : BIOS.obj (.text:ti_sysbios_family_arm_m3_TaskSupport_checkStack__E)
                  00004e34    00000004     --HOLE-- [fill = 0]
                  00004e38    0000000c                   : BIOS.obj (.text:ti_sysbios_gates_GateHwi_enter__E)
                  00004e44    0000000c     idle_thread_pem4f.oem4f (.text:ti_sysbios_knl_Queue_Object__get__S)
                  00004e50    0000000c     ti.targets.arm.rtsarm.aem4f : Error.oem4f (.text:xdc_runtime_Error_init__E)
                  00004e5c    0000000c                                 : Gate.oem4f (.text:xdc_runtime_Gate_enterSystem__E)
                  00004e68    0000000c                                 : Memory.oem4f (.text:xdc_runtime_Memory_calloc__E)
                  00004e74    0000000c                                 : Memory.oem4f (.text:xdc_runtime_Memory_getMaxDefaultTypeAlign__E)
                  00004e80    0000000a     idle_thread_pem4f.oem4f (.text:xdc_runtime_IHeap_alloc)
                  00004e8a    0000000a     idle_thread_pem4f.oem4f (.text:xdc_runtime_IHeap_free)
                  00004e94    00000008     sysbios.aem4f : BIOS.obj (.text:ti_sysbios_family_arm_lm4_Timer_masterDisable__I)
                  00004e9c    00000004     --HOLE-- [fill = 0]
                  00004ea0    00000008                   : BIOS.obj (.text:ti_sysbios_family_arm_m3_Hwi_doSwiRestore__I)
                  00004ea8    00000008                   : BIOS.obj (.text:ti_sysbios_family_arm_m3_Hwi_startup__E)
                  00004eb0    00000006     driverlib.lib : gpio.obj (.text:GPIOPinRead)
                  00004eb6    00000006                   : gpio.obj (.text:GPIOPinWrite)
                  00004ebc    00000006     Boot.aem4f : Boot_sysctl.oem4f (.text:ti_catalog_arm_cortexm4_tiva_ce_Boot_sysCtlDelayI__I)
                  00004ec2    00000006     ti.targets.arm.rtsarm.aem4f : System.oem4f (.text:xdc_runtime_System_Module_startup__E)
                  00004ec8    00000006     sysbios.aem4f : BIOS.obj (.text:ti_sysbios_family_arm_m3_Hwi_doTaskRestore__I)
                  00004ece    00000002     --HOLE-- [fill = 0]
                  00004ed0    00000006                   : BIOS.obj (.text:ti_sysbios_family_arm_m3_Hwi_restoreFxn__E)
                  00004ed6    00000002     --HOLE-- [fill = 0]
                  00004ed8    00000006                   : BIOS.obj (.text:ti_sysbios_gates_GateHwi_leave__E)
                  00004ede    00000002     --HOLE-- [fill = 0]
                  00004ee0    00000006                   : BIOS.obj (.text:ti_sysbios_heaps_HeapMem_isBlocking__E)
                  00004ee6    00000002     --HOLE-- [fill = 0]
                  00004ee8    00000006                   : BIOS.obj (.text:ti_sysbios_knl_Queue_Instance_init__E)
                  00004eee    00000002     --HOLE-- [fill = 0]
                  00004ef0    00000006                   : BIOS.obj (.text:ti_sysbios_knl_Swi_startup__E)
                  00004ef6    00000002     --HOLE-- [fill = 0]
                  00004ef8    00000004                   : BIOS.obj (.text:ti_sysbios_gates_GateHwi_query__E)
                  00004efc    00000004     --HOLE-- [fill = 0]
                  00004f00    00000004                   : BIOS.obj (.text:ti_sysbios_gates_GateMutex_query__E)
                  00004f04    00000004     --HOLE-- [fill = 0]
                  00004f08    00000004                   : BIOS.obj (.text:ti_sysbios_knl_Task_startup__E)
                  00004f0c    00000004     --HOLE-- [fill = 0]
                  00004f10    00000002                   : BIOS.obj (.text:ti_sysbios_gates_GateHwi_Instance_init__E)
                  00004f12    00000006     --HOLE-- [fill = 0]
                  00004f18    00000002                   : BIOS.obj (.text:ti_sysbios_knl_Clock_logTick__E)

.const     0    00004f1c    00001e16     
                  00004f1c    00001861     idle_thread_pem4f.oem4f (.const:xdc_runtime_Text_charTab__A)
                  0000677d    00000001     idle_thread_pem4f.oem4f (.const:xdc_runtime_Error_policy__C)
                  0000677e    000000bc     idle_thread_pem4f.oem4f (.const:xdc_runtime_Text_nodeTab__A)
                  0000683a    00000054     drivers_tivaware.aem4f : GPIOTiva.oem4f (.const:.string)
                  0000688e    00000002     idle_thread_pem4f.oem4f (.const:ti_catalog_arm_cortexm4_tiva_ce_Boot_Module__id__C)
                  00006890    00000048     idle_thread_pem4f.oem4f (.const:.string)
                  000068d8    00000048     drivers_tivaware.aem4f : GPIOTiva.oem4f (.const:gpioBaseAddresses)
                  00006920    00000030     idle_thread_pem4f.oem4f (.const:ti_sysbios_family_arm_m3_Hwi_Object__PARAMS__C)
                  00006950    00000028     idle_thread_pem4f.oem4f (.const:ti_sysbios_heaps_HeapMem_Module__FXNS__C)
                  00006978    00000024     idle_thread_pem4f.oem4f (.const:ti_sysbios_gates_GateHwi_Module__FXNS__C)
                  0000699c    00000024     idle_thread_pem4f.oem4f (.const:ti_sysbios_gates_GateMutex_Module__FXNS__C)
                  000069c0    00000024     idle_thread_pem4f.oem4f (.const:ti_sysbios_heaps_HeapMem_Object__PARAMS__C)
                  000069e4    00000024     idle_thread_pem4f.oem4f (.const:ti_sysbios_knl_Semaphore_Object__PARAMS__C)
                  00006a08    00000020     idle_thread_pem4f.oem4f (.const:ti_sysbios_family_arm_m3_Hwi_Object__DESC__C)
                  00006a28    00000020     idle_thread_pem4f.oem4f (.const:ti_sysbios_gates_GateHwi_Object__DESC__C)
                  00006a48    00000020     idle_thread_pem4f.oem4f (.const:ti_sysbios_gates_GateMutex_Object__DESC__C)
                  00006a68    00000020     idle_thread_pem4f.oem4f (.const:ti_sysbios_heaps_HeapMem_Object__DESC__C)
                  00006a88    00000020     idle_thread_pem4f.oem4f (.const:ti_sysbios_knl_Queue_Object__DESC__C)
                  00006aa8    00000020     idle_thread_pem4f.oem4f (.const:ti_sysbios_knl_Semaphore_Object__DESC__C)
                  00006ac8    00000020     idle_thread_pem4f.oem4f (.const:xdc_runtime_Startup_sfxnTab__A)
                  00006ae8    00000018     idle_thread_pem4f.oem4f (.const:ti_sysbios_gates_GateHwi_Object__PARAMS__C)
                  00006b00    00000018     idle_thread_pem4f.oem4f (.const:ti_sysbios_gates_GateMutex_Object__PARAMS__C)
                  00006b18    00000018     idle_thread_pem4f.oem4f (.const:ti_sysbios_knl_Queue_Object__PARAMS__C)
                  00006b30    00000014     EK_TM4C123GXL.obj (.const:GPIOTiva_config)
                  00006b44    00000014     idle_thread_pem4f.oem4f (.const:xdc_runtime_Startup_firstFxns__A)
                  00006b58    00000010     idle_thread_pem4f.oem4f (.const:xdc_runtime_Startup_sfxnRts__A)
                  00006b68    00000008     idle_thread_pem4f.oem4f (.const:ti_sysbios_family_arm_m3_Hwi_excHookFuncs__A)
                  00006b70    00000008     idle_thread_pem4f.oem4f (.const:ti_sysbios_knl_Idle_funcList__A)
                  00006b78    00000008     idle_thread_pem4f.oem4f (.const:ti_sysbios_knl_Idle_funcList__C)
                  00006b80    00000008     idle_thread_pem4f.oem4f (.const:xdc_runtime_Startup_firstFxns__C)
                  00006b88    00000008     idle_thread_pem4f.oem4f (.const:xdc_runtime_Startup_lastFxns__C)
                  00006b90    00000004     idle_thread_pem4f.oem4f (.const:ti_catalog_arm_cortexm4_tiva_ce_Boot_A_mustUseEnhancedClockMode__C)
                  00006b94    00000004     idle_thread_pem4f.oem4f (.const:ti_catalog_arm_cortexm4_tiva_ce_Boot_Module__diagsEnabled__C)
                  00006b98    00000004     idle_thread_pem4f.oem4f (.const:ti_catalog_arm_cortexm4_tiva_ce_Boot_Module__diagsIncluded__C)
                  00006b9c    00000004     idle_thread_pem4f.oem4f (.const:ti_catalog_arm_cortexm4_tiva_ce_Boot_Module__diagsMask__C)
                  00006ba0    00000004     idle_thread_pem4f.oem4f (.const:ti_sysbios_family_arm_lm4_Timer_enableFunc__C)
                  00006ba4    00000004     idle_thread_pem4f.oem4f (.const:ti_sysbios_family_arm_lm4_Timer_numTimerDevices__C)
                  00006ba8    00000004     idle_thread_pem4f.oem4f (.const:ti_sysbios_family_arm_lm4_Timer_startupNeeded__C)
                  00006bac    00000004     idle_thread_pem4f.oem4f (.const:ti_sysbios_family_arm_m3_Hwi_E_NMI__C)
                  00006bb0    00000004     idle_thread_pem4f.oem4f (.const:ti_sysbios_family_arm_m3_Hwi_E_alreadyDefined__C)
                  00006bb4    00000004     idle_thread_pem4f.oem4f (.const:ti_sysbios_family_arm_m3_Hwi_E_busFault__C)
                  00006bb8    00000004     idle_thread_pem4f.oem4f (.const:ti_sysbios_family_arm_m3_Hwi_E_debugMon__C)
                  00006bbc    00000004     idle_thread_pem4f.oem4f (.const:ti_sysbios_family_arm_m3_Hwi_E_hardFault__C)
                  00006bc0    00000004     idle_thread_pem4f.oem4f (.const:ti_sysbios_family_arm_m3_Hwi_E_memFault__C)
                  00006bc4    00000004     idle_thread_pem4f.oem4f (.const:ti_sysbios_family_arm_m3_Hwi_E_noIsr__C)
                  00006bc8    00000004     idle_thread_pem4f.oem4f (.const:ti_sysbios_family_arm_m3_Hwi_E_reserved__C)
                  00006bcc    00000004     idle_thread_pem4f.oem4f (.const:ti_sysbios_family_arm_m3_Hwi_E_svCall__C)
                  00006bd0    00000004     idle_thread_pem4f.oem4f (.const:ti_sysbios_family_arm_m3_Hwi_E_usageFault__C)
                  00006bd4    00000004     idle_thread_pem4f.oem4f (.const:ti_sysbios_family_arm_m3_Hwi_NUM_INTERRUPTS__C)
                  00006bd8    00000004     idle_thread_pem4f.oem4f (.const:ti_sysbios_family_arm_m3_Hwi_Object__count__C)
                  00006bdc    00000004     idle_thread_pem4f.oem4f (.const:ti_sysbios_family_arm_m3_Hwi_ccr__C)
                  00006be0    00000004     idle_thread_pem4f.oem4f (.const:ti_sysbios_family_arm_m3_Hwi_excHandlerFunc__C)
                  00006be4    00000004     idle_thread_pem4f.oem4f (.const:ti_sysbios_family_arm_m3_Hwi_excHookFuncs__C)
                  00006be8    00000004     idle_thread_pem4f.oem4f (.const:ti_sysbios_family_arm_m3_Hwi_nullIsrFunc__C)
                  00006bec    00000004     idle_thread_pem4f.oem4f (.const:ti_sysbios_family_arm_m3_Hwi_priGroup__C)
                  00006bf0    00000004     idle_thread_pem4f.oem4f (.const:ti_sysbios_gates_GateMutex_A_badContext__C)
                  00006bf4    00000004     idle_thread_pem4f.oem4f (.const:ti_sysbios_gates_GateMutex_Instance_State_sem__O)
                  00006bf8    00000004     idle_thread_pem4f.oem4f (.const:ti_sysbios_gates_GateMutex_Module__diagsEnabled__C)
                  00006bfc    00000004     idle_thread_pem4f.oem4f (.const:ti_sysbios_gates_GateMutex_Module__diagsIncluded__C)
                  00006c00    00000004     idle_thread_pem4f.oem4f (.const:ti_sysbios_gates_GateMutex_Module__diagsMask__C)
                  00006c04    00000004     idle_thread_pem4f.oem4f (.const:ti_sysbios_hal_Hwi_E_stackOverflow__C)
                  00006c08    00000004     idle_thread_pem4f.oem4f (.const:ti_sysbios_heaps_HeapMem_A_align__C)
                  00006c0c    00000004     idle_thread_pem4f.oem4f (.const:ti_sysbios_heaps_HeapMem_A_heapSize__C)
                  00006c10    00000004     idle_thread_pem4f.oem4f (.const:ti_sysbios_heaps_HeapMem_A_invalidFree__C)
                  00006c14    00000004     idle_thread_pem4f.oem4f (.const:ti_sysbios_heaps_HeapMem_A_zeroBlock__C)
                  00006c18    00000004     idle_thread_pem4f.oem4f (.const:ti_sysbios_heaps_HeapMem_E_memory__C)
                  00006c1c    00000004     idle_thread_pem4f.oem4f (.const:ti_sysbios_heaps_HeapMem_Module__diagsEnabled__C)
                  00006c20    00000004     idle_thread_pem4f.oem4f (.const:ti_sysbios_heaps_HeapMem_Module__diagsIncluded__C)
                  00006c24    00000004     idle_thread_pem4f.oem4f (.const:ti_sysbios_heaps_HeapMem_Module__diagsMask__C)
                  00006c28    00000004     idle_thread_pem4f.oem4f (.const:ti_sysbios_heaps_HeapMem_Module__gateObj__C)
                  00006c2c    00000004     idle_thread_pem4f.oem4f (.const:ti_sysbios_heaps_HeapMem_Object__count__C)
                  00006c30    00000004     idle_thread_pem4f.oem4f (.const:ti_sysbios_heaps_HeapMem_reqAlign__C)
                  00006c34    00000004     idle_thread_pem4f.oem4f (.const:ti_sysbios_knl_Clock_Module_State_clockQ__O)
                  00006c38    00000004     idle_thread_pem4f.oem4f (.const:ti_sysbios_knl_Semaphore_A_badContext__C)
                  00006c3c    00000004     idle_thread_pem4f.oem4f (.const:ti_sysbios_knl_Semaphore_A_noEvents__C)
                  00006c40    00000004     idle_thread_pem4f.oem4f (.const:ti_sysbios_knl_Semaphore_A_overflow__C)
                  00006c44    00000004     idle_thread_pem4f.oem4f (.const:ti_sysbios_knl_Semaphore_A_pendTaskDisabled__C)
                  00006c48    00000004     idle_thread_pem4f.oem4f (.const:ti_sysbios_knl_Semaphore_Instance_State_pendQ__O)
                  00006c4c    00000004     idle_thread_pem4f.oem4f (.const:ti_sysbios_knl_Semaphore_Module__diagsEnabled__C)
                  00006c50    00000004     idle_thread_pem4f.oem4f (.const:ti_sysbios_knl_Semaphore_Module__diagsIncluded__C)
                  00006c54    00000004     idle_thread_pem4f.oem4f (.const:ti_sysbios_knl_Semaphore_Module__diagsMask__C)
                  00006c58    00000004     idle_thread_pem4f.oem4f (.const:ti_sysbios_knl_Swi_Object__count__C)
                  00006c5c    00000004     idle_thread_pem4f.oem4f (.const:ti_sysbios_knl_Task_A_badTimeout__C)
                  00006c60    00000004     idle_thread_pem4f.oem4f (.const:ti_sysbios_knl_Task_A_sleepTaskDisabled__C)
                  00006c64    00000004     idle_thread_pem4f.oem4f (.const:ti_sysbios_knl_Task_E_spOutOfBounds__C)
                  00006c68    00000004     idle_thread_pem4f.oem4f (.const:ti_sysbios_knl_Task_E_stackOverflow__C)
                  00006c6c    00000004     idle_thread_pem4f.oem4f (.const:ti_sysbios_knl_Task_Module_State_inactiveQ__O)
                  00006c70    00000004     idle_thread_pem4f.oem4f (.const:ti_sysbios_knl_Task_Module__diagsEnabled__C)
                  00006c74    00000004     idle_thread_pem4f.oem4f (.const:ti_sysbios_knl_Task_Module__diagsIncluded__C)
                  00006c78    00000004     idle_thread_pem4f.oem4f (.const:ti_sysbios_knl_Task_Module__diagsMask__C)
                  00006c7c    00000004     idle_thread_pem4f.oem4f (.const:ti_sysbios_knl_Task_Object__count__C)
                  00006c80    00000004     idle_thread_pem4f.oem4f (.const:ti_sysbios_knl_Task_allBlockedFunc__C)
                  00006c84    00000004     idle_thread_pem4f.oem4f (.const:ti_sysbios_knl_Task_numConstructedTasks__C)
                  00006c88    00000004     idle_thread_pem4f.oem4f (.const:xdc_runtime_Assert_E_assertFailed__C)
                  00006c8c    00000004     idle_thread_pem4f.oem4f (.const:xdc_runtime_Core_A_initializedParams__C)
                  00006c90    00000004     idle_thread_pem4f.oem4f (.const:xdc_runtime_Core_Module__diagsEnabled__C)
                  00006c94    00000004     idle_thread_pem4f.oem4f (.const:xdc_runtime_Core_Module__diagsIncluded__C)
                  00006c98    00000004     idle_thread_pem4f.oem4f (.const:xdc_runtime_Core_Module__diagsMask__C)
                  00006c9c    00000004     idle_thread_pem4f.oem4f (.const:xdc_runtime_Error_E_memory__C)
                  00006ca0    00000004     idle_thread_pem4f.oem4f (.const:xdc_runtime_Error_Module__diagsEnabled__C)
                  00006ca4    00000004     idle_thread_pem4f.oem4f (.const:xdc_runtime_Error_Module__diagsIncluded__C)
                  00006ca8    00000004     idle_thread_pem4f.oem4f (.const:xdc_runtime_Error_Module__diagsMask__C)
                  00006cac    00000004     idle_thread_pem4f.oem4f (.const:xdc_runtime_Error_Module__loggerFxn8__C)
                  00006cb0    00000004     idle_thread_pem4f.oem4f (.const:xdc_runtime_Error_Module__loggerObj__C)
                  00006cb4    00000004     idle_thread_pem4f.oem4f (.const:xdc_runtime_Error_policyFxn__C)
                  00006cb8    00000004     idle_thread_pem4f.oem4f (.const:xdc_runtime_Error_raiseHook__C)
                  00006cbc    00000004     idle_thread_pem4f.oem4f (.const:xdc_runtime_IGateProvider_Interface__BASE__C)
                  00006cc0    00000004     idle_thread_pem4f.oem4f (.const:xdc_runtime_IHeap_Interface__BASE__C)
                  00006cc4    00000004     idle_thread_pem4f.oem4f (.const:xdc_runtime_IModule_Interface__BASE__C)
                  00006cc8    00000004     idle_thread_pem4f.oem4f (.const:xdc_runtime_Log_L_error__C)
                  00006ccc    00000004     idle_thread_pem4f.oem4f (.const:xdc_runtime_Memory_defaultHeapInstance__C)
                  00006cd0    00000004     idle_thread_pem4f.oem4f (.const:xdc_runtime_Startup_execImpl__C)
                  00006cd4    00000004     idle_thread_pem4f.oem4f (.const:xdc_runtime_Startup_maxPasses__C)
                  00006cd8    00000004     idle_thread_pem4f.oem4f (.const:xdc_runtime_Startup_sfxnRts__C)
                  00006cdc    00000004     idle_thread_pem4f.oem4f (.const:xdc_runtime_Startup_sfxnTab__C)
                  00006ce0    00000004     idle_thread_pem4f.oem4f (.const:xdc_runtime_SysMin_bufSize__C)
                  00006ce4    00000004     idle_thread_pem4f.oem4f (.const:xdc_runtime_SysMin_outputFunc__C)
                  00006ce8    00000004     idle_thread_pem4f.oem4f (.const:xdc_runtime_System_Module__gateObj__C)
                  00006cec    00000004     idle_thread_pem4f.oem4f (.const:xdc_runtime_System_abortFxn__C)
                  00006cf0    00000004     idle_thread_pem4f.oem4f (.const:xdc_runtime_System_exitFxn__C)
                  00006cf4    00000004     idle_thread_pem4f.oem4f (.const:xdc_runtime_System_extendFxn__C)
                  00006cf8    00000004     idle_thread_pem4f.oem4f (.const:xdc_runtime_System_maxAtexitHandlers__C)
                  00006cfc    00000004     idle_thread_pem4f.oem4f (.const:xdc_runtime_Text_charTab__C)
                  00006d00    00000004     idle_thread_pem4f.oem4f (.const:xdc_runtime_Text_nameEmpty__C)
                  00006d04    00000004     idle_thread_pem4f.oem4f (.const:xdc_runtime_Text_nameStatic__C)
                  00006d08    00000004     idle_thread_pem4f.oem4f (.const:xdc_runtime_Text_nameUnknown__C)
                  00006d0c    00000004     idle_thread_pem4f.oem4f (.const:xdc_runtime_Text_nodeTab__C)
                  00006d10    00000004     idle_thread_pem4f.oem4f (.const:xdc_runtime_Text_visitRopeFxn__C)
                  00006d14    00000002     idle_thread_pem4f.oem4f (.const:ti_sysbios_family_arm_m3_Hwi_Module__id__C)
                  00006d16    00000002     idle_thread_pem4f.oem4f (.const:ti_sysbios_gates_GateMutex_Module__id__C)
                  00006d18    00000002     idle_thread_pem4f.oem4f (.const:ti_sysbios_hal_Hwi_Module__id__C)
                  00006d1a    00000002     idle_thread_pem4f.oem4f (.const:ti_sysbios_heaps_HeapMem_Module__id__C)
                  00006d1c    00000002     idle_thread_pem4f.oem4f (.const:ti_sysbios_knl_Semaphore_Module__id__C)
                  00006d1e    00000002     idle_thread_pem4f.oem4f (.const:ti_sysbios_knl_Task_Module__id__C)
                  00006d20    00000002     idle_thread_pem4f.oem4f (.const:xdc_runtime_Core_Module__id__C)
                  00006d22    00000002     idle_thread_pem4f.oem4f (.const:xdc_runtime_Error_Module__loggerDefined__C)
                  00006d24    00000002     idle_thread_pem4f.oem4f (.const:xdc_runtime_Error_maxDepth__C)
                  00006d26    00000002     idle_thread_pem4f.oem4f (.const:xdc_runtime_Memory_Module__id__C)
                  00006d28    00000002     idle_thread_pem4f.oem4f (.const:xdc_runtime_SysMin_flushAtExit__C)
                  00006d2a    00000002     idle_thread_pem4f.oem4f (.const:xdc_runtime_Text_charCnt__C)
                  00006d2c    00000002     idle_thread_pem4f.oem4f (.const:xdc_runtime_Text_isLoaded__C)
                  00006d2e    00000002     idle_thread_pem4f.oem4f (.const:xdc_runtime_Text_registryModsLastId__C)
                  00006d30    00000002     idle_thread_pem4f.oem4f (.const:xdc_runtime_Text_unnamedModsLastId__C)

.cinit     0    00006d38    00000200     
                  00006d38    000001cb     (.cinit..data.load) [load image, compression = lzss]
                  00006f03    00000001     --HOLE-- [fill = 0]
                  00006f04    0000000c     (__TI_handler_table)
                  00006f10    00000008     (.cinit..bss.load) [load image, compression = zero_init]
                  00006f18    00000008     (.cinit..vecs.load) [load image, compression = zero_init]
                  00006f20    00000018     (__TI_cinit_table)

.init_array 
*          0    00000000    00000000     UNINITIALIZED

.resetVecs 
*          0    00000000    0000003c     
                  00000000    0000003c     idle_thread_pem4f.oem4f (.resetVecs)

.bss       0    20000360    00000b9c     UNINITIALIZED
                  20000360    00000400     (.common:ti_sysbios_heaps_HeapMem_Instance_State_0_buf__A)
                  20000760    00000360     (.common:ti_sysbios_family_arm_m3_Hwi_dispatchTable)
                  20000ac0    00000200     idle_thread_pem4f.oem4f (.bss:taskStackSection)
                  20000cc0    00000120     rtsv7M4_T_le_v4SPD16_eabi.lib : trgmsg.c.obj (.bss:_CIOBUF_)
                  20000de0    00000090     drivers_tivaware.aem4f : GPIOTiva.oem4f (.bss:gpioCallbackInfo)
                  20000e70    00000080     (.common:xdc_runtime_SysMin_Module_State_0_outbuf__A)
                  20000ef0    00000008     (.common:parmbuf)
                  20000ef8    00000004     (.common:gpioInterruptVectors)

.data      0    20000efc    000003fe     UNINITIALIZED
                  20000efc    00000080     idle_thread_pem4f.oem4f (.data:ti_sysbios_knl_Swi_Module_State_0_readyQ__A)
                  20000f7c    00000080     idle_thread_pem4f.oem4f (.data:ti_sysbios_knl_Task_Module_State_0_readyQ__A)
                  20000ffc    0000004c     idle_thread_pem4f.oem4f (.data:ti_sysbios_knl_Task_Object__table__V)
                  20001048    00000044     idle_thread_pem4f.oem4f (.data:ti_sysbios_knl_Task_Module__state__V)
                  2000108c    00000040     idle_thread_pem4f.oem4f (.data:ti_sysbios_family_arm_lm4_Timer_Object__table__V)
                  200010cc    00000038     idle_thread_pem4f.oem4f (.data:ti_sysbios_gates_GateMutex_Object__table__V)
                  20001104    00000034     idle_thread_pem4f.oem4f (.data:ti_sysbios_family_arm_m3_Hwi_Module__state__V)
                  20001138    00000030     idle_thread_pem4f.oem4f (.data:ti_sysbios_family_arm_lm4_Timer_Module_State_0_device__A)
                  20001168    00000030     idle_thread_pem4f.oem4f (.data:ti_sysbios_knl_Swi_Object__table__V)
                  20001198    0000002c     idle_thread_pem4f.oem4f (.data:ti_sysbios_knl_Clock_Module__state__V)
                  200011c4    00000024     idle_thread_pem4f.oem4f (.data:ti_sysbios_BIOS_Module__state__V)
                  200011e8    0000001c     idle_thread_pem4f.oem4f (.data:ti_sysbios_knl_Swi_Module__state__V)
                  20001204    00000018     idle_thread_pem4f.oem4f (.data:ti_sysbios_family_arm_lm4_Timer_Module_State_0_handles__A)
                  2000121c    00000018     idle_thread_pem4f.oem4f (.data:ti_sysbios_family_arm_m3_Hwi_Object__table__V)
                  20001234    00000018     idle_thread_pem4f.oem4f (.data:ti_sysbios_heaps_HeapMem_Object__table__V)
                  2000124c    00000014     EK_TM4C123GXL.obj (.data:gpioPinConfigs)
                  20001260    0000000c     idle_thread_pem4f.oem4f (.data:ti_sysbios_family_arm_lm4_Timer_Module__state__V)
                  2000126c    0000000c     idle_thread_pem4f.oem4f (.data:xdc_runtime_SysMin_Module__state__V)
                  20001278    00000008     rtsv7M4_T_le_v4SPD16_eabi.lib : _lock.c.obj (.data:$O1$$)
                  20001280    00000008     EK_TM4C123GXL.obj (.data:gpioCallbackFunctions)
                  20001288    00000008     idle_thread_pem4f.oem4f (.data:ti_sysbios_family_arm_m3_Hwi_Module__root__V)
                  20001290    00000008     idle_thread_pem4f.oem4f (.data:ti_sysbios_gates_GateHwi_Module__root__V)
                  20001298    00000008     idle_thread_pem4f.oem4f (.data:ti_sysbios_gates_GateMutex_Module__root__V)
                  200012a0    00000008     idle_thread_pem4f.oem4f (.data:ti_sysbios_heaps_HeapMem_Module__root__V)
                  200012a8    00000008     idle_thread_pem4f.oem4f (.data:ti_sysbios_knl_Queue_Module__root__V)
                  200012b0    00000008     idle_thread_pem4f.oem4f (.data:ti_sysbios_knl_Semaphore_Module__root__V)
                  200012b8    00000008     idle_thread_pem4f.oem4f (.data:xdc_runtime_Registry_Module__state__V)
                  200012c0    00000008     idle_thread_pem4f.oem4f (.data:xdc_runtime_Startup_Module__state__V)
                  200012c8    00000008     idle_thread_pem4f.oem4f (.data:xdc_runtime_System_Module_State_0_atexitHandlers__A)
                  200012d0    00000008     idle_thread_pem4f.oem4f (.data:xdc_runtime_System_Module__state__V)
                  200012d8    00000005     drivers_tivaware.aem4f : GPIOTiva.oem4f (.data)
                  200012dd    00000001     --HOLE--
                  200012de    00000002     idle_thread_pem4f.oem4f (.data:ti_sysbios_family_arm_m3_Hwi_Module_State_0_excActive__A)
                  200012e0    00000004     rtsv7M4_T_le_v4SPD16_eabi.lib : stkdepth_vars.c.obj (.data)
                  200012e4    00000004     idle_thread_pem4f.oem4f (.data:ti_sysbios_family_arm_m3_Hwi_Module_State_0_excContext__A)
                  200012e8    00000004     idle_thread_pem4f.oem4f (.data:ti_sysbios_family_arm_m3_Hwi_Module_State_0_excStack__A)
                  200012ec    00000004     idle_thread_pem4f.oem4f (.data:ti_sysbios_gates_GateHwi_Object__table__V)
                  200012f0    00000004     idle_thread_pem4f.oem4f (.data:ti_sysbios_knl_Task_Module_State_0_idleTask__A)
                  200012f4    00000004     idle_thread_pem4f.oem4f (.data:xdc_runtime_Memory_Module__state__V)
                  200012f8    00000002     idle_thread_pem4f.oem4f (.data:xdc_runtime_Error_Module__state__V)

.stack     0    20001300    00000300     UNINITIALIZED
                  20001300    00000300     --HOLE--

.bootVecs 
*          0    00000000    00000008     DSECT
                  00000000    00000008     boot.aem4f : boot.oem4f (.bootVecs)

.vecs      0    20000000    00000360     UNINITIALIZED
                  20000000    00000360     idle_thread_pem4f.oem4f (.vecs)

xdc.meta   0    00000000    000000ea     COPY SECTION
                  00000000    000000ea     idle_thread_pem4f.oem4f (xdc.meta)

MODULE SUMMARY

       Module                       code    ro data   rw data
       ------                       ----    -------   -------
    .\
       EK_TM4C123GXL.obj            112     20        28     
       idle_thread.obj              38      0         0      
    +--+----------------------------+-------+---------+---------+
       Total:                       150     20        28     
                                                             
    C:\Github_Sync\ARM_TI_RTOS_TIVA\idle_thread\Debug\configPkg\package\cfg\
       idle_thread_pem4f.oem4f      1558    7586      4368   
    +--+----------------------------+-------+---------+---------+
       Total:                       1558    7586      4368   
                                                             
    C:/ti/tirtos_tivac_2_16_00_08/products/TivaWare_C_Series-2.1.1.71b/driverlib/ccs/Debug/driverlib.lib
       gpio.obj                     482     0         0      
       sysctl.obj                   52      0         0      
    +--+----------------------------+-------+---------+---------+
       Total:                       534     0         0      
                                                             
    C:/ti/tirtos_tivac_2_16_00_08/products/tidrivers_tivac_2_16_00_08/packages/ti/drivers/lib/drivers_tivaware.aem4f
       GPIOTiva.oem4f               764     156       153    
    +--+----------------------------+-------+---------+---------+
       Total:                       764     156       153    
                                                             
    C:\Github_Sync\ARM_TI_RTOS_TIVA\idle_thread\src\sysbios\sysbios.aem4f
       BIOS.obj                     10906   0         0      
       m3_Hwi_asm.obj               314     0         0      
       m3_TaskSupport_asm.obj       180     0         0      
       m3_Hwi_asm_switch.obj        118     0         0      
    +--+----------------------------+-------+---------+---------+
       Total:                       11518   0         0      
                                                             
    C:\ti\ccsv8\tools\compiler\ti-cgt-arm_18.1.4.LTS\lib\rtsv7M4_T_le_v4SPD16_eabi.lib
       trgmsg.c.obj                 108     0         288    
       memcpy_t2.asm.obj            156     0         0      
       memset_t2.asm.obj            122     0         0      
       copy_decompress_lzss.c.obj   104     0         0      
       hostwrite.c.obj              88      0         0      
       cpy_tbl.c.obj                76      0         0      
       u_divt2.asm.obj              64      0         0      
       _lock.c.obj                  26      0         8      
       args_main.c.obj              24      0         0      
       strlen.c.obj                 20      0         0      
       copy_decompress_none.c.obj   14      0         0      
       copy_zero_init.c.obj         12      0         0      
       hostopen.c.obj               0       0         8      
       exit.c.obj                   4       0         0      
       stkdepth_vars.c.obj          0       0         4      
       div0.asm.obj                 2       0         0      
    +--+----------------------------+-------+---------+---------+
       Total:                       820     0         308    
                                                             
    C:\ti\tirtos_tivac_2_16_00_08\products\bios_6_45_01_29\packages\ti\catalog\arm\cortexm4\tiva\ce\lib\Boot.aem4f
       Boot_sysctl.oem4f            262     0         0      
       Boot.oem4f                   152     0         0      
    +--+----------------------------+-------+---------+---------+
       Total:                       414     0         0      
                                                             
    C:\ti\tirtos_tivac_2_16_00_08\products\bios_6_45_01_29\packages\ti\targets\arm\rtsarm\lib\auto_init.aem4f
       auto_init.oem4f              160     0         0      
    +--+----------------------------+-------+---------+---------+
       Total:                       160     0         0      
                                                             
    C:\ti\tirtos_tivac_2_16_00_08\products\bios_6_45_01_29\packages\ti\targets\arm\rtsarm\lib\boot.aem4f
       boot.oem4f                   88      0         0      
    +--+----------------------------+-------+---------+---------+
       Total:                       88      0         0      
                                                             
    C:\ti\tirtos_tivac_2_16_00_08\products\bios_6_45_01_29\packages\ti\targets\arm\rtsarm\lib\ti.targets.arm.rtsarm.aem4f
       System.oem4f                 1255    0         0      
       Text.oem4f                   672     0         0      
       Error.oem4f                  524     0         0      
       Core-mem.oem4f               358     0         0      
       Startup.oem4f                328     0         0      
       SysMin.oem4f                 248     0         0      
       Core-smem.oem4f              204     0         0      
       Memory.oem4f                 176     0         0      
       Assert.oem4f                 84      0         0      
       Core-params.oem4f            70      0         0      
       Core-label.oem4f             52      0         0      
       Registry.oem4f               32      0         0      
       Gate.oem4f                   28      0         0      
    +--+----------------------------+-------+---------+---------+
       Total:                       4031    0         0      
                                                             
       Stack:                       0       0         768    
       Linker Generated:            0       511       0      
    +--+----------------------------+-------+---------+---------+
       Grand Total:                 20037   8273      5625   


LINKER GENERATED COPY TABLES

__TI_cinit_table @ 00006f20 records: 3, size/record: 8, table size: 24
	.data: load addr=00006d38, load size=000001cb bytes, run addr=20000efc, run size=000003fe bytes, compression=lzss
	.bss: load addr=00006f10, load size=00000008 bytes, run addr=20000360, run size=00000b9c bytes, compression=zero_init
	.vecs: load addr=00006f18, load size=00000008 bytes, run addr=20000000, run size=00000360 bytes, compression=zero_init


LINKER GENERATED HANDLER TABLE

__TI_handler_table @ 00006f04 records: 3, size/record: 4, table size: 12
	index: 0, handler: __TI_decompress_lzss
	index: 1, handler: __TI_decompress_none
	index: 2, handler: __TI_zero_init


GLOBAL SYMBOLS: SORTED ALPHABETICALLY BY Name 

address   name                                                              
-------   ----                                                              
000007bd  C$$EXIT                                                           
00004033  C$$IO$$                                                           
000042cd  EK_TM4C123GXL_initGPIO                                            
00003e89  EK_TM4C123GXL_initGeneral                                         
000045c1  GPIODirModeSet                                                    
00004953  GPIOIntClear                                                      
00004d91  GPIOIntStatus                                                     
00003891  GPIOIntTypeSet                                                    
00001b2d  GPIOPadConfigSet                                                  
00004eb1  GPIOPinRead                                                       
00004c75  GPIOPinTypeGPIOInput                                              
00004eb7  GPIOPinWrite                                                      
00006b30  GPIOTiva_config                                                   
0000335d  GPIO_hwiIntFxn                                                    
00002ddd  GPIO_init                                                         
0000393d  GPIO_setCallback                                                  
0000161d  GPIO_setConfig                                                    
0000398d  GPIO_toggle                                                       
000037e1  HOSTwrite                                                         
UNDEFED   SHT$$INIT_ARRAY$$Base                                             
UNDEFED   SHT$$INIT_ARRAY$$Limit                                            
00004121  SysCtlPeripheralEnable                                            
00000000  __ASM__                                                           
20000cc0  __CIOBUF_                                                         
00000068  __ISA__                                                           
0000007b  __PLAT__                                                          
20001600  __STACK_END                                                       
00000300  __STACK_SIZE                                                      
0000009c  __TARG__                                                          
00006f20  __TI_CINIT_Base                                                   
00006f38  __TI_CINIT_Limit                                                  
00006f04  __TI_Handler_Table_Base                                           
00006f10  __TI_Handler_Table_Limit                                          
00002901  __TI_auto_init                                                    
0000328d  __TI_decompress_lzss                                              
00004d9f  __TI_decompress_none                                              
ffffffff  __TI_pprof_out_hndl                                               
ffffffff  __TI_prof_data_size                                               
ffffffff  __TI_prof_data_start                                              
00004155  __TI_readmsg                                                      
00006d38  __TI_static_base__                                                
00004005  __TI_writemsg                                                     
00004df5  __TI_zero_init                                                    
000000c2  __TRDR__                                                          
00002ff7  __aeabi_idiv0                                                     
00002ff7  __aeabi_ldiv0                                                     
00002f7d  __aeabi_memclr                                                    
00002f7d  __aeabi_memclr4                                                   
00002f7d  __aeabi_memclr8                                                   
00002a41  __aeabi_memcpy                                                    
00002a41  __aeabi_memcpy4                                                   
00002a41  __aeabi_memcpy8                                                   
00002f7f  __aeabi_memset                                                    
00002f7f  __aeabi_memset4                                                   
00002f7f  __aeabi_memset8                                                   
00003ec9  __aeabi_uidiv                                                     
00003ec9  __aeabi_uidivmod                                                  
ffffffff  __binit__                                                         
ffffffff  __c_args__                                                        
20001300  __stack                                                           
00004aed  _args_main                                                        
00003789  _c_int00                                                          
20001278  _lock                                                             
00002c17  _nop                                                              
00004ddd  _register_lock                                                    
00004de9  _register_unlock                                                  
2000127c  _unlock                                                           
000007bd  abort                                                             
ffffffff  binit                                                             
00003ad1  copy_in                                                           
20001280  gpioCallbackFunctions                                             
2000124c  gpioPinConfigs                                                    
00004cad  ledController                                                     
00004be1  main                                                              
200012e0  main_func_sp                                                      
00002a41  memcpy                                                            
00002f85  memset                                                            
00004d31  osi_TaskDisable                                                   
00004cd1  osi_start                                                         
20000ef0  parmbuf                                                           
00004c0d  strlen                                                            
00006b90  ti_catalog_arm_cortexm4_tiva_ce_Boot_A_mustUseEnhancedClockMode__C
00006b94  ti_catalog_arm_cortexm4_tiva_ce_Boot_Module__diagsEnabled__C      
00006b98  ti_catalog_arm_cortexm4_tiva_ce_Boot_Module__diagsIncluded__C     
00006b9c  ti_catalog_arm_cortexm4_tiva_ce_Boot_Module__diagsMask__C         
0000688e  ti_catalog_arm_cortexm4_tiva_ce_Boot_Module__id__C                
00004dd1  ti_catalog_arm_cortexm4_tiva_ce_Boot_init__I                      
00001d75  ti_catalog_arm_cortexm4_tiva_ce_Boot_sysCtlClockSetI__I           
00002c19  ti_catalog_arm_cortexm4_tiva_ce_Boot_sysCtlClockSet__E            
00004ebd  ti_catalog_arm_cortexm4_tiva_ce_Boot_sysCtlDelayI__I              
200011c4  ti_sysbios_BIOS_Module__state__V                                  
00004a51  ti_sysbios_BIOS_RtsGateProxy_Handle__label__S                     
0000471d  ti_sysbios_BIOS_RtsGateProxy_Object__delete__S                    
00000cfd  ti_sysbios_BIOS_RtsGateProxy_enter__E                             
0000114d  ti_sysbios_BIOS_RtsGateProxy_leave__E                             
00004f01  ti_sysbios_BIOS_RtsGateProxy_query__E                             
000042fd  ti_sysbios_BIOS_atExitFunc__I                                     
0000468d  ti_sysbios_BIOS_errorRaiseHook__I                                 
00004bf7  ti_sysbios_BIOS_exitFunc__I                                       
00003147  ti_sysbios_BIOS_nullFunc__I                                       
000046b1  ti_sysbios_BIOS_registerRTSLock__I                                
000046d5  ti_sysbios_BIOS_removeRTSLock__I                                  
000047f5  ti_sysbios_BIOS_rtsLock__I                                        
00004b05  ti_sysbios_BIOS_rtsUnlock__I                                      
00004cc1  ti_sysbios_BIOS_setThreadType__E                                  
000046f9  ti_sysbios_BIOS_startFunc__I                                      
00004cd1  ti_sysbios_BIOS_start__E                                          
20001138  ti_sysbios_family_arm_lm4_Timer_Module_State_0_device__A          
20001204  ti_sysbios_family_arm_lm4_Timer_Module_State_0_handles__A         
00004b1d  ti_sysbios_family_arm_lm4_Timer_Module__startupDone__F            
00004b1d  ti_sysbios_family_arm_lm4_Timer_Module__startupDone__S            
20001260  ti_sysbios_family_arm_lm4_Timer_Module__state__V                  
000033c1  ti_sysbios_family_arm_lm4_Timer_Module_startup__E                 
2000108c  ti_sysbios_family_arm_lm4_Timer_Object__table__V                  
00006ba0  ti_sysbios_family_arm_lm4_Timer_enableFunc__C                     
000027b1  ti_sysbios_family_arm_lm4_Timer_enableTimers__I                   
00002701  ti_sysbios_family_arm_lm4_Timer_enableTiva__I                     
00004e01  ti_sysbios_family_arm_lm4_Timer_getMaxTicks__E                    
000034f1  ti_sysbios_family_arm_lm4_Timer_isrStub__E                        
00004e95  ti_sysbios_family_arm_lm4_Timer_masterDisable__I                  
000014b5  ti_sysbios_family_arm_lm4_Timer_masterEnable__I                   
00006ba4  ti_sysbios_family_arm_lm4_Timer_numTimerDevices__C                
000019f9  ti_sysbios_family_arm_lm4_Timer_start__E                          
00006ba8  ti_sysbios_family_arm_lm4_Timer_startupNeeded__C                  
00003f09  ti_sysbios_family_arm_lm4_Timer_startup__E                        
00004331  ti_sysbios_family_arm_lm4_Timer_stop__E                           
000047b1  ti_sysbios_family_arm_lm4_Timer_write__I                          
00006bac  ti_sysbios_family_arm_m3_Hwi_E_NMI__C                             
00006bb0  ti_sysbios_family_arm_m3_Hwi_E_alreadyDefined__C                  
00006bb4  ti_sysbios_family_arm_m3_Hwi_E_busFault__C                        
00006bb8  ti_sysbios_family_arm_m3_Hwi_E_debugMon__C                        
00006bbc  ti_sysbios_family_arm_m3_Hwi_E_hardFault__C                       
00006bc0  ti_sysbios_family_arm_m3_Hwi_E_memFault__C                        
00006bc4  ti_sysbios_family_arm_m3_Hwi_E_noIsr__C                           
00006bc8  ti_sysbios_family_arm_m3_Hwi_E_reserved__C                        
00006bcc  ti_sysbios_family_arm_m3_Hwi_E_svCall__C                          
00006bd0  ti_sysbios_family_arm_m3_Hwi_E_usageFault__C                      
00004a1d  ti_sysbios_family_arm_m3_Hwi_Handle__label__S                     
00004189  ti_sysbios_family_arm_m3_Hwi_Instance_finalize__E                 
00002cb1  ti_sysbios_family_arm_m3_Hwi_Instance_init__E                     
200012de  ti_sysbios_family_arm_m3_Hwi_Module_State_0_excActive__A          
200012e4  ti_sysbios_family_arm_m3_Hwi_Module_State_0_excContext__A         
200012e8  ti_sysbios_family_arm_m3_Hwi_Module_State_0_excStack__A           
00006d14  ti_sysbios_family_arm_m3_Hwi_Module__id__C                        
20001288  ti_sysbios_family_arm_m3_Hwi_Module__root__V                      
00004b35  ti_sysbios_family_arm_m3_Hwi_Module__startupDone__F               
00004b35  ti_sysbios_family_arm_m3_Hwi_Module__startupDone__S               
20001104  ti_sysbios_family_arm_m3_Hwi_Module__state__V                     
000039e1  ti_sysbios_family_arm_m3_Hwi_Module_startup__E                    
00006bd4  ti_sysbios_family_arm_m3_Hwi_NUM_INTERRUPTS__C                    
00006a08  ti_sysbios_family_arm_m3_Hwi_Object__DESC__C                      
00006920  ti_sysbios_family_arm_m3_Hwi_Object__PARAMS__C                    
00006bd8  ti_sysbios_family_arm_m3_Hwi_Object__count__C                     
00004c21  ti_sysbios_family_arm_m3_Hwi_Object__get__S                       
2000121c  ti_sysbios_family_arm_m3_Hwi_Object__table__V                     
00004e0d  ti_sysbios_family_arm_m3_Hwi_Params__init__S                      
00006bdc  ti_sysbios_family_arm_m3_Hwi_ccr__C                               
00003425  ti_sysbios_family_arm_m3_Hwi_create                               
00004e19  ti_sysbios_family_arm_m3_Hwi_disableFxn__E                        
00003c11  ti_sysbios_family_arm_m3_Hwi_disableInterrupt__E                  
00003489  ti_sysbios_family_arm_m3_Hwi_dispatchC__I                         
20000760  ti_sysbios_family_arm_m3_Hwi_dispatchTable                        
00002165  ti_sysbios_family_arm_m3_Hwi_dispatch__I                          
00004ea1  ti_sysbios_family_arm_m3_Hwi_doSwiRestore__I                      
00004ec9  ti_sysbios_family_arm_m3_Hwi_doTaskRestore__I                     
00003c59  ti_sysbios_family_arm_m3_Hwi_enableInterrupt__E                   
00001341  ti_sysbios_family_arm_m3_Hwi_excBusFault__I                       
00002411  ti_sysbios_family_arm_m3_Hwi_excDebugMon__I                       
00000041  ti_sysbios_family_arm_m3_Hwi_excDumpRegs__I                       
00004815  ti_sysbios_family_arm_m3_Hwi_excHandlerAsm__I                     
00006be0  ti_sysbios_family_arm_m3_Hwi_excHandlerFunc__C                    
00000f51  ti_sysbios_family_arm_m3_Hwi_excHandlerMax__I                     
00004839  ti_sysbios_family_arm_m3_Hwi_excHandler__I                        
000024d1  ti_sysbios_family_arm_m3_Hwi_excHardFault__I                      
00006b68  ti_sysbios_family_arm_m3_Hwi_excHookFuncs__A                      
00006be4  ti_sysbios_family_arm_m3_Hwi_excHookFuncs__C                      
00001771  ti_sysbios_family_arm_m3_Hwi_excMemFault__I                       
000041c1  ti_sysbios_family_arm_m3_Hwi_excNmi__I                            
00004041  ti_sysbios_family_arm_m3_Hwi_excNoIsr__I                          
00003ca1  ti_sysbios_family_arm_m3_Hwi_excReserved__I                       
00003f49  ti_sysbios_family_arm_m3_Hwi_excSvCall__I                         
000014b9  ti_sysbios_family_arm_m3_Hwi_excUsageFault__I                     
00003d31  ti_sysbios_family_arm_m3_Hwi_getStackInfo__E                      
00002d49  ti_sysbios_family_arm_m3_Hwi_initNVIC__E                          
00003839  ti_sysbios_family_arm_m3_Hwi_initStacks__E                        
00006be8  ti_sysbios_family_arm_m3_Hwi_nullIsrFunc__C                       
e000e000  ti_sysbios_family_arm_m3_Hwi_nvic                                 
00004641  ti_sysbios_family_arm_m3_Hwi_pendSV__I                            
00002ef9  ti_sysbios_family_arm_m3_Hwi_postInit__I                          
00006bec  ti_sysbios_family_arm_m3_Hwi_priGroup__C                          
20000000  ti_sysbios_family_arm_m3_Hwi_ramVectors                           
00000000  ti_sysbios_family_arm_m3_Hwi_resetVectors                         
00004ed1  ti_sysbios_family_arm_m3_Hwi_restoreFxn__E                        
00004665  ti_sysbios_family_arm_m3_Hwi_return                               
00004ea9  ti_sysbios_family_arm_m3_Hwi_startup__E                           
00004c39  ti_sysbios_family_arm_m3_Hwi_switchFromBootStack__E               
0000176d  ti_sysbios_family_arm_m3_TaskSupport_Module__startupDone__S       
00002e69  ti_sysbios_family_arm_m3_TaskSupport_buildTaskStack               
00004e29  ti_sysbios_family_arm_m3_TaskSupport_checkStack__E                
00004ce1  ti_sysbios_family_arm_m3_TaskSupport_glue                         
00004361  ti_sysbios_family_arm_m3_TaskSupport_start__E                     
00004b4d  ti_sysbios_family_arm_m3_TaskSupport_swap__E                      
00004919  ti_sysbios_family_xxx_Hwi_switchAndRunFunc                        
00004a37  ti_sysbios_gates_GateHwi_Handle__label__S                         
00004f11  ti_sysbios_gates_GateHwi_Instance_init__E                         
00006978  ti_sysbios_gates_GateHwi_Module__FXNS__C                          
20001290  ti_sysbios_gates_GateHwi_Module__root__V                          
00006a28  ti_sysbios_gates_GateHwi_Object__DESC__C                          
00006ae8  ti_sysbios_gates_GateHwi_Object__PARAMS__C                        
00004391  ti_sysbios_gates_GateHwi_Object__create__S                        
00004859  ti_sysbios_gates_GateHwi_Object__delete__S                        
200012ec  ti_sysbios_gates_GateHwi_Object__table__V                         
00004e39  ti_sysbios_gates_GateHwi_enter__E                                 
00004ed9  ti_sysbios_gates_GateHwi_leave__E                                 
00004ef9  ti_sysbios_gates_GateHwi_query__E                                 
00006bf0  ti_sysbios_gates_GateMutex_A_badContext__C                        
00004a51  ti_sysbios_gates_GateMutex_Handle__label__S                       
00006bf4  ti_sysbios_gates_GateMutex_Instance_State_sem__O                  
[...]
00004d21  ti_sysbios_knl_Task_Object__get__S                                
00004d31  osi_TaskDisable                                                   
00004d31  ti_sysbios_knl_Task_disable__E                                    
00004d41  xdc_runtime_Gate_leaveSystem__E                                   
00004d51  xdc_runtime_Memory_free__E                                        
00004d61  xdc_runtime_SysMin_ready__E                                       
00004d61  xdc_runtime_System_SupportProxy_ready__E                          
00004d71  xdc_runtime_System_vsnprintf__E                                   
00004d81  xdc_runtime_Text_visitRope__I                                     
00004d91  GPIOIntStatus                                                     
00004d9f  __TI_decompress_none                                              
00004db1  ti_sysbios_knl_Idle_loop__E                                       
00004dc1  ti_sysbios_knl_Queue_empty__E                                     
00004dd1  ti_catalog_arm_cortexm4_tiva_ce_Boot_init__I                      
00004ddd  _register_lock                                                    
00004de9  _register_unlock                                                  
00004df5  __TI_zero_init                                                    
00004e01  ti_sysbios_family_arm_lm4_Timer_getMaxTicks__E                    
00004e0d  ti_sysbios_family_arm_m3_Hwi_Params__init__S                      
00004e0d  ti_sysbios_hal_Hwi_HwiProxy_Params__init__S                       
00004e19  ti_sysbios_family_arm_m3_Hwi_disableFxn__E                        
00004e19  ti_sysbios_hal_Hwi_HwiProxy_disable__E                            
00004e29  ti_sysbios_family_arm_m3_TaskSupport_checkStack__E                
00004e29  ti_sysbios_knl_Task_SupportProxy_checkStack__E                    
00004e39  ti_sysbios_gates_GateHwi_enter__E                                 
00004e45  ti_sysbios_knl_Queue_Object__get__S                               
00004e51  xdc_runtime_Error_init__E                                         
00004e5d  xdc_runtime_Gate_enterSystem__E                                   
00004e69  xdc_runtime_Memory_calloc__E                                      
00004e75  xdc_runtime_Memory_getMaxDefaultTypeAlign__E                      
00004e81  xdc_runtime_Memory_HeapProxy_alloc__E                             
00004e8b  xdc_runtime_Memory_HeapProxy_free__E                              
00004e95  ti_sysbios_family_arm_lm4_Timer_masterDisable__I                  
00004ea1  ti_sysbios_family_arm_m3_Hwi_doSwiRestore__I                      
00004ea9  ti_sysbios_family_arm_m3_Hwi_startup__E                           
00004ea9  ti_sysbios_hal_Hwi_HwiProxy_startup__E                            
00004ea9  ti_sysbios_hal_Hwi_startup__E                                     
00004eb1  GPIOPinRead                                                       
00004eb7  GPIOPinWrite                                                      
00004ebd  ti_catalog_arm_cortexm4_tiva_ce_Boot_sysCtlDelayI__I              
00004ec3  xdc_runtime_System_Module_startup__E                              
00004ec9  ti_sysbios_family_arm_m3_Hwi_doTaskRestore__I                     
00004ed1  ti_sysbios_family_arm_m3_Hwi_restoreFxn__E                        
00004ed1  ti_sysbios_hal_Hwi_HwiProxy_restore__E                            
00004ed9  ti_sysbios_gates_GateHwi_leave__E                                 
00004ee1  ti_sysbios_heaps_HeapMem_isBlocking__E                            
00004ee9  ti_sysbios_knl_Queue_Instance_init__E                             
00004ef1  ti_sysbios_knl_Swi_startup__E                                     
00004ef9  ti_sysbios_gates_GateHwi_query__E                                 
00004ef9  xdc_runtime_Main_Module_GateProxy_query__E                        
00004ef9  xdc_runtime_System_Module_GateProxy_query__E                      
00004f01  ti_sysbios_BIOS_RtsGateProxy_query__E                             
00004f01  ti_sysbios_gates_GateMutex_query__E                               
00004f01  ti_sysbios_heaps_HeapMem_Module_GateProxy_query__E                
00004f09  ti_sysbios_knl_Task_startup__E                                    
00004f11  ti_sysbios_gates_GateHwi_Instance_init__E                         
00004f19  ti_sysbios_knl_Clock_logTick__E                                   
00004f1c  xdc_runtime_Text_charTab__A                                       
0000677d  xdc_runtime_Error_policy__C                                       
0000677e  xdc_runtime_Text_nodeTab__A                                       
0000688e  ti_catalog_arm_cortexm4_tiva_ce_Boot_Module__id__C                
00006920  ti_sysbios_family_arm_m3_Hwi_Object__PARAMS__C                    
00006950  ti_sysbios_heaps_HeapMem_Module__FXNS__C                          
00006978  ti_sysbios_gates_GateHwi_Module__FXNS__C                          
0000699c  ti_sysbios_gates_GateMutex_Module__FXNS__C                        
000069c0  ti_sysbios_heaps_HeapMem_Object__PARAMS__C                        
000069e4  ti_sysbios_knl_Semaphore_Object__PARAMS__C                        
00006a08  ti_sysbios_family_arm_m3_Hwi_Object__DESC__C                      
00006a28  ti_sysbios_gates_GateHwi_Object__DESC__C                          
00006a48  ti_sysbios_gates_GateMutex_Object__DESC__C                        
00006a68  ti_sysbios_heaps_HeapMem_Object__DESC__C                          
00006a88  ti_sysbios_knl_Queue_Object__DESC__C                              
00006aa8  ti_sysbios_knl_Semaphore_Object__DESC__C                          
00006ac8  xdc_runtime_Startup_sfxnTab__A                                    
00006ae8  ti_sysbios_gates_GateHwi_Object__PARAMS__C                        
00006b00  ti_sysbios_gates_GateMutex_Object__PARAMS__C                      
00006b18  ti_sysbios_knl_Queue_Object__PARAMS__C                            
00006b30  GPIOTiva_config                                                   
00006b44  xdc_runtime_Startup_firstFxns__A                                  
00006b58  xdc_runtime_Startup_sfxnRts__A                                    
00006b68  ti_sysbios_family_arm_m3_Hwi_excHookFuncs__A                      
00006b70  ti_sysbios_knl_Idle_funcList__A                                   
00006b78  ti_sysbios_knl_Idle_funcList__C                                   
00006b80  xdc_runtime_Startup_firstFxns__C                                  
00006b88  xdc_runtime_Startup_lastFxns__C                                   
00006b90  ti_catalog_arm_cortexm4_tiva_ce_Boot_A_mustUseEnhancedClockMode__C
00006b94  ti_catalog_arm_cortexm4_tiva_ce_Boot_Module__diagsEnabled__C      
00006b98  ti_catalog_arm_cortexm4_tiva_ce_Boot_Module__diagsIncluded__C     
00006b9c  ti_catalog_arm_cortexm4_tiva_ce_Boot_Module__diagsMask__C         
00006ba0  ti_sysbios_family_arm_lm4_Timer_enableFunc__C                     
00006ba4  ti_sysbios_family_arm_lm4_Timer_numTimerDevices__C                
00006ba8  ti_sysbios_family_arm_lm4_Timer_startupNeeded__C                  
00006bac  ti_sysbios_family_arm_m3_Hwi_E_NMI__C                             
00006bb0  ti_sysbios_family_arm_m3_Hwi_E_alreadyDefined__C                  
00006bb4  ti_sysbios_family_arm_m3_Hwi_E_busFault__C                        
00006bb8  ti_sysbios_family_arm_m3_Hwi_E_debugMon__C                        
00006bbc  ti_sysbios_family_arm_m3_Hwi_E_hardFault__C                       
00006bc0  ti_sysbios_family_arm_m3_Hwi_E_memFault__C                        
00006bc4  ti_sysbios_family_arm_m3_Hwi_E_noIsr__C                           
00006bc8  ti_sysbios_family_arm_m3_Hwi_E_reserved__C                        
00006bcc  ti_sysbios_family_arm_m3_Hwi_E_svCall__C                          
00006bd0  ti_sysbios_family_arm_m3_Hwi_E_usageFault__C                      
00006bd4  ti_sysbios_family_arm_m3_Hwi_NUM_INTERRUPTS__C                    
00006bd8  ti_sysbios_family_arm_m3_Hwi_Object__count__C                     
00006bdc  ti_sysbios_family_arm_m3_Hwi_ccr__C                               
00006be0  ti_sysbios_family_arm_m3_Hwi_excHandlerFunc__C                    
00006be4  ti_sysbios_family_arm_m3_Hwi_excHookFuncs__C                      
00006be8  ti_sysbios_family_arm_m3_Hwi_nullIsrFunc__C                       
00006bec  ti_sysbios_family_arm_m3_Hwi_priGroup__C                          
00006bf0  ti_sysbios_gates_GateMutex_A_badContext__C                        
00006bf4  ti_sysbios_gates_GateMutex_Instance_State_sem__O                  
00006bf8  ti_sysbios_gates_GateMutex_Module__diagsEnabled__C                
00006bfc  ti_sysbios_gates_GateMutex_Module__diagsIncluded__C               
00006c00  ti_sysbios_gates_GateMutex_Module__diagsMask__C                   
00006c04  ti_sysbios_hal_Hwi_E_stackOverflow__C                             
00006c08  ti_sysbios_heaps_HeapMem_A_align__C                               
00006c0c  ti_sysbios_heaps_HeapMem_A_heapSize__C                            
00006c10  ti_sysbios_heaps_HeapMem_A_invalidFree__C                         
00006c14  ti_sysbios_heaps_HeapMem_A_zeroBlock__C                           
00006c18  ti_sysbios_heaps_HeapMem_E_memory__C                              
00006c1c  ti_sysbios_heaps_HeapMem_Module__diagsEnabled__C                  
00006c20  ti_sysbios_heaps_HeapMem_Module__diagsIncluded__C                 
00006c24  ti_sysbios_heaps_HeapMem_Module__diagsMask__C                     
00006c28  ti_sysbios_heaps_HeapMem_Module__gateObj__C                       
00006c2c  ti_sysbios_heaps_HeapMem_Object__count__C                         
00006c30  ti_sysbios_heaps_HeapMem_reqAlign__C                              
00006c34  ti_sysbios_knl_Clock_Module_State_clockQ__O                       
00006c38  ti_sysbios_knl_Semaphore_A_badContext__C                          
00006c3c  ti_sysbios_knl_Semaphore_A_noEvents__C                            
00006c40  ti_sysbios_knl_Semaphore_A_overflow__C                            
00006c44  ti_sysbios_knl_Semaphore_A_pendTaskDisabled__C                    
00006c48  ti_sysbios_knl_Semaphore_Instance_State_pendQ__O                  
00006c4c  ti_sysbios_knl_Semaphore_Module__diagsEnabled__C                  
00006c50  ti_sysbios_knl_Semaphore_Module__diagsIncluded__C                 
00006c54  ti_sysbios_knl_Semaphore_Module__diagsMask__C                     
00006c58  ti_sysbios_knl_Swi_Object__count__C                               
00006c5c  ti_sysbios_knl_Task_A_badTimeout__C                               
00006c60  ti_sysbios_knl_Task_A_sleepTaskDisabled__C                        
00006c64  ti_sysbios_knl_Task_E_spOutOfBounds__C                            
00006c68  ti_sysbios_knl_Task_E_stackOverflow__C                            
00006c6c  ti_sysbios_knl_Task_Module_State_inactiveQ__O                     
00006c70  ti_sysbios_knl_Task_Module__diagsEnabled__C                       
00006c74  ti_sysbios_knl_Task_Module__diagsIncluded__C                      
00006c78  ti_sysbios_knl_Task_Module__diagsMask__C                          
00006c7c  ti_sysbios_knl_Task_Object__count__C                              
00006c80  ti_sysbios_knl_Task_allBlockedFunc__C                             
00006c84  ti_sysbios_knl_Task_numConstructedTasks__C                        
00006c88  xdc_runtime_Assert_E_assertFailed__C                              
00006c8c  xdc_runtime_Core_A_initializedParams__C                           
00006c90  xdc_runtime_Core_Module__diagsEnabled__C                          
00006c94  xdc_runtime_Core_Module__diagsIncluded__C                         
00006c98  xdc_runtime_Core_Module__diagsMask__C                             
00006c9c  xdc_runtime_Error_E_memory__C                                     
00006ca0  xdc_runtime_Error_Module__diagsEnabled__C                         
00006ca4  xdc_runtime_Error_Module__diagsIncluded__C                        
00006ca8  xdc_runtime_Error_Module__diagsMask__C                            
00006cac  xdc_runtime_Error_Module__loggerFxn8__C                           
00006cb0  xdc_runtime_Error_Module__loggerObj__C                            
00006cb4  xdc_runtime_Error_policyFxn__C                                    
00006cb8  xdc_runtime_Error_raiseHook__C                                    
00006cbc  xdc_runtime_IGateProvider_Interface__BASE__C                      
00006cc0  xdc_runtime_IHeap_Interface__BASE__C                              
00006cc4  xdc_runtime_IModule_Interface__BASE__C                            
00006cc8  xdc_runtime_Log_L_error__C                                        
00006ccc  xdc_runtime_Memory_defaultHeapInstance__C                         
00006cd0  xdc_runtime_Startup_execImpl__C                                   
00006cd4  xdc_runtime_Startup_maxPasses__C                                  
00006cd8  xdc_runtime_Startup_sfxnRts__C                                    
00006cdc  xdc_runtime_Startup_sfxnTab__C                                    
00006ce0  xdc_runtime_SysMin_bufSize__C                                     
00006ce4  xdc_runtime_SysMin_outputFunc__C                                  
00006ce8  xdc_runtime_System_Module__gateObj__C                             
00006cec  xdc_runtime_System_abortFxn__C                                    
00006cf0  xdc_runtime_System_exitFxn__C                                     
00006cf4  xdc_runtime_System_extendFxn__C                                   
00006cf8  xdc_runtime_System_maxAtexitHandlers__C                           
00006cfc  xdc_runtime_Text_charTab__C                                       
00006d00  xdc_runtime_Text_nameEmpty__C                                     
00006d04  xdc_runtime_Text_nameStatic__C                                    
00006d08  xdc_runtime_Text_nameUnknown__C                                   
00006d0c  xdc_runtime_Text_nodeTab__C                                       
00006d10  xdc_runtime_Text_visitRopeFxn__C                                  
00006d14  ti_sysbios_family_arm_m3_Hwi_Module__id__C                        
00006d16  ti_sysbios_gates_GateMutex_Module__id__C                          
00006d18  ti_sysbios_hal_Hwi_Module__id__C                                  
00006d1a  ti_sysbios_heaps_HeapMem_Module__id__C                            
00006d1c  ti_sysbios_knl_Semaphore_Module__id__C                            
00006d1e  ti_sysbios_knl_Task_Module__id__C                                 
00006d20  xdc_runtime_Core_Module__id__C                                    
00006d22  xdc_runtime_Error_Module__loggerDefined__C                        
00006d24  xdc_runtime_Error_maxDepth__C                                     
00006d26  xdc_runtime_Memory_Module__id__C                                  
00006d28  xdc_runtime_SysMin_flushAtExit__C                                 
00006d2a  xdc_runtime_Text_charCnt__C                                       
00006d2c  xdc_runtime_Text_isLoaded__C                                      
00006d2e  xdc_runtime_Text_registryModsLastId__C                            
00006d30  xdc_runtime_Text_unnamedModsLastId__C                             
00006d38  __TI_static_base__                                                
00006f04  __TI_Handler_Table_Base                                           
00006f10  __TI_Handler_Table_Limit                                          
00006f20  __TI_CINIT_Base                                                   
00006f38  __TI_CINIT_Limit                                                  
20000000  ti_sysbios_family_arm_m3_Hwi_ramVectors                           
20000360  ti_sysbios_heaps_HeapMem_Instance_State_0_buf__A                  
20000760  ti_sysbios_family_arm_m3_Hwi_dispatchTable                        
20000ac0  ti_sysbios_knl_Task_Instance_State_0_stack__A                     
20000cc0  __CIOBUF_                                                         
20000e70  xdc_runtime_SysMin_Module_State_0_outbuf__A                       
20000ef0  parmbuf                                                           
20000efc  ti_sysbios_knl_Swi_Module_State_0_readyQ__A                       
20000f7c  ti_sysbios_knl_Task_Module_State_0_readyQ__A                      
20000ffc  ti_sysbios_knl_Task_Object__table__V                              
20001048  ti_sysbios_knl_Task_Module__state__V                              
2000108c  ti_sysbios_family_arm_lm4_Timer_Object__table__V                  
200010cc  ti_sysbios_gates_GateMutex_Object__table__V                       
20001104  ti_sysbios_family_arm_m3_Hwi_Module__state__V                     
20001138  ti_sysbios_family_arm_lm4_Timer_Module_State_0_device__A          
20001168  ti_sysbios_knl_Swi_Object__table__V                               
20001198  ti_sysbios_knl_Clock_Module__state__V                             
200011c4  ti_sysbios_BIOS_Module__state__V                                  
200011e8  ti_sysbios_knl_Swi_Module__state__V                               
20001204  ti_sysbios_family_arm_lm4_Timer_Module_State_0_handles__A         
2000121c  ti_sysbios_family_arm_m3_Hwi_Object__table__V                     
20001234  ti_sysbios_heaps_HeapMem_Object__table__V                         
2000124c  gpioPinConfigs                                                    
20001260  ti_sysbios_family_arm_lm4_Timer_Module__state__V                  
2000126c  xdc_runtime_SysMin_Module__state__V                               
20001278  _lock                                                             
2000127c  _unlock                                                           
20001280  gpioCallbackFunctions                                             
20001288  ti_sysbios_family_arm_m3_Hwi_Module__root__V                      
20001290  ti_sysbios_gates_GateHwi_Module__root__V                          
20001298  ti_sysbios_gates_GateMutex_Module__root__V                        
200012a0  ti_sysbios_heaps_HeapMem_Module__root__V                          
200012a8  ti_sysbios_knl_Queue_Module__root__V                              
200012b0  ti_sysbios_knl_Semaphore_Module__root__V                          
200012b8  xdc_runtime_Registry_Module__state__V                             
200012c0  xdc_runtime_Startup_Module__state__V                              
200012c8  xdc_runtime_System_Module_State_0_atexitHandlers__A               
200012d0  xdc_runtime_System_Module__state__V                               
200012de  ti_sysbios_family_arm_m3_Hwi_Module_State_0_excActive__A          
200012e0  main_func_sp                                                      
200012e4  ti_sysbios_family_arm_m3_Hwi_Module_State_0_excContext__A         
200012e8  ti_sysbios_family_arm_m3_Hwi_Module_State_0_excStack__A           
200012ec  ti_sysbios_gates_GateHwi_Object__table__V                         
200012f0  ti_sysbios_knl_Task_Module_State_0_idleTask__A                    
200012f4  xdc_runtime_Memory_Module__state__V                               
200012f8  xdc_runtime_Error_Module__state__V                                
20001300  __stack                                                           
20001600  __STACK_END                                                       
e000e000  ti_sysbios_family_arm_m3_Hwi_nvic                                 
ffffffff  __TI_pprof_out_hndl                                               
ffffffff  __TI_prof_data_size                                               
ffffffff  __TI_prof_data_start                                              
ffffffff  __binit__                                                         
ffffffff  __c_args__                                                        
ffffffff  binit                                                             
UNDEFED   SHT$$INIT_ARRAY$$Base                                             
UNDEFED   SHT$$INIT_ARRAY$$Limit                                            

[523 symbols]
