******************************************************************************
                  TI ARM Linker PC v18.12.4                    
******************************************************************************
>> Linked Thu Dec  5 17:31:53 2019

OUTPUT FILE NAME:   <idle_thread.out>
ENTRY POINT SYMBOL: "_c_int00"  address: 00003781


MEMORY CONFIGURATION

         name            origin    length      used     unused   attr    fill
----------------------  --------  ---------  --------  --------  ----  --------
  FLASH                 00000000   00040000  00006f24  000390dc  R  X
  SRAM                  20000000   00008000  000015fa  00006a06  RW X


SEGMENT ALLOCATION MAP

run origin  load origin   length   init length attrs members
----------  ----------- ---------- ----------- ----- -------
00000000    00000000    00006f30   00006f30    r-x
  00000000    00000000    0000003c   0000003c    r-- .resetVecs
  00000040    00000040    00004ed2   00004ed2    r-x .text
  00004f14    00004f14    00001e16   00001e16    r-- .const
  00006d30    00006d30    00000200   00000200    r-- .cinit
20000000    20000000    00001600   00000000    rw-
  20000000    20000000    00000360   00000000    rw- .vecs
  20000360    20000360    00000b9c   00000000    rw- .bss
  20000efc    20000efc    000003fe   00000000    rw- .data
  20001300    20001300    00000300   00000000    rw- .stack


SECTION ALLOCATION MAP

 output                                  attributes/
section   page    origin      length       input sections
--------  ----  ----------  ----------   ----------------
.text      0    00000040    00004ed2     
                  00000040    00000430     sysbios.aem4f : BIOS.obj (.text:ti_sysbios_family_arm_m3_Hwi_excDumpRegs__I)
                  00000470    0000034c     ti.targets.arm.rtsarm.aem4f : System.oem4f (.text:xdc_runtime_System_doPrint__I)
                  000007bc    00000004     rtsv7M4_T_le_v4SPD16_eabi.lib : exit.c.obj (.text:abort:abort)
                  000007c0    000002d0     sysbios.aem4f : BIOS.obj (.text:ti_sysbios_knl_Semaphore_pend__E)
                  00000a90    0000026c                   : BIOS.obj (.text:ti_sysbios_heaps_HeapMem_free__E)
                  00000cfc    00000004     idle_thread_pem4f.oem4f (.text:ti_sysbios_BIOS_RtsGateProxy_enter__E)
                  00000d00    00000250     sysbios.aem4f : BIOS.obj (.text:ti_sysbios_heaps_HeapMem_alloc__E)
                  00000f50    000001f4                   : BIOS.obj (.text:ti_sysbios_family_arm_m3_Hwi_excHandlerMax__I)
                  00001144    00000004     idle_thread_pem4f.oem4f (.text:ti_sysbios_BIOS_RtsGateProxy_leave__E)
                  00001148    000001f0     sysbios.aem4f : BIOS.obj (.text:ti_sysbios_knl_Task_sleep__E)
                  00001338    00000174                   : BIOS.obj (.text:ti_sysbios_family_arm_m3_Hwi_excBusFault__I)
                  000014ac    00000004                   : BIOS.obj (.text:ti_sysbios_family_arm_lm4_Timer_masterEnable__I)
                  000014b0    00000164                   : BIOS.obj (.text:ti_sysbios_family_arm_m3_Hwi_excUsageFault__I)
                  00001614    00000150     drivers_tivaware.aem4f : GPIOTiva.oem4f (.text:GPIO_setConfig)
                  00001764    00000004     idle_thread_pem4f.oem4f (.text:ti_sysbios_family_arm_m3_TaskSupport_Module__startupDone__S)
                  00001768    00000148     sysbios.aem4f : BIOS.obj (.text:ti_sysbios_family_arm_m3_Hwi_excMemFault__I)
                  000018b0    0000013c                   : BIOS.obj (.text:ti_sysbios_heaps_HeapMem_Instance_init__E)
                  000019ec    00000004     idle_thread_pem4f.oem4f (.text:ti_sysbios_heaps_HeapMem_Module_GateProxy_enter__E)
                  000019f0    00000134     sysbios.aem4f : BIOS.obj (.text:ti_sysbios_family_arm_lm4_Timer_start__E)
                  00001b24    00000130     driverlib.lib : gpio.obj (.text:GPIOPadConfigSet)
                  00001c54    00000118     ti.targets.arm.rtsarm.aem4f : Error.oem4f (.text:xdc_runtime_Error_policyDefault__E)
                  00001d6c    00000100     Boot.aem4f : Boot_sysctl.oem4f (.text:ti_catalog_arm_cortexm4_tiva_ce_Boot_sysCtlClockSetI__I)
                  00001e6c    00000100     ti.targets.arm.rtsarm.aem4f : Core-mem.oem4f (.text:xdc_runtime_Core_createObject__I)
                  00001f6c    000000f8                                 : Startup.oem4f (.text:xdc_runtime_Startup_startMods__I)
                  00002064    000000f8     idle_thread_pem4f.oem4f (.text:xdc_runtime_System_printfExtend__I)
                  0000215c    000000f4     sysbios.aem4f : m3_Hwi_asm.obj (.text:ti_sysbios_family_arm_m3_Hwi_dispatch__I)
                  00002250    000000ec                   : BIOS.obj (.text:ti_sysbios_knl_Semaphore_post__E)
                  0000233c    000000cc     ti.targets.arm.rtsarm.aem4f : Core-smem.oem4f (.text:xdc_runtime_Core_constructObject__I)
                  00002408    000000bc     sysbios.aem4f : BIOS.obj (.text:ti_sysbios_family_arm_m3_Hwi_excDebugMon__I)
                  000024c4    00000004     idle_thread_pem4f.oem4f (.text:ti_sysbios_heaps_HeapMem_Module_GateProxy_leave__E)
                  000024c8    000000bc     sysbios.aem4f : BIOS.obj (.text:ti_sysbios_family_arm_m3_Hwi_excHardFault__I)
                  00002584    00000004     idle_thread_pem4f.oem4f (.text:ti_sysbios_knl_Clock_TimerProxy_getMaxTicks__E)
                  00002588    000000b4     sysbios.aem4f : BIOS.obj (.text:ti_sysbios_gates_GateMutex_enter__E)
                  0000263c    00000004     idle_thread_pem4f.oem4f (.text:ti_sysbios_knl_Queue_destruct)
                  00002640    000000b4     sysbios.aem4f : BIOS.obj (.text:ti_sysbios_knl_Task_checkStacks__E)
                  000026f4    00000004     idle_thread_pem4f.oem4f (.text:ti_sysbios_knl_Semaphore_destruct)
                  000026f8    000000ac     sysbios.aem4f : BIOS.obj (.text:ti_sysbios_family_arm_lm4_Timer_enableTiva__I)
                  000027a4    00000004     ti.targets.arm.rtsarm.aem4f : Error.oem4f (.text:xdc_runtime_Error_getSite__E)
                  000027a8    000000a8     sysbios.aem4f : BIOS.obj (.text:ti_sysbios_family_arm_lm4_Timer_enableTimers__I)
                  00002850    000000a8                   : BIOS.obj (.text:ti_sysbios_knl_Task_postInit__I)
                  000028f8    000000a0     auto_init.aem4f : auto_init.oem4f (.text)
                  00002998    000000a0     ti.targets.arm.rtsarm.aem4f : Text.oem4f (.text:xdc_runtime_Text_putMod__E)
                  00002a38    0000009c     rtsv7M4_T_le_v4SPD16_eabi.lib : memcpy_t2.asm.obj (.text)
                  00002ad4    00000004     idle_thread_pem4f.oem4f (.text:xdc_runtime_System_Module_GateProxy_enter__E)
                  00002ad8    0000009c     sysbios.aem4f : BIOS.obj (.text:ti_sysbios_knl_Semaphore_Instance_init__E)
                  00002b74    0000009a     ti.targets.arm.rtsarm.aem4f : Text.oem4f (.text:xdc_runtime_Text_putSite__E)
                  00002c0e    00000002     rtsv7M4_T_le_v4SPD16_eabi.lib : _lock.c.obj (.text:_nop)
                  00002c10    00000098     Boot.aem4f : Boot.oem4f (.text:ti_catalog_arm_cortexm4_tiva_ce_Boot_sysCtlClockSet__E)
                  00002ca8    00000094     sysbios.aem4f : BIOS.obj (.text:ti_sysbios_family_arm_m3_Hwi_Instance_init__E)
                  00002d3c    00000004     idle_thread_pem4f.oem4f (.text:xdc_runtime_System_Module_GateProxy_leave__E)
                  00002d40    00000094     sysbios.aem4f : BIOS.obj (.text:ti_sysbios_family_arm_m3_Hwi_initNVIC__E)
                  00002dd4    0000008c     drivers_tivaware.aem4f : GPIOTiva.oem4f (.text:GPIO_init)
                  00002e60    0000008c     sysbios.aem4f : m3_TaskSupport_asm.obj (.text:ti_sysbios_family_arm_m3_TaskSupport_buildTaskStack)
                  00002eec    00000004     ti.targets.arm.rtsarm.aem4f : System.oem4f (.text:xdc_runtime_System_aprintf_va__F)
                  00002ef0    00000084     sysbios.aem4f : BIOS.obj (.text:ti_sysbios_family_arm_m3_Hwi_postInit__I)
                  00002f74    0000007a     rtsv7M4_T_le_v4SPD16_eabi.lib : memset_t2.asm.obj (.text)
                  00002fee    00000002                                   : div0.asm.obj (.text)
                  00002ff0    00000070     sysbios.aem4f : BIOS.obj (.text:ti_sysbios_knl_Clock_workFunc__E)
                  00003060    00000070                   : BIOS.obj (.text:ti_sysbios_knl_Task_exit__E)
                  000030d0    0000006d     ti.targets.arm.rtsarm.aem4f : System.oem4f (.text:xdc_runtime_System_formatNum__I)
                  0000313d    00000001     --HOLE-- [fill = 0]
                  0000313e    00000002     idle_thread_pem4f.oem4f (.text:ti_sysbios_BIOS_nullFunc__I)
                  00003140    0000006c     sysbios.aem4f : BIOS.obj (.text:ti_sysbios_knl_Swi_restoreHwi__E)
                  000031ac    0000006c     ti.targets.arm.rtsarm.aem4f : Error.oem4f (.text:xdc_runtime_Error_print__E)
                  00003218    0000006c                                 : Memory.oem4f (.text:xdc_runtime_Memory_alloc__E)
                  00003284    00000068     rtsv7M4_T_le_v4SPD16_eabi.lib : copy_decompress_lzss.c.obj (.text:decompress:lzss:__TI_decompress_lzss)
                  000032ec    00000066     ti.targets.arm.rtsarm.aem4f : Core-mem.oem4f (.text:xdc_runtime_Core_deleteObject__I)
                  00003352    00000002     idle_thread_pem4f.oem4f (.text:xdc_runtime_Startup_reset__I)
                  00003354    00000064     drivers_tivaware.aem4f : GPIOTiva.oem4f (.text:GPIO_hwiIntFxn)
                  000033b8    00000064     sysbios.aem4f : BIOS.obj (.text:ti_sysbios_family_arm_lm4_Timer_Module_startup__E)
                  0000341c    00000064     idle_thread_pem4f.oem4f (.text:ti_sysbios_family_arm_m3_Hwi_create)
                  00003480    00000064     sysbios.aem4f : BIOS.obj (.text:ti_sysbios_family_arm_m3_Hwi_dispatchC__I)
                  000034e4    00000004     ti.targets.arm.rtsarm.aem4f : System.oem4f (.text:xdc_runtime_System_printf_va__F)
                  000034e8    00000060     sysbios.aem4f : BIOS.obj (.text:ti_sysbios_family_arm_lm4_Timer_isrStub__E)
                  00003548    00000060                   : BIOS.obj (.text:ti_sysbios_knl_Task_schedule__I)
                  000035a8    0000005c                   : BIOS.obj (.text:ti_sysbios_knl_Swi_run__I)
                  00003604    00000004     --HOLE-- [fill = 0]
                  00003608    0000005c                   : BIOS.obj (.text:ti_sysbios_knl_Swi_schedule__I)
                  00003664    00000004     --HOLE-- [fill = 0]
                  00003668    0000005c                   : BIOS.obj (.text:ti_sysbios_knl_Task_Module_startup__E)
                  000036c4    00000004     --HOLE-- [fill = 0]
                  000036c8    0000005c                   : BIOS.obj (.text:ti_sysbios_knl_Task_startCore__E)
                  00003724    0000005b     ti.targets.arm.rtsarm.aem4f : Text.oem4f (.text:xdc_runtime_Text_putLab__E)
                  0000377f    00000001     --HOLE-- [fill = 0]
                  00003780    00000058     boot.aem4f : boot.oem4f (.text)
                  000037d8    00000058     rtsv7M4_T_le_v4SPD16_eabi.lib : hostwrite.c.obj (.text:HOSTwrite)
                  00003830    00000058     sysbios.aem4f : m3_Hwi_asm_switch.obj (.text:ti_sysbios_family_arm_m3_Hwi_initStacks__E)
                  00003888    00000056     driverlib.lib : gpio.obj (.text:GPIOIntTypeSet)
                  000038de    00000002     --HOLE-- [fill = 0]
                  000038e0    00000054     ti.targets.arm.rtsarm.aem4f : Assert.oem4f (.text:xdc_runtime_Assert_raise__I)
                  00003934    00000050     drivers_tivaware.aem4f : GPIOTiva.oem4f (.text:GPIO_setCallback)
                  00003984    00000050                            : GPIOTiva.oem4f (.text:GPIO_toggle)
                  000039d4    00000004     --HOLE-- [fill = 0]
                  000039d8    00000050     sysbios.aem4f : BIOS.obj (.text:ti_sysbios_family_arm_m3_Hwi_Module_startup__E)
                  00003a28    00000050     ti.targets.arm.rtsarm.aem4f : Startup.oem4f (.text:xdc_runtime_Startup_exec__E)
                  00003a78    00000050                                 : Text.oem4f (.text:xdc_runtime_Text_visitRope2__I)
                  00003ac8    0000004c     rtsv7M4_T_le_v4SPD16_eabi.lib : cpy_tbl.c.obj (.text:copy_in)
                  00003b14    00000004     --HOLE-- [fill = 0]
                  00003b18    0000004c     sysbios.aem4f : BIOS.obj (.text:ti_sysbios_heaps_HeapMem_getStats__E)
                  00003b64    00000004     --HOLE-- [fill = 0]
                  00003b68    0000004c                   : BIOS.obj (.text:ti_sysbios_knl_Swi_runLoop__I)
                  00003bb4    00000004     --HOLE-- [fill = 0]
                  00003bb8    0000004c                   : BIOS.obj (.text:ti_sysbios_knl_Task_allBlockedFunction__I)
                  00003c04    00000004     --HOLE-- [fill = 0]
                  00003c08    00000048                   : BIOS.obj (.text:ti_sysbios_family_arm_m3_Hwi_disableInterrupt__E)
                  00003c50    00000048                   : BIOS.obj (.text:ti_sysbios_family_arm_m3_Hwi_enableInterrupt__E)
                  00003c98    00000048                   : BIOS.obj (.text:ti_sysbios_family_arm_m3_Hwi_excReserved__I)
                  00003ce0    00000046     ti.targets.arm.rtsarm.aem4f : Core-params.oem4f (.text:xdc_runtime_Core_assignParams__I)
                  00003d26    00000002     --HOLE-- [fill = 0]
                  00003d28    00000044     sysbios.aem4f : BIOS.obj (.text:ti_sysbios_family_arm_m3_Hwi_getStackInfo__E)
                  00003d6c    00000004     --HOLE-- [fill = 0]
                  00003d70    00000044                   : BIOS.obj (.text:ti_sysbios_knl_Swi_post__E)
                  00003db4    00000044     ti.targets.arm.rtsarm.aem4f : Error.oem4f (.text:xdc_runtime_Error_setX__E)
                  00003df8    00000044                                 : SysMin.oem4f (.text:xdc_runtime_SysMin_flush__E)
                  00003e3c    00000044                                 : Text.oem4f (.text:xdc_runtime_Text_xprintf__I)
                  00003e80    00000040     EK_TM4C123GXL.obj (.text:EK_TM4C123GXL_initGeneral)
                  00003ec0    00000040     rtsv7M4_T_le_v4SPD16_eabi.lib : u_divt2.asm.obj (.text)
                  00003f00    00000040     sysbios.aem4f : BIOS.obj (.text:ti_sysbios_family_arm_lm4_Timer_startup__E)
                  00003f40    0000003c                   : BIOS.obj (.text:ti_sysbios_family_arm_m3_Hwi_excSvCall__I)
                  00003f7c    00000004     --HOLE-- [fill = 0]
                  00003f80    0000003c                   : BIOS.obj (.text:ti_sysbios_heaps_HeapMem_init__I)
                  00003fbc    00000004     --HOLE-- [fill = 0]
                  00003fc0    0000003c                   : BIOS.obj (.text:ti_sysbios_knl_Swi_restore__E)
                  00003ffc    00000038     rtsv7M4_T_le_v4SPD16_eabi.lib : trgmsg.c.obj (.text:__TI_writemsg)
                  00004034    00000004     --HOLE-- [fill = 0]
                  00004038    00000038     sysbios.aem4f : BIOS.obj (.text:ti_sysbios_family_arm_m3_Hwi_excNoIsr__I)
                  00004070    00000038                   : BIOS.obj (.text:ti_sysbios_knl_Task_processVitalTaskFlag__I)
                  000040a8    00000038     ti.targets.arm.rtsarm.aem4f : SysMin.oem4f (.text:xdc_runtime_SysMin_putch__E)
                  000040e0    00000038                                 : System.oem4f (.text:xdc_runtime_System_atexit__E)
                  00004118    00000034     driverlib.lib : sysctl.obj (.text:SysCtlPeripheralEnable)
                  0000414c    00000034     rtsv7M4_T_le_v4SPD16_eabi.lib : trgmsg.c.obj (.text:__TI_readmsg)
                  00004180    00000034     sysbios.aem4f : BIOS.obj (.text:ti_sysbios_family_arm_m3_Hwi_Instance_finalize__E)
                  000041b4    00000004     --HOLE-- [fill = 0]
                  000041b8    00000034                   : BIOS.obj (.text:ti_sysbios_family_arm_m3_Hwi_excNmi__I)
                  000041ec    00000004     --HOLE-- [fill = 0]
                  000041f0    00000034                   : BIOS.obj (.text:ti_sysbios_hal_Hwi_checkStack)
                  00004224    00000034     ti.targets.arm.rtsarm.aem4f : Core-label.oem4f (.text:xdc_runtime_Core_assignLabel__I)
                  00004258    00000033                                 : Text.oem4f (.text:xdc_runtime_Text_printVisFxn__I)
                  0000428b    00000005     --HOLE-- [fill = 0]
                  00004290    00000032     sysbios.aem4f : BIOS.obj (.text:ti_sysbios_hal_Hwi_initStack)
                  000042c2    00000002     --HOLE-- [fill = 0]
                  000042c4    00000030     EK_TM4C123GXL.obj (.text:EK_TM4C123GXL_initGPIO)
                  000042f4    00000030     idle_thread_pem4f.oem4f (.text:ti_sysbios_BIOS_atExitFunc__I)
                  00004324    00000004     --HOLE-- [fill = 0]
                  00004328    00000030     sysbios.aem4f : BIOS.obj (.text:ti_sysbios_family_arm_lm4_Timer_stop__E)
                  00004358    00000030                   : BIOS.obj (.text:ti_sysbios_family_arm_m3_TaskSupport_start__E)
                  00004388    00000030     idle_thread_pem4f.oem4f (.text:ti_sysbios_gates_GateHwi_Object__create__S)
                  000043b8    00000030     idle_thread_pem4f.oem4f (.text:ti_sysbios_gates_GateMutex_Object__create__S)
                  000043e8    00000030     idle_thread_pem4f.oem4f (.text:ti_sysbios_heaps_HeapMem_Object__create__S)
                  00004418    00000030     idle_thread_pem4f.oem4f (.text:ti_sysbios_knl_Semaphore_construct)
                  00004448    00000030     sysbios.aem4f : BIOS.obj (.text:ti_sysbios_knl_Semaphore_pendTimeout__I)
                  00004478    00000030                   : BIOS.obj (.text:ti_sysbios_knl_Task_unblockI__E)
                  000044a8    00000030     ti.targets.arm.rtsarm.aem4f : SysMin.oem4f (.text:xdc_runtime_SysMin_abort__E)
                  000044d8    00000030                                 : System.oem4f (.text:xdc_runtime_System_processAtExit__E)
                  00004508    0000002c     idle_thread_pem4f.oem4f (.text:ti_sysbios_knl_Clock_doTick__I)
                  00004534    0000002c     idle_thread_pem4f.oem4f (.text:ti_sysbios_knl_Queue_construct)
                  00004560    0000002c     sysbios.aem4f : BIOS.obj (.text:ti_sysbios_knl_Task_restore__E)
                  0000458c    0000002c     ti.targets.arm.rtsarm.aem4f : Text.oem4f (.text:xdc_runtime_Text_cordText__E)
                  000045b8    0000002a     driverlib.lib : gpio.obj (.text:GPIODirModeSet)
                  000045e2    0000002a     ti.targets.arm.rtsarm.aem4f : System.oem4f (.text:xdc_runtime_System_putchar__I)
                  0000460c    00000004     --HOLE-- [fill = 0]
                  00004610    00000028     sysbios.aem4f : BIOS.obj (.text:ti_sysbios_knl_Swi_Module_startup__E)
                  00004638    00000026                   : m3_Hwi_asm.obj (.text:ti_sysbios_family_arm_m3_Hwi_pendSV__I)
                  0000465e    00000026     ti.targets.arm.rtsarm.aem4f : System.oem4f (.text:xdc_runtime_System_avprintf__E)
                  00004684    00000024     idle_thread_pem4f.oem4f (.text:ti_sysbios_BIOS_errorRaiseHook__I)
                  000046a8    00000024     idle_thread_pem4f.oem4f (.text:ti_sysbios_BIOS_registerRTSLock__I)
                  000046cc    00000024     idle_thread_pem4f.oem4f (.text:ti_sysbios_BIOS_removeRTSLock__I)
                  000046f0    00000024     idle_thread_pem4f.oem4f (.text:ti_sysbios_BIOS_startFunc__I)
                  00004714    00000024     idle_thread_pem4f.oem4f (.text:ti_sysbios_gates_GateMutex_Object__delete__S)
                  00004738    00000024     sysbios.aem4f : BIOS.obj (.text:ti_sysbios_knl_Clock_Module_startup__E)
                  0000475c    00000004     --HOLE-- [fill = 0]
                  00004760    00000024                   : BIOS.obj (.text:ti_sysbios_knl_Task_restoreHwi__E)
                  00004784    00000024     ti.targets.arm.rtsarm.aem4f : System.oem4f (.text:xdc_runtime_System_vprintf__E)
                  000047a8    00000022     sysbios.aem4f : BIOS.obj (.text:ti_sysbios_family_arm_lm4_Timer_write__I)
                  000047ca    00000022     idle_thread_pem4f.oem4f (.text:xdc_runtime_SysMin_output__I)
                  000047ec    00000020     idle_thread_pem4f.oem4f (.text:ti_sysbios_BIOS_rtsLock__I)
                  0000480c    00000020     sysbios.aem4f : m3_Hwi_asm.obj (.text:ti_sysbios_family_arm_m3_Hwi_excHandlerAsm__I)
                  0000482c    00000004     --HOLE-- [fill = 0]
                  00004830    00000020                   : BIOS.obj (.text:ti_sysbios_family_arm_m3_Hwi_excHandler__I)
                  00004850    00000020     idle_thread_pem4f.oem4f (.text:ti_sysbios_gates_GateHwi_Object__delete__S)
                  00004870    00000020     idle_thread_pem4f.oem4f (.text:ti_sysbios_heaps_HeapMem_Object__delete__S)
                  00004890    00000020     sysbios.aem4f : BIOS.obj (.text:ti_sysbios_knl_Idle_run__E)
                  000048b0    00000020     idle_thread_pem4f.oem4f (.text:ti_sysbios_knl_Semaphore_Object__destruct__S)
                  000048d0    00000020     ti.targets.arm.rtsarm.aem4f : Registry.oem4f (.text:xdc_runtime_Registry_findById__E)
                  000048f0    00000020                                 : SysMin.oem4f (.text:xdc_runtime_SysMin_Module_startup__E)
                  00004910    0000001e     sysbios.aem4f : m3_Hwi_asm_switch.obj (.text:ti_sysbios_family_xxx_Hwi_switchAndRunFunc)
                  0000492e    0000001c     drivers_tivaware.aem4f : GPIOTiva.oem4f (.text:getGpioIntIndex)
                  0000494a    00000006     driverlib.lib : gpio.obj (.text:GPIOIntClear)
                  00004950    0000001c     sysbios.aem4f : BIOS.obj (.text:ti_sysbios_gates_GateMutex_Instance_init__E)
                  0000496c    0000001c     idle_thread_pem4f.oem4f (.text:ti_sysbios_knl_Queue_Object__destruct__S)
                  00004988    0000001c     sysbios.aem4f : BIOS.obj (.text:ti_sysbios_knl_Task_enter__I)
                  000049a4    0000001c     ti.targets.arm.rtsarm.aem4f : Error.oem4f (.text:xdc_runtime_Error_raiseX__E)
                  000049c0    0000001c                                 : Memory.oem4f (.text:xdc_runtime_Memory_valloc__E)
                  000049dc    0000001c                                 : SysMin.oem4f (.text:xdc_runtime_SysMin_exit__E)
                  000049f8    0000001c                                 : System.oem4f (.text:xdc_runtime_System_abort__E)
                  00004a14    0000001a     idle_thread_pem4f.oem4f (.text:ti_sysbios_family_arm_m3_Hwi_Handle__label__S)
                  00004a2e    0000001a     idle_thread_pem4f.oem4f (.text:ti_sysbios_gates_GateHwi_Handle__label__S)
                  00004a48    0000001a     idle_thread_pem4f.oem4f (.text:ti_sysbios_gates_GateMutex_Handle__label__S)
                  00004a62    0000001a     idle_thread_pem4f.oem4f (.text:ti_sysbios_heaps_HeapMem_Handle__label__S)
                  00004a7c    0000001a     idle_thread_pem4f.oem4f (.text:ti_sysbios_knl_Swi_Handle__label__S)
                  00004a96    0000001a     idle_thread_pem4f.oem4f (.text:ti_sysbios_knl_Task_Handle__label__S)
                  00004ab0    0000001a     idle_thread_pem4f.oem4f (.text:xdc_runtime_System_aprintf__E)
                  00004aca    0000001a     idle_thread_pem4f.oem4f (.text:xdc_runtime_System_printf__E)
                  00004ae4    00000018     rtsv7M4_T_le_v4SPD16_eabi.lib : args_main.c.obj (.text:_args_main)
                  00004afc    00000018     idle_thread_pem4f.oem4f (.text:ti_sysbios_BIOS_rtsUnlock__I)
                  00004b14    00000018     idle_thread_pem4f.oem4f (.text:ti_sysbios_family_arm_lm4_Timer_Module__startupDone__F)
                  00004b2c    00000018     idle_thread_pem4f.oem4f (.text:ti_sysbios_family_arm_m3_Hwi_Module__startupDone__F)
                  00004b44    00000018     sysbios.aem4f : m3_TaskSupport_asm.obj (.text:ti_sysbios_family_arm_m3_TaskSupport_swap__E)
                  00004b5c    00000004     --HOLE-- [fill = 0]
                  00004b60    00000018                   : BIOS.obj (.text:ti_sysbios_gates_GateMutex_leave__E)
                  00004b78    00000018                   : BIOS.obj (.text:ti_sysbios_knl_Task_sleepTimeout__I)
                  00004b90    00000018     ti.targets.arm.rtsarm.aem4f : Error.oem4f (.text:xdc_runtime_Error_check__E)
                  00004ba8    00000018                                 : System.oem4f (.text:xdc_runtime_System_exit__E)
                  00004bc0    00000018                                 : Text.oem4f (.text:xdc_runtime_Text_ropeText__E)
                  00004bd8    00000016     idle_thread.obj (.text:main)
                  00004bee    00000016     idle_thread_pem4f.oem4f (.text:ti_sysbios_BIOS_exitFunc__I)
                  00004c04    00000014     rtsv7M4_T_le_v4SPD16_eabi.lib : strlen.c.obj (.text:strlen)
                  00004c18    00000014     idle_thread_pem4f.oem4f (.text:ti_sysbios_family_arm_m3_Hwi_Object__get__S)
                  00004c2c    00000004     --HOLE-- [fill = 0]
                  00004c30    00000014     sysbios.aem4f : BIOS.obj (.text:ti_sysbios_family_arm_m3_Hwi_switchFromBootStack__E)
                  00004c44    00000014     idle_thread_pem4f.oem4f (.text:ti_sysbios_heaps_HeapMem_Object__get__S)
                  00004c58    00000014     idle_thread_pem4f.oem4f (.text:ti_sysbios_knl_Swi_Object__get__S)
                  00004c6c    00000012     driverlib.lib : gpio.obj (.text:GPIOPinTypeGPIOInput)
                  00004c7e    00000012     idle_thread.obj (.text:ledController)
                  00004c90    00000012     sysbios.aem4f : BIOS.obj (.text:ti_sysbios_hal_Hwi_Module_startup__E)
                  00004ca2    00000012     idle_thread_pem4f.oem4f (.text:xdc_runtime_Startup_exec__I)
                  00004cb4    00000004     --HOLE-- [fill = 0]
                  00004cb8    00000010     sysbios.aem4f : BIOS.obj (.text:ti_sysbios_BIOS_setThreadType__E)
                  00004cc8    00000010                   : BIOS.obj (.text:ti_sysbios_BIOS_start__E)
                  00004cd8    00000010                   : m3_TaskSupport_asm.obj (.text:ti_sysbios_family_arm_m3_TaskSupport_glue)
                  00004ce8    00000010                   : BIOS.obj (.text:ti_sysbios_gates_GateMutex_Instance_finalize__E)
                  00004cf8    00000010                   : BIOS.obj (.text:ti_sysbios_knl_Semaphore_Instance_finalize__E)
                  00004d08    00000010                   : BIOS.obj (.text:ti_sysbios_knl_Swi_disable__E)
                  00004d18    00000010     idle_thread_pem4f.oem4f (.text:ti_sysbios_knl_Task_Object__get__S)
                  00004d28    00000010     sysbios.aem4f : BIOS.obj (.text:ti_sysbios_knl_Task_disable__E)
                  00004d38    00000010     ti.targets.arm.rtsarm.aem4f : Gate.oem4f (.text:xdc_runtime_Gate_leaveSystem__E)
                  00004d48    00000010                                 : Memory.oem4f (.text:xdc_runtime_Memory_free__E)
                  00004d58    00000010                                 : SysMin.oem4f (.text:xdc_runtime_SysMin_ready__E)
                  00004d68    00000010                                 : System.oem4f (.text:xdc_runtime_System_vsnprintf__E)
                  00004d78    00000010     idle_thread_pem4f.oem4f (.text:xdc_runtime_Text_visitRope__I)
                  00004d88    0000000e     driverlib.lib : gpio.obj (.text:GPIOIntStatus)
                  00004d96    0000000e     rtsv7M4_T_le_v4SPD16_eabi.lib : copy_decompress_none.c.obj (.text:decompress:none:__TI_decompress_none)
                  00004da4    00000004     --HOLE-- [fill = 0]
                  00004da8    0000000e     sysbios.aem4f : BIOS.obj (.text:ti_sysbios_knl_Idle_loop__E)
                  00004db6    00000002     --HOLE-- [fill = 0]
                  00004db8    0000000e                   : BIOS.obj (.text:ti_sysbios_knl_Queue_empty__E)
                  00004dc6    00000002     --HOLE-- [fill = 0]
                  00004dc8    0000000c     idle_thread_pem4f.oem4f (.text:.bootCodeSection:ti_catalog_arm_cortexm4_tiva_ce_Boot_init__I)
                  00004dd4    0000000c     rtsv7M4_T_le_v4SPD16_eabi.lib : _lock.c.obj (.text:_register_lock)
                  00004de0    0000000c                                   : _lock.c.obj (.text:_register_unlock)
                  00004dec    0000000c                                   : copy_zero_init.c.obj (.text:decompress:ZI:__TI_zero_init)
                  00004df8    0000000c     sysbios.aem4f : BIOS.obj (.text:ti_sysbios_family_arm_lm4_Timer_getMaxTicks__E)
                  00004e04    0000000c     idle_thread_pem4f.oem4f (.text:ti_sysbios_family_arm_m3_Hwi_Params__init__S)
                  00004e10    0000000c     sysbios.aem4f : BIOS.obj (.text:ti_sysbios_family_arm_m3_Hwi_disableFxn__E)
                  00004e1c    00000004     --HOLE-- [fill = 0]
                  00004e20    0000000c                   : BIOS.obj (.text:ti_sysbios_family_arm_m3_TaskSupport_checkStack__E)
                  00004e2c    00000004     --HOLE-- [fill = 0]
                  00004e30    0000000c                   : BIOS.obj (.text:ti_sysbios_gates_GateHwi_enter__E)
                  00004e3c    0000000c     idle_thread_pem4f.oem4f (.text:ti_sysbios_knl_Queue_Object__get__S)
                  00004e48    0000000c     ti.targets.arm.rtsarm.aem4f : Error.oem4f (.text:xdc_runtime_Error_init__E)
                  00004e54    0000000c                                 : Gate.oem4f (.text:xdc_runtime_Gate_enterSystem__E)
                  00004e60    0000000c                                 : Memory.oem4f (.text:xdc_runtime_Memory_calloc__E)
                  00004e6c    0000000c                                 : Memory.oem4f (.text:xdc_runtime_Memory_getMaxDefaultTypeAlign__E)
                  00004e78    0000000a     idle_thread_pem4f.oem4f (.text:xdc_runtime_IHeap_alloc)
                  00004e82    0000000a     idle_thread_pem4f.oem4f (.text:xdc_runtime_IHeap_free)
                  00004e8c    00000008     sysbios.aem4f : BIOS.obj (.text:ti_sysbios_family_arm_lm4_Timer_masterDisable__I)
                  00004e94    00000004     --HOLE-- [fill = 0]
                  00004e98    00000008                   : BIOS.obj (.text:ti_sysbios_family_arm_m3_Hwi_doSwiRestore__I)
                  00004ea0    00000008                   : BIOS.obj (.text:ti_sysbios_family_arm_m3_Hwi_startup__E)
                  00004ea8    00000006     driverlib.lib : gpio.obj (.text:GPIOPinRead)
                  00004eae    00000006                   : gpio.obj (.text:GPIOPinWrite)
                  00004eb4    00000006     Boot.aem4f : Boot_sysctl.oem4f (.text:ti_catalog_arm_cortexm4_tiva_ce_Boot_sysCtlDelayI__I)
                  00004eba    00000006     ti.targets.arm.rtsarm.aem4f : System.oem4f (.text:xdc_runtime_System_Module_startup__E)
                  00004ec0    00000006     sysbios.aem4f : BIOS.obj (.text:ti_sysbios_family_arm_m3_Hwi_doTaskRestore__I)
                  00004ec6    00000002     --HOLE-- [fill = 0]
                  00004ec8    00000006                   : BIOS.obj (.text:ti_sysbios_family_arm_m3_Hwi_restoreFxn__E)
                  00004ece    00000002     --HOLE-- [fill = 0]
                  00004ed0    00000006                   : BIOS.obj (.text:ti_sysbios_gates_GateHwi_leave__E)
                  00004ed6    00000002     --HOLE-- [fill = 0]
                  00004ed8    00000006                   : BIOS.obj (.text:ti_sysbios_heaps_HeapMem_isBlocking__E)
                  00004ede    00000002     --HOLE-- [fill = 0]
                  00004ee0    00000006                   : BIOS.obj (.text:ti_sysbios_knl_Queue_Instance_init__E)
                  00004ee6    00000002     --HOLE-- [fill = 0]
                  00004ee8    00000006                   : BIOS.obj (.text:ti_sysbios_knl_Swi_startup__E)
                  00004eee    00000002     --HOLE-- [fill = 0]
                  00004ef0    00000004                   : BIOS.obj (.text:ti_sysbios_gates_GateHwi_query__E)
                  00004ef4    00000004     --HOLE-- [fill = 0]
                  00004ef8    00000004                   : BIOS.obj (.text:ti_sysbios_gates_GateMutex_query__E)
                  00004efc    00000004     --HOLE-- [fill = 0]
                  00004f00    00000004                   : BIOS.obj (.text:ti_sysbios_knl_Task_startup__E)
                  00004f04    00000004     --HOLE-- [fill = 0]
                  00004f08    00000002                   : BIOS.obj (.text:ti_sysbios_gates_GateHwi_Instance_init__E)
                  00004f0a    00000006     --HOLE-- [fill = 0]
                  00004f10    00000002                   : BIOS.obj (.text:ti_sysbios_knl_Clock_logTick__E)

.const     0    00004f14    00001e16     
                  00004f14    00001861     idle_thread_pem4f.oem4f (.const:xdc_runtime_Text_charTab__A)
                  00006775    00000001     idle_thread_pem4f.oem4f (.const:xdc_runtime_Error_policy__C)
                  00006776    000000bc     idle_thread_pem4f.oem4f (.const:xdc_runtime_Text_nodeTab__A)
                  00006832    00000054     drivers_tivaware.aem4f : GPIOTiva.oem4f (.const:.string)
                  00006886    00000002     idle_thread_pem4f.oem4f (.const:ti_catalog_arm_cortexm4_tiva_ce_Boot_Module__id__C)
                  00006888    00000048     idle_thread_pem4f.oem4f (.const:.string)
                  000068d0    00000048     drivers_tivaware.aem4f : GPIOTiva.oem4f (.const:gpioBaseAddresses)
                  00006918    00000030     idle_thread_pem4f.oem4f (.const:ti_sysbios_family_arm_m3_Hwi_Object__PARAMS__C)
                  00006948    00000028     idle_thread_pem4f.oem4f (.const:ti_sysbios_heaps_HeapMem_Module__FXNS__C)
                  00006970    00000024     idle_thread_pem4f.oem4f (.const:ti_sysbios_gates_GateHwi_Module__FXNS__C)
                  00006994    00000024     idle_thread_pem4f.oem4f (.const:ti_sysbios_gates_GateMutex_Module__FXNS__C)
                  000069b8    00000024     idle_thread_pem4f.oem4f (.const:ti_sysbios_heaps_HeapMem_Object__PARAMS__C)
                  000069dc    00000024     idle_thread_pem4f.oem4f (.const:ti_sysbios_knl_Semaphore_Object__PARAMS__C)
                  00006a00    00000020     idle_thread_pem4f.oem4f (.const:ti_sysbios_family_arm_m3_Hwi_Object__DESC__C)
                  00006a20    00000020     idle_thread_pem4f.oem4f (.const:ti_sysbios_gates_GateHwi_Object__DESC__C)
                  00006a40    00000020     idle_thread_pem4f.oem4f (.const:ti_sysbios_gates_GateMutex_Object__DESC__C)
                  00006a60    00000020     idle_thread_pem4f.oem4f (.const:ti_sysbios_heaps_HeapMem_Object__DESC__C)
                  00006a80    00000020     idle_thread_pem4f.oem4f (.const:ti_sysbios_knl_Queue_Object__DESC__C)
                  00006aa0    00000020     idle_thread_pem4f.oem4f (.const:ti_sysbios_knl_Semaphore_Object__DESC__C)
                  00006ac0    00000020     idle_thread_pem4f.oem4f (.const:xdc_runtime_Startup_sfxnTab__A)
                  00006ae0    00000018     idle_thread_pem4f.oem4f (.const:ti_sysbios_gates_GateHwi_Object__PARAMS__C)
                  00006af8    00000018     idle_thread_pem4f.oem4f (.const:ti_sysbios_gates_GateMutex_Object__PARAMS__C)
                  00006b10    00000018     idle_thread_pem4f.oem4f (.const:ti_sysbios_knl_Queue_Object__PARAMS__C)
                  00006b28    00000014     EK_TM4C123GXL.obj (.const:GPIOTiva_config)
                  00006b3c    00000014     idle_thread_pem4f.oem4f (.const:xdc_runtime_Startup_firstFxns__A)
                  00006b50    00000010     idle_thread_pem4f.oem4f (.const:xdc_runtime_Startup_sfxnRts__A)
                  00006b60    00000008     idle_thread_pem4f.oem4f (.const:ti_sysbios_family_arm_m3_Hwi_excHookFuncs__A)
                  00006b68    00000008     idle_thread_pem4f.oem4f (.const:ti_sysbios_knl_Idle_funcList__A)
                  00006b70    00000008     idle_thread_pem4f.oem4f (.const:ti_sysbios_knl_Idle_funcList__C)
                  00006b78    00000008     idle_thread_pem4f.oem4f (.const:xdc_runtime_Startup_firstFxns__C)
                  00006b80    00000008     idle_thread_pem4f.oem4f (.const:xdc_runtime_Startup_lastFxns__C)
                  00006b88    00000004     idle_thread_pem4f.oem4f (.const:ti_catalog_arm_cortexm4_tiva_ce_Boot_A_mustUseEnhancedClockMode__C)
                  00006b8c    00000004     idle_thread_pem4f.oem4f (.const:ti_catalog_arm_cortexm4_tiva_ce_Boot_Module__diagsEnabled__C)
                  00006b90    00000004     idle_thread_pem4f.oem4f (.const:ti_catalog_arm_cortexm4_tiva_ce_Boot_Module__diagsIncluded__C)
                  00006b94    00000004     idle_thread_pem4f.oem4f (.const:ti_catalog_arm_cortexm4_tiva_ce_Boot_Module__diagsMask__C)
                  00006b98    00000004     idle_thread_pem4f.oem4f (.const:ti_sysbios_family_arm_lm4_Timer_enableFunc__C)
                  00006b9c    00000004     idle_thread_pem4f.oem4f (.const:ti_sysbios_family_arm_lm4_Timer_numTimerDevices__C)
                  00006ba0    00000004     idle_thread_pem4f.oem4f (.const:ti_sysbios_family_arm_lm4_Timer_startupNeeded__C)
                  00006ba4    00000004     idle_thread_pem4f.oem4f (.const:ti_sysbios_family_arm_m3_Hwi_E_NMI__C)
                  00006ba8    00000004     idle_thread_pem4f.oem4f (.const:ti_sysbios_family_arm_m3_Hwi_E_alreadyDefined__C)
                  00006bac    00000004     idle_thread_pem4f.oem4f (.const:ti_sysbios_family_arm_m3_Hwi_E_busFault__C)
                  00006bb0    00000004     idle_thread_pem4f.oem4f (.const:ti_sysbios_family_arm_m3_Hwi_E_debugMon__C)
                  00006bb4    00000004     idle_thread_pem4f.oem4f (.const:ti_sysbios_family_arm_m3_Hwi_E_hardFault__C)
                  00006bb8    00000004     idle_thread_pem4f.oem4f (.const:ti_sysbios_family_arm_m3_Hwi_E_memFault__C)
                  00006bbc    00000004     idle_thread_pem4f.oem4f (.const:ti_sysbios_family_arm_m3_Hwi_E_noIsr__C)
                  00006bc0    00000004     idle_thread_pem4f.oem4f (.const:ti_sysbios_family_arm_m3_Hwi_E_reserved__C)
                  00006bc4    00000004     idle_thread_pem4f.oem4f (.const:ti_sysbios_family_arm_m3_Hwi_E_svCall__C)
                  00006bc8    00000004     idle_thread_pem4f.oem4f (.const:ti_sysbios_family_arm_m3_Hwi_E_usageFault__C)
                  00006bcc    00000004     idle_thread_pem4f.oem4f (.const:ti_sysbios_family_arm_m3_Hwi_NUM_INTERRUPTS__C)
                  00006bd0    00000004     idle_thread_pem4f.oem4f (.const:ti_sysbios_family_arm_m3_Hwi_Object__count__C)
                  00006bd4    00000004     idle_thread_pem4f.oem4f (.const:ti_sysbios_family_arm_m3_Hwi_ccr__C)
                  00006bd8    00000004     idle_thread_pem4f.oem4f (.const:ti_sysbios_family_arm_m3_Hwi_excHandlerFunc__C)
                  00006bdc    00000004     idle_thread_pem4f.oem4f (.const:ti_sysbios_family_arm_m3_Hwi_excHookFuncs__C)
                  00006be0    00000004     idle_thread_pem4f.oem4f (.const:ti_sysbios_family_arm_m3_Hwi_nullIsrFunc__C)
                  00006be4    00000004     idle_thread_pem4f.oem4f (.const:ti_sysbios_family_arm_m3_Hwi_priGroup__C)
                  00006be8    00000004     idle_thread_pem4f.oem4f (.const:ti_sysbios_gates_GateMutex_A_badContext__C)
                  00006bec    00000004     idle_thread_pem4f.oem4f (.const:ti_sysbios_gates_GateMutex_Instance_State_sem__O)
                  00006bf0    00000004     idle_thread_pem4f.oem4f (.const:ti_sysbios_gates_GateMutex_Module__diagsEnabled__C)
                  00006bf4    00000004     idle_thread_pem4f.oem4f (.const:ti_sysbios_gates_GateMutex_Module__diagsIncluded__C)
                  00006bf8    00000004     idle_thread_pem4f.oem4f (.const:ti_sysbios_gates_GateMutex_Module__diagsMask__C)
                  00006bfc    00000004     idle_thread_pem4f.oem4f (.const:ti_sysbios_hal_Hwi_E_stackOverflow__C)
                  00006c00    00000004     idle_thread_pem4f.oem4f (.const:ti_sysbios_heaps_HeapMem_A_align__C)
                  00006c04    00000004     idle_thread_pem4f.oem4f (.const:ti_sysbios_heaps_HeapMem_A_heapSize__C)
                  00006c08    00000004     idle_thread_pem4f.oem4f (.const:ti_sysbios_heaps_HeapMem_A_invalidFree__C)
                  00006c0c    00000004     idle_thread_pem4f.oem4f (.const:ti_sysbios_heaps_HeapMem_A_zeroBlock__C)
                  00006c10    00000004     idle_thread_pem4f.oem4f (.const:ti_sysbios_heaps_HeapMem_E_memory__C)
                  00006c14    00000004     idle_thread_pem4f.oem4f (.const:ti_sysbios_heaps_HeapMem_Module__diagsEnabled__C)
                  00006c18    00000004     idle_thread_pem4f.oem4f (.const:ti_sysbios_heaps_HeapMem_Module__diagsIncluded__C)
                  00006c1c    00000004     idle_thread_pem4f.oem4f (.const:ti_sysbios_heaps_HeapMem_Module__diagsMask__C)
                  00006c20    00000004     idle_thread_pem4f.oem4f (.const:ti_sysbios_heaps_HeapMem_Module__gateObj__C)
                  00006c24    00000004     idle_thread_pem4f.oem4f (.const:ti_sysbios_heaps_HeapMem_Object__count__C)
                  00006c28    00000004     idle_thread_pem4f.oem4f (.const:ti_sysbios_heaps_HeapMem_reqAlign__C)
                  00006c2c    00000004     idle_thread_pem4f.oem4f (.const:ti_sysbios_knl_Clock_Module_State_clockQ__O)
                  00006c30    00000004     idle_thread_pem4f.oem4f (.const:ti_sysbios_knl_Semaphore_A_badContext__C)
                  00006c34    00000004     idle_thread_pem4f.oem4f (.const:ti_sysbios_knl_Semaphore_A_noEvents__C)
                  00006c38    00000004     idle_thread_pem4f.oem4f (.const:ti_sysbios_knl_Semaphore_A_overflow__C)
                  00006c3c    00000004     idle_thread_pem4f.oem4f (.const:ti_sysbios_knl_Semaphore_A_pendTaskDisabled__C)
                  00006c40    00000004     idle_thread_pem4f.oem4f (.const:ti_sysbios_knl_Semaphore_Instance_State_pendQ__O)
                  00006c44    00000004     idle_thread_pem4f.oem4f (.const:ti_sysbios_knl_Semaphore_Module__diagsEnabled__C)
                  00006c48    00000004     idle_thread_pem4f.oem4f (.const:ti_sysbios_knl_Semaphore_Module__diagsIncluded__C)
                  00006c4c    00000004     idle_thread_pem4f.oem4f (.const:ti_sysbios_knl_Semaphore_Module__diagsMask__C)
                  00006c50    00000004     idle_thread_pem4f.oem4f (.const:ti_sysbios_knl_Swi_Object__count__C)
                  00006c54    00000004     idle_thread_pem4f.oem4f (.const:ti_sysbios_knl_Task_A_badTimeout__C)
                  00006c58    00000004     idle_thread_pem4f.oem4f (.const:ti_sysbios_knl_Task_A_sleepTaskDisabled__C)
                  00006c5c    00000004     idle_thread_pem4f.oem4f (.const:ti_sysbios_knl_Task_E_spOutOfBounds__C)
                  00006c60    00000004     idle_thread_pem4f.oem4f (.const:ti_sysbios_knl_Task_E_stackOverflow__C)
                  00006c64    00000004     idle_thread_pem4f.oem4f (.const:ti_sysbios_knl_Task_Module_State_inactiveQ__O)
                  00006c68    00000004     idle_thread_pem4f.oem4f (.const:ti_sysbios_knl_Task_Module__diagsEnabled__C)
                  00006c6c    00000004     idle_thread_pem4f.oem4f (.const:ti_sysbios_knl_Task_Module__diagsIncluded__C)
                  00006c70    00000004     idle_thread_pem4f.oem4f (.const:ti_sysbios_knl_Task_Module__diagsMask__C)
                  00006c74    00000004     idle_thread_pem4f.oem4f (.const:ti_sysbios_knl_Task_Object__count__C)
                  00006c78    00000004     idle_thread_pem4f.oem4f (.const:ti_sysbios_knl_Task_allBlockedFunc__C)
                  00006c7c    00000004     idle_thread_pem4f.oem4f (.const:ti_sysbios_knl_Task_numConstructedTasks__C)
                  00006c80    00000004     idle_thread_pem4f.oem4f (.const:xdc_runtime_Assert_E_assertFailed__C)
                  00006c84    00000004     idle_thread_pem4f.oem4f (.const:xdc_runtime_Core_A_initializedParams__C)
                  00006c88    00000004     idle_thread_pem4f.oem4f (.const:xdc_runtime_Core_Module__diagsEnabled__C)
                  00006c8c    00000004     idle_thread_pem4f.oem4f (.const:xdc_runtime_Core_Module__diagsIncluded__C)
                  00006c90    00000004     idle_thread_pem4f.oem4f (.const:xdc_runtime_Core_Module__diagsMask__C)
                  00006c94    00000004     idle_thread_pem4f.oem4f (.const:xdc_runtime_Error_E_memory__C)
                  00006c98    00000004     idle_thread_pem4f.oem4f (.const:xdc_runtime_Error_Module__diagsEnabled__C)
                  00006c9c    00000004     idle_thread_pem4f.oem4f (.const:xdc_runtime_Error_Module__diagsIncluded__C)
                  00006ca0    00000004     idle_thread_pem4f.oem4f (.const:xdc_runtime_Error_Module__diagsMask__C)
                  00006ca4    00000004     idle_thread_pem4f.oem4f (.const:xdc_runtime_Error_Module__loggerFxn8__C)
                  00006ca8    00000004     idle_thread_pem4f.oem4f (.const:xdc_runtime_Error_Module__loggerObj__C)
                  00006cac    00000004     idle_thread_pem4f.oem4f (.const:xdc_runtime_Error_policyFxn__C)
                  00006cb0    00000004     idle_thread_pem4f.oem4f (.const:xdc_runtime_Error_raiseHook__C)
                  00006cb4    00000004     idle_thread_pem4f.oem4f (.const:xdc_runtime_IGateProvider_Interface__BASE__C)
                  00006cb8    00000004     idle_thread_pem4f.oem4f (.const:xdc_runtime_IHeap_Interface__BASE__C)
                  00006cbc    00000004     idle_thread_pem4f.oem4f (.const:xdc_runtime_IModule_Interface__BASE__C)
                  00006cc0    00000004     idle_thread_pem4f.oem4f (.const:xdc_runtime_Log_L_error__C)
                  00006cc4    00000004     idle_thread_pem4f.oem4f (.const:xdc_runtime_Memory_defaultHeapInstance__C)
                  00006cc8    00000004     idle_thread_pem4f.oem4f (.const:xdc_runtime_Startup_execImpl__C)
                  00006ccc    00000004     idle_thread_pem4f.oem4f (.const:xdc_runtime_Startup_maxPasses__C)
                  00006cd0    00000004     idle_thread_pem4f.oem4f (.const:xdc_runtime_Startup_sfxnRts__C)
                  00006cd4    00000004     idle_thread_pem4f.oem4f (.const:xdc_runtime_Startup_sfxnTab__C)
                  00006cd8    00000004     idle_thread_pem4f.oem4f (.const:xdc_runtime_SysMin_bufSize__C)
                  00006cdc    00000004     idle_thread_pem4f.oem4f (.const:xdc_runtime_SysMin_outputFunc__C)
                  00006ce0    00000004     idle_thread_pem4f.oem4f (.const:xdc_runtime_System_Module__gateObj__C)
                  00006ce4    00000004     idle_thread_pem4f.oem4f (.const:xdc_runtime_System_abortFxn__C)
                  00006ce8    00000004     idle_thread_pem4f.oem4f (.const:xdc_runtime_System_exitFxn__C)
                  00006cec    00000004     idle_thread_pem4f.oem4f (.const:xdc_runtime_System_extendFxn__C)
                  00006cf0    00000004     idle_thread_pem4f.oem4f (.const:xdc_runtime_System_maxAtexitHandlers__C)
                  00006cf4    00000004     idle_thread_pem4f.oem4f (.const:xdc_runtime_Text_charTab__C)
                  00006cf8    00000004     idle_thread_pem4f.oem4f (.const:xdc_runtime_Text_nameEmpty__C)
                  00006cfc    00000004     idle_thread_pem4f.oem4f (.const:xdc_runtime_Text_nameStatic__C)
                  00006d00    00000004     idle_thread_pem4f.oem4f (.const:xdc_runtime_Text_nameUnknown__C)
                  00006d04    00000004     idle_thread_pem4f.oem4f (.const:xdc_runtime_Text_nodeTab__C)
                  00006d08    00000004     idle_thread_pem4f.oem4f (.const:xdc_runtime_Text_visitRopeFxn__C)
                  00006d0c    00000002     idle_thread_pem4f.oem4f (.const:ti_sysbios_family_arm_m3_Hwi_Module__id__C)
                  00006d0e    00000002     idle_thread_pem4f.oem4f (.const:ti_sysbios_gates_GateMutex_Module__id__C)
                  00006d10    00000002     idle_thread_pem4f.oem4f (.const:ti_sysbios_hal_Hwi_Module__id__C)
                  00006d12    00000002     idle_thread_pem4f.oem4f (.const:ti_sysbios_heaps_HeapMem_Module__id__C)
                  00006d14    00000002     idle_thread_pem4f.oem4f (.const:ti_sysbios_knl_Semaphore_Module__id__C)
                  00006d16    00000002     idle_thread_pem4f.oem4f (.const:ti_sysbios_knl_Task_Module__id__C)
                  00006d18    00000002     idle_thread_pem4f.oem4f (.const:xdc_runtime_Core_Module__id__C)
                  00006d1a    00000002     idle_thread_pem4f.oem4f (.const:xdc_runtime_Error_Module__loggerDefined__C)
                  00006d1c    00000002     idle_thread_pem4f.oem4f (.const:xdc_runtime_Error_maxDepth__C)
                  00006d1e    00000002     idle_thread_pem4f.oem4f (.const:xdc_runtime_Memory_Module__id__C)
                  00006d20    00000002     idle_thread_pem4f.oem4f (.const:xdc_runtime_SysMin_flushAtExit__C)
                  00006d22    00000002     idle_thread_pem4f.oem4f (.const:xdc_runtime_Text_charCnt__C)
                  00006d24    00000002     idle_thread_pem4f.oem4f (.const:xdc_runtime_Text_isLoaded__C)
                  00006d26    00000002     idle_thread_pem4f.oem4f (.const:xdc_runtime_Text_registryModsLastId__C)
                  00006d28    00000002     idle_thread_pem4f.oem4f (.const:xdc_runtime_Text_unnamedModsLastId__C)

.cinit     0    00006d30    00000200     
                  00006d30    000001ca     (.cinit..data.load) [load image, compression = lzss]
                  00006efa    00000002     --HOLE-- [fill = 0]
                  00006efc    0000000c     (__TI_handler_table)
                  00006f08    00000008     (.cinit..bss.load) [load image, compression = zero_init]
                  00006f10    00000008     (.cinit..vecs.load) [load image, compression = zero_init]
                  00006f18    00000018     (__TI_cinit_table)

.init_array 
*          0    00000000    00000000     UNINITIALIZED

.resetVecs 
*          0    00000000    0000003c     
                  00000000    0000003c     idle_thread_pem4f.oem4f (.resetVecs)

.bss       0    20000360    00000b9c     UNINITIALIZED
                  20000360    00000400     (.common:ti_sysbios_heaps_HeapMem_Instance_State_0_buf__A)
                  20000760    00000360     (.common:ti_sysbios_family_arm_m3_Hwi_dispatchTable)
                  20000ac0    00000200     idle_thread_pem4f.oem4f (.bss:taskStackSection)
                  20000cc0    00000120     rtsv7M4_T_le_v4SPD16_eabi.lib : trgmsg.c.obj (.bss:_CIOBUF_)
                  20000de0    00000090     drivers_tivaware.aem4f : GPIOTiva.oem4f (.bss:gpioCallbackInfo)
                  20000e70    00000080     (.common:xdc_runtime_SysMin_Module_State_0_outbuf__A)
                  20000ef0    00000008     (.common:parmbuf)
                  20000ef8    00000004     (.common:gpioInterruptVectors)

.data      0    20000efc    000003fe     UNINITIALIZED
                  20000efc    00000080     idle_thread_pem4f.oem4f (.data:ti_sysbios_knl_Swi_Module_State_0_readyQ__A)
                  20000f7c    00000080     idle_thread_pem4f.oem4f (.data:ti_sysbios_knl_Task_Module_State_0_readyQ__A)
                  20000ffc    0000004c     idle_thread_pem4f.oem4f (.data:ti_sysbios_knl_Task_Object__table__V)
                  20001048    00000044     idle_thread_pem4f.oem4f (.data:ti_sysbios_knl_Task_Module__state__V)
                  2000108c    00000040     idle_thread_pem4f.oem4f (.data:ti_sysbios_family_arm_lm4_Timer_Object__table__V)
                  200010cc    00000038     idle_thread_pem4f.oem4f (.data:ti_sysbios_gates_GateMutex_Object__table__V)
                  20001104    00000034     idle_thread_pem4f.oem4f (.data:ti_sysbios_family_arm_m3_Hwi_Module__state__V)
                  20001138    00000030     idle_thread_pem4f.oem4f (.data:ti_sysbios_family_arm_lm4_Timer_Module_State_0_device__A)
                  20001168    00000030     idle_thread_pem4f.oem4f (.data:ti_sysbios_knl_Swi_Object__table__V)
                  20001198    0000002c     idle_thread_pem4f.oem4f (.data:ti_sysbios_knl_Clock_Module__state__V)
                  200011c4    00000024     idle_thread_pem4f.oem4f (.data:ti_sysbios_BIOS_Module__state__V)
                  200011e8    0000001c     idle_thread_pem4f.oem4f (.data:ti_sysbios_knl_Swi_Module__state__V)
                  20001204    00000018     idle_thread_pem4f.oem4f (.data:ti_sysbios_family_arm_lm4_Timer_Module_State_0_handles__A)
                  2000121c    00000018     idle_thread_pem4f.oem4f (.data:ti_sysbios_family_arm_m3_Hwi_Object__table__V)
                  20001234    00000018     idle_thread_pem4f.oem4f (.data:ti_sysbios_heaps_HeapMem_Object__table__V)
                  2000124c    00000014     EK_TM4C123GXL.obj (.data:gpioPinConfigs)
                  20001260    0000000c     idle_thread_pem4f.oem4f (.data:ti_sysbios_family_arm_lm4_Timer_Module__state__V)
                  2000126c    0000000c     idle_thread_pem4f.oem4f (.data:xdc_runtime_SysMin_Module__state__V)
                  20001278    00000008     rtsv7M4_T_le_v4SPD16_eabi.lib : _lock.c.obj (.data:$O1$$)
                  20001280    00000008     EK_TM4C123GXL.obj (.data:gpioCallbackFunctions)
                  20001288    00000008     idle_thread_pem4f.oem4f (.data:ti_sysbios_family_arm_m3_Hwi_Module__root__V)
                  20001290    00000008     idle_thread_pem4f.oem4f (.data:ti_sysbios_gates_GateHwi_Module__root__V)
                  20001298    00000008     idle_thread_pem4f.oem4f (.data:ti_sysbios_gates_GateMutex_Module__root__V)
                  200012a0    00000008     idle_thread_pem4f.oem4f (.data:ti_sysbios_heaps_HeapMem_Module__root__V)
                  200012a8    00000008     idle_thread_pem4f.oem4f (.data:ti_sysbios_knl_Queue_Module__root__V)
                  200012b0    00000008     idle_thread_pem4f.oem4f (.data:ti_sysbios_knl_Semaphore_Module__root__V)
                  200012b8    00000008     idle_thread_pem4f.oem4f (.data:xdc_runtime_Registry_Module__state__V)
                  200012c0    00000008     idle_thread_pem4f.oem4f (.data:xdc_runtime_Startup_Module__state__V)
                  200012c8    00000008     idle_thread_pem4f.oem4f (.data:xdc_runtime_System_Module_State_0_atexitHandlers__A)
                  200012d0    00000008     idle_thread_pem4f.oem4f (.data:xdc_runtime_System_Module__state__V)
                  200012d8    00000005     drivers_tivaware.aem4f : GPIOTiva.oem4f (.data)
                  200012dd    00000001     --HOLE--
                  200012de    00000002     idle_thread_pem4f.oem4f (.data:ti_sysbios_family_arm_m3_Hwi_Module_State_0_excActive__A)
                  200012e0    00000004     rtsv7M4_T_le_v4SPD16_eabi.lib : stkdepth_vars.c.obj (.data)
                  200012e4    00000004     idle_thread_pem4f.oem4f (.data:ti_sysbios_family_arm_m3_Hwi_Module_State_0_excContext__A)
                  200012e8    00000004     idle_thread_pem4f.oem4f (.data:ti_sysbios_family_arm_m3_Hwi_Module_State_0_excStack__A)
                  200012ec    00000004     idle_thread_pem4f.oem4f (.data:ti_sysbios_gates_GateHwi_Object__table__V)
                  200012f0    00000004     idle_thread_pem4f.oem4f (.data:ti_sysbios_knl_Task_Module_State_0_idleTask__A)
                  200012f4    00000004     idle_thread_pem4f.oem4f (.data:xdc_runtime_Memory_Module__state__V)
                  200012f8    00000002     idle_thread_pem4f.oem4f (.data:xdc_runtime_Error_Module__state__V)

.stack     0    20001300    00000300     UNINITIALIZED
                  20001300    00000300     --HOLE--

.bootVecs 
*          0    00000000    00000008     DSECT
                  00000000    00000008     boot.aem4f : boot.oem4f (.bootVecs)

.vecs      0    20000000    00000360     UNINITIALIZED
                  20000000    00000360     idle_thread_pem4f.oem4f (.vecs)

xdc.meta   0    00000000    000000f8     COPY SECTION
                  00000000    000000f8     idle_thread_pem4f.oem4f (xdc.meta)

MODULE SUMMARY

       Module                       code    ro data   rw data
       ------                       ----    -------   -------
    .\
       EK_TM4C123GXL.obj            112     20        28     
       idle_thread.obj              40      0         0      
    +--+----------------------------+-------+---------+---------+
       Total:                       152     20        28     
                                                             
    C:\Github_Repo\ARM_TI_TM4C123G_RTOS\workspace\idle_thread\Debug\configPkg\package\cfg\
       idle_thread_pem4f.oem4f      1558    7586      4368   
    +--+----------------------------+-------+---------+---------+
       Total:                       1558    7586      4368   
                                                             
    C:/ti/tirtos_tivac_2_16_00_08/products/TivaWare_C_Series-2.1.1.71b/driverlib/ccs/Debug/driverlib.lib
       gpio.obj                     482     0         0      
       sysctl.obj                   52      0         0      
    +--+----------------------------+-------+---------+---------+
       Total:                       534     0         0      
                                                             
    C:/ti/tirtos_tivac_2_16_00_08/products/tidrivers_tivac_2_16_00_08/packages/ti/drivers/lib/drivers_tivaware.aem4f
       GPIOTiva.oem4f               764     156       153    
    +--+----------------------------+-------+---------+---------+
       Total:                       764     156       153    
                                                             
    C:\Github_Repo\ARM_TI_TM4C123G_RTOS\workspace\idle_thread\src\sysbios\sysbios.aem4f
       BIOS.obj                     10898   0         0      
       m3_Hwi_asm.obj               314     0         0      
       m3_TaskSupport_asm.obj       180     0         0      
       m3_Hwi_asm_switch.obj        118     0         0      
    +--+----------------------------+-------+---------+---------+
       Total:                       11510   0         0      
                                                             
    C:\ti\ccs920\ccs\tools\compiler\ti-cgt-arm_18.12.4.LTS\lib\rtsv7M4_T_le_v4SPD16_eabi.lib
       trgmsg.c.obj                 108     0         288    
       memcpy_t2.asm.obj            156     0         0      
       memset_t2.asm.obj            122     0         0      
       copy_decompress_lzss.c.obj   104     0         0      
       hostwrite.c.obj              88      0         0      
       cpy_tbl.c.obj                76      0         0      
       u_divt2.asm.obj              64      0         0      
       _lock.c.obj                  26      0         8      
       args_main.c.obj              24      0         0      
       strlen.c.obj                 20      0         0      
       copy_decompress_none.c.obj   14      0         0      
       copy_zero_init.c.obj         12      0         0      
       hostopen.c.obj               0       0         8      
       exit.c.obj                   4       0         0      
       stkdepth_vars.c.obj          0       0         4      
       div0.asm.obj                 2       0         0      
    +--+----------------------------+-------+---------+---------+
       Total:                       820     0         308    
                                                             
    C:\ti\tirtos_tivac_2_16_00_08\products\bios_6_45_01_29\packages\ti\catalog\arm\cortexm4\tiva\ce\lib\Boot.aem4f
       Boot_sysctl.oem4f            262     0         0      
       Boot.oem4f                   152     0         0      
    +--+----------------------------+-------+---------+---------+
       Total:                       414     0         0      
                                                             
    C:\ti\tirtos_tivac_2_16_00_08\products\bios_6_45_01_29\packages\ti\targets\arm\rtsarm\lib\auto_init.aem4f
       auto_init.oem4f              160     0         0      
    +--+----------------------------+-------+---------+---------+
       Total:                       160     0         0      
                                                             
    C:\ti\tirtos_tivac_2_16_00_08\products\bios_6_45_01_29\packages\ti\targets\arm\rtsarm\lib\boot.aem4f
       boot.oem4f                   88      0         0      
    +--+----------------------------+-------+---------+---------+
       Total:                       88      0         0      
                                                             
    C:\ti\tirtos_tivac_2_16_00_08\products\bios_6_45_01_29\packages\ti\targets\arm\rtsarm\lib\ti.targets.arm.rtsarm.aem4f
       System.oem4f                 1255    0         0      
       Text.oem4f                   672     0         0      
       Error.oem4f                  524     0         0      
       Core-mem.oem4f               358     0         0      
       Startup.oem4f                328     0         0      
       SysMin.oem4f                 248     0         0      
       Core-smem.oem4f              204     0         0      
       Memory.oem4f                 176     0         0      
       Assert.oem4f                 84      0         0      
       Core-params.oem4f            70      0         0      
       Core-label.oem4f             52      0         0      
       Registry.oem4f               32      0         0      
       Gate.oem4f                   28      0         0      
    +--+----------------------------+-------+---------+---------+
       Total:                       4031    0         0      
                                                             
       Stack:                       0       0         768    
       Linker Generated:            0       510       0      
    +--+----------------------------+-------+---------+---------+
       Grand Total:                 20031   8272      5625   


LINKER GENERATED COPY TABLES

__TI_cinit_table @ 00006f18 records: 3, size/record: 8, table size: 24
	.data: load addr=00006d30, load size=000001ca bytes, run addr=20000efc, run size=000003fe bytes, compression=lzss
	.bss: load addr=00006f08, load size=00000008 bytes, run addr=20000360, run size=00000b9c bytes, compression=zero_init
	.vecs: load addr=00006f10, load size=00000008 bytes, run addr=20000000, run size=00000360 bytes, compression=zero_init


LINKER GENERATED HANDLER TABLE

__TI_handler_table @ 00006efc records: 3, size/record: 4, table size: 12
	index: 0, handler: __TI_decompress_lzss
	index: 1, handler: __TI_decompress_none
	index: 2, handler: __TI_zero_init


GLOBAL SYMBOLS: SORTED ALPHABETICALLY BY Name 

address   name                                                              
-------   ----                                                              
000007bd  C$$EXIT                                                           
0000402b  C$$IO$$                                                           
000042c5  EK_TM4C123GXL_initGPIO                                            
00003e81  EK_TM4C123GXL_initGeneral                                         
000045b9  GPIODirModeSet                                                    
0000494b  GPIOIntClear                                                      
00004d89  GPIOIntStatus                                                     
00003889  GPIOIntTypeSet                                                    
00001b25  GPIOPadConfigSet                                                  
00004ea9  GPIOPinRead                                                       
00004c6d  GPIOPinTypeGPIOInput                                              
00004eaf  GPIOPinWrite                                                      
00006b28  GPIOTiva_config                                                   
00003355  GPIO_hwiIntFxn                                                    
00002dd5  GPIO_init                                                         
00003935  GPIO_setCallback                                                  
00001615  GPIO_setConfig                                                    
00003985  GPIO_toggle                                                       
000037d9  HOSTwrite                                                         
UNDEFED   SHT$$INIT_ARRAY$$Base                                             
UNDEFED   SHT$$INIT_ARRAY$$Limit                                            
00004119  SysCtlPeripheralEnable                                            
00000000  __ASM__                                                           
20000cc0  __CIOBUF_                                                         
00000076  __ISA__                                                           
00000089  __PLAT__                                                          
20001600  __STACK_END                                                       
00000300  __STACK_SIZE                                                      
000000aa  __TARG__                                                          
00006f18  __TI_CINIT_Base                                                   
00006f30  __TI_CINIT_Limit                                                  
00006efc  __TI_Handler_Table_Base                                           
00006f08  __TI_Handler_Table_Limit                                          
000028f9  __TI_auto_init                                                    
00003285  __TI_decompress_lzss                                              
00004d97  __TI_decompress_none                                              
ffffffff  __TI_pprof_out_hndl                                               
ffffffff  __TI_prof_data_size                                               
ffffffff  __TI_prof_data_start                                              
0000414d  __TI_readmsg                                                      
00006d30  __TI_static_base__                                                
00003ffd  __TI_writemsg                                                     
00004ded  __TI_zero_init                                                    
000000d0  __TRDR__                                                          
00002fef  __aeabi_idiv0                                                     
00002fef  __aeabi_ldiv0                                                     
00002f75  __aeabi_memclr                                                    
00002f75  __aeabi_memclr4                                                   
00002f75  __aeabi_memclr8                                                   
00002a39  __aeabi_memcpy                                                    
00002a39  __aeabi_memcpy4                                                   
00002a39  __aeabi_memcpy8                                                   
00002f77  __aeabi_memset                                                    
00002f77  __aeabi_memset4                                                   
00002f77  __aeabi_memset8                                                   
00003ec1  __aeabi_uidiv                                                     
00003ec1  __aeabi_uidivmod                                                  
ffffffff  __binit__                                                         
ffffffff  __c_args__                                                        
20001300  __stack                                                           
00004ae5  _args_main                                                        
00003781  _c_int00                                                          
20001278  _lock                                                             
00002c0f  _nop                                                              
00004dd5  _register_lock                                                    
00004de1  _register_unlock                                                  
2000127c  _unlock                                                           
000007bd  abort                                                             
ffffffff  binit                                                             
00003ac9  copy_in                                                           
20001280  gpioCallbackFunctions                                             
2000124c  gpioPinConfigs                                                    
00004c7f  ledController                                                     
00004bd9  main                                                              
200012e0  main_func_sp                                                      
00002a39  memcpy                                                            
00002f7d  memset                                                            
00004d29  osi_TaskDisable                                                   
00004cc9  osi_start                                                         
20000ef0  parmbuf                                                           
00004c05  strlen                                                            
00006b88  ti_catalog_arm_cortexm4_tiva_ce_Boot_A_mustUseEnhancedClockMode__C
00006b8c  ti_catalog_arm_cortexm4_tiva_ce_Boot_Module__diagsEnabled__C      
00006b90  ti_catalog_arm_cortexm4_tiva_ce_Boot_Module__diagsIncluded__C     
00006b94  ti_catalog_arm_cortexm4_tiva_ce_Boot_Module__diagsMask__C         
00006886  ti_catalog_arm_cortexm4_tiva_ce_Boot_Module__id__C                
00004dc9  ti_catalog_arm_cortexm4_tiva_ce_Boot_init__I                      
00001d6d  ti_catalog_arm_cortexm4_tiva_ce_Boot_sysCtlClockSetI__I           
00002c11  ti_catalog_arm_cortexm4_tiva_ce_Boot_sysCtlClockSet__E            
00004eb5  ti_catalog_arm_cortexm4_tiva_ce_Boot_sysCtlDelayI__I              
200011c4  ti_sysbios_BIOS_Module__state__V                                  
00004a49  ti_sysbios_BIOS_RtsGateProxy_Handle__label__S                     
00004715  ti_sysbios_BIOS_RtsGateProxy_Object__delete__S                    
00000cfd  ti_sysbios_BIOS_RtsGateProxy_enter__E                             
00001145  ti_sysbios_BIOS_RtsGateProxy_leave__E                             
00004ef9  ti_sysbios_BIOS_RtsGateProxy_query__E                             
000042f5  ti_sysbios_BIOS_atExitFunc__I                                     
00004685  ti_sysbios_BIOS_errorRaiseHook__I                                 
00004bef  ti_sysbios_BIOS_exitFunc__I                                       
0000313f  ti_sysbios_BIOS_nullFunc__I                                       
000046a9  ti_sysbios_BIOS_registerRTSLock__I                                
000046cd  ti_sysbios_BIOS_removeRTSLock__I                                  
000047ed  ti_sysbios_BIOS_rtsLock__I                                        
00004afd  ti_sysbios_BIOS_rtsUnlock__I                                      
00004cb9  ti_sysbios_BIOS_setThreadType__E                                  
000046f1  ti_sysbios_BIOS_startFunc__I                                      
00004cc9  ti_sysbios_BIOS_start__E                                          
20001138  ti_sysbios_family_arm_lm4_Timer_Module_State_0_device__A          
20001204  ti_sysbios_family_arm_lm4_Timer_Module_State_0_handles__A         
00004b15  ti_sysbios_family_arm_lm4_Timer_Module__startupDone__F            
00004b15  ti_sysbios_family_arm_lm4_Timer_Module__startupDone__S            
20001260  ti_sysbios_family_arm_lm4_Timer_Module__state__V                  
000033b9  ti_sysbios_family_arm_lm4_Timer_Module_startup__E                 
2000108c  ti_sysbios_family_arm_lm4_Timer_Object__table__V                  
00006b98  ti_sysbios_family_arm_lm4_Timer_enableFunc__C                     
000027a9  ti_sysbios_family_arm_lm4_Timer_enableTimers__I                   
000026f9  ti_sysbios_family_arm_lm4_Timer_enableTiva__I                     
00004df9  ti_sysbios_family_arm_lm4_Timer_getMaxTicks__E                    
000034e9  ti_sysbios_family_arm_lm4_Timer_isrStub__E                        
00004e8d  ti_sysbios_family_arm_lm4_Timer_masterDisable__I                  
000014ad  ti_sysbios_family_arm_lm4_Timer_masterEnable__I                   
00006b9c  ti_sysbios_family_arm_lm4_Timer_numTimerDevices__C                
000019f1  ti_sysbios_family_arm_lm4_Timer_start__E                          
00006ba0  ti_sysbios_family_arm_lm4_Timer_startupNeeded__C                  
00003f01  ti_sysbios_family_arm_lm4_Timer_startup__E                        
00004329  ti_sysbios_family_arm_lm4_Timer_stop__E                           
000047a9  ti_sysbios_family_arm_lm4_Timer_write__I                          
00006ba4  ti_sysbios_family_arm_m3_Hwi_E_NMI__C                             
00006ba8  ti_sysbios_family_arm_m3_Hwi_E_alreadyDefined__C                  
00006bac  ti_sysbios_family_arm_m3_Hwi_E_busFault__C                        
00006bb0  ti_sysbios_family_arm_m3_Hwi_E_debugMon__C                        
00006bb4  ti_sysbios_family_arm_m3_Hwi_E_hardFault__C                       
00006bb8  ti_sysbios_family_arm_m3_Hwi_E_memFault__C                        
00006bbc  ti_sysbios_family_arm_m3_Hwi_E_noIsr__C                           
00006bc0  ti_sysbios_family_arm_m3_Hwi_E_reserved__C                        
00006bc4  ti_sysbios_family_arm_m3_Hwi_E_svCall__C                          
00006bc8  ti_sysbios_family_arm_m3_Hwi_E_usageFault__C                      
00004a15  ti_sysbios_family_arm_m3_Hwi_Handle__label__S                     
00004181  ti_sysbios_family_arm_m3_Hwi_Instance_finalize__E                 
00002ca9  ti_sysbios_family_arm_m3_Hwi_Instance_init__E                     
200012de  ti_sysbios_family_arm_m3_Hwi_Module_State_0_excActive__A          
200012e4  ti_sysbios_family_arm_m3_Hwi_Module_State_0_excContext__A         
200012e8  ti_sysbios_family_arm_m3_Hwi_Module_State_0_excStack__A           
00006d0c  ti_sysbios_family_arm_m3_Hwi_Module__id__C                        
20001288  ti_sysbios_family_arm_m3_Hwi_Module__root__V                      
00004b2d  ti_sysbios_family_arm_m3_Hwi_Module__startupDone__F               
00004b2d  ti_sysbios_family_arm_m3_Hwi_Module__startupDone__S               
20001104  ti_sysbios_family_arm_m3_Hwi_Module__state__V                     
000039d9  ti_sysbios_family_arm_m3_Hwi_Module_startup__E                    
00006bcc  ti_sysbios_family_arm_m3_Hwi_NUM_INTERRUPTS__C                    
00006a00  ti_sysbios_family_arm_m3_Hwi_Object__DESC__C                      
00006918  ti_sysbios_family_arm_m3_Hwi_Object__PARAMS__C                    
00006bd0  ti_sysbios_family_arm_m3_Hwi_Object__count__C                     
00004c19  ti_sysbios_family_arm_m3_Hwi_Object__get__S                       
2000121c  ti_sysbios_family_arm_m3_Hwi_Object__table__V                     
00004e05  ti_sysbios_family_arm_m3_Hwi_Params__init__S                      
00006bd4  ti_sysbios_family_arm_m3_Hwi_ccr__C                               
0000341d  ti_sysbios_family_arm_m3_Hwi_create                               
00004e11  ti_sysbios_family_arm_m3_Hwi_disableFxn__E                        
00003c09  ti_sysbios_family_arm_m3_Hwi_disableInterrupt__E                  
00003481  ti_sysbios_family_arm_m3_Hwi_dispatchC__I                         
20000760  ti_sysbios_family_arm_m3_Hwi_dispatchTable                        
0000215d  ti_sysbios_family_arm_m3_Hwi_dispatch__I                          
00004e99  ti_sysbios_family_arm_m3_Hwi_doSwiRestore__I                      
00004ec1  ti_sysbios_family_arm_m3_Hwi_doTaskRestore__I                     
00003c51  ti_sysbios_family_arm_m3_Hwi_enableInterrupt__E                   
00001339  ti_sysbios_family_arm_m3_Hwi_excBusFault__I                       
00002409  ti_sysbios_family_arm_m3_Hwi_excDebugMon__I                       
00000041  ti_sysbios_family_arm_m3_Hwi_excDumpRegs__I                       
0000480d  ti_sysbios_family_arm_m3_Hwi_excHandlerAsm__I                     
00006bd8  ti_sysbios_family_arm_m3_Hwi_excHandlerFunc__C                    
00000f51  ti_sysbios_family_arm_m3_Hwi_excHandlerMax__I                     
00004831  ti_sysbios_family_arm_m3_Hwi_excHandler__I                        
000024c9  ti_sysbios_family_arm_m3_Hwi_excHardFault__I                      
00006b60  ti_sysbios_family_arm_m3_Hwi_excHookFuncs__A                      
00006bdc  ti_sysbios_family_arm_m3_Hwi_excHookFuncs__C                      
00001769  ti_sysbios_family_arm_m3_Hwi_excMemFault__I                       
000041b9  ti_sysbios_family_arm_m3_Hwi_excNmi__I                            
00004039  ti_sysbios_family_arm_m3_Hwi_excNoIsr__I                          
00003c99  ti_sysbios_family_arm_m3_Hwi_excReserved__I                       
00003f41  ti_sysbios_family_arm_m3_Hwi_excSvCall__I                         
000014b1  ti_sysbios_family_arm_m3_Hwi_excUsageFault__I                     
00003d29  ti_sysbios_family_arm_m3_Hwi_getStackInfo__E                      
00002d41  ti_sysbios_family_arm_m3_Hwi_initNVIC__E                          
00003831  ti_sysbios_family_arm_m3_Hwi_initStacks__E                        
00006be0  ti_sysbios_family_arm_m3_Hwi_nullIsrFunc__C                       
e000e000  ti_sysbios_family_arm_m3_Hwi_nvic                                 
00004639  ti_sysbios_family_arm_m3_Hwi_pendSV__I                            
00002ef1  ti_sysbios_family_arm_m3_Hwi_postInit__I                          
00006be4  ti_sysbios_family_arm_m3_Hwi_priGroup__C                          
20000000  ti_sysbios_family_arm_m3_Hwi_ramVectors                           
00000000  ti_sysbios_family_arm_m3_Hwi_resetVectors                         
00004ec9  ti_sysbios_family_arm_m3_Hwi_restoreFxn__E                        
0000465d  ti_sysbios_family_arm_m3_Hwi_return                               
00004ea1  ti_sysbios_family_arm_m3_Hwi_startup__E                           
00004c31  ti_sysbios_family_arm_m3_Hwi_switchFromBootStack__E               
00001765  ti_sysbios_family_arm_m3_TaskSupport_Module__startupDone__S       
00002e61  ti_sysbios_family_arm_m3_TaskSupport_buildTaskStack               
00004e21  ti_sysbios_family_arm_m3_TaskSupport_checkStack__E                
00004cd9  ti_sysbios_family_arm_m3_TaskSupport_glue                         
00004359  ti_sysbios_family_arm_m3_TaskSupport_start__E                     
00004b45  ti_sysbios_family_arm_m3_TaskSupport_swap__E                      
00004911  ti_sysbios_family_xxx_Hwi_switchAndRunFunc                        
00004a2f  ti_sysbios_gates_GateHwi_Handle__label__S                         
00004f09  ti_sysbios_gates_GateHwi_Instance_init__E                         
00006970  ti_sysbios_gates_GateHwi_Module__FXNS__C                          
20001290  ti_sysbios_gates_GateHwi_Module__root__V                          
00006a20  ti_sysbios_gates_GateHwi_Object__DESC__C                          
00006ae0  ti_sysbios_gates_GateHwi_Object__PARAMS__C                        
00004389  ti_sysbios_gates_GateHwi_Object__create__S                        
00004851  ti_sysbios_gates_GateHwi_Object__delete__S                        
200012ec  ti_sysbios_gates_GateHwi_Object__table__V                         
00004e31  ti_sysbios_gates_GateHwi_enter__E                                 
00004ed1  ti_sysbios_gates_GateHwi_leave__E                                 
00004ef1  ti_sysbios_gates_GateHwi_query__E                                 
00006be8  ti_sysbios_gates_GateMutex_A_badContext__C                        
00004a49  ti_sysbios_gates_GateMutex_Handle__label__S                       
00006bec  ti_sysbios_gates_GateMutex_Instance_State_sem__O                  
[...]
00004d19  ti_sysbios_knl_Task_Object__get__S                                
00004d29  osi_TaskDisable                                                   
00004d29  ti_sysbios_knl_Task_disable__E                                    
00004d39  xdc_runtime_Gate_leaveSystem__E                                   
00004d49  xdc_runtime_Memory_free__E                                        
00004d59  xdc_runtime_SysMin_ready__E                                       
00004d59  xdc_runtime_System_SupportProxy_ready__E                          
00004d69  xdc_runtime_System_vsnprintf__E                                   
00004d79  xdc_runtime_Text_visitRope__I                                     
00004d89  GPIOIntStatus                                                     
00004d97  __TI_decompress_none                                              
00004da9  ti_sysbios_knl_Idle_loop__E                                       
00004db9  ti_sysbios_knl_Queue_empty__E                                     
00004dc9  ti_catalog_arm_cortexm4_tiva_ce_Boot_init__I                      
00004dd5  _register_lock                                                    
00004de1  _register_unlock                                                  
00004ded  __TI_zero_init                                                    
00004df9  ti_sysbios_family_arm_lm4_Timer_getMaxTicks__E                    
00004e05  ti_sysbios_family_arm_m3_Hwi_Params__init__S                      
00004e05  ti_sysbios_hal_Hwi_HwiProxy_Params__init__S                       
00004e11  ti_sysbios_family_arm_m3_Hwi_disableFxn__E                        
00004e11  ti_sysbios_hal_Hwi_HwiProxy_disable__E                            
00004e21  ti_sysbios_family_arm_m3_TaskSupport_checkStack__E                
00004e21  ti_sysbios_knl_Task_SupportProxy_checkStack__E                    
00004e31  ti_sysbios_gates_GateHwi_enter__E                                 
00004e3d  ti_sysbios_knl_Queue_Object__get__S                               
00004e49  xdc_runtime_Error_init__E                                         
00004e55  xdc_runtime_Gate_enterSystem__E                                   
00004e61  xdc_runtime_Memory_calloc__E                                      
00004e6d  xdc_runtime_Memory_getMaxDefaultTypeAlign__E                      
00004e79  xdc_runtime_Memory_HeapProxy_alloc__E                             
00004e83  xdc_runtime_Memory_HeapProxy_free__E                              
00004e8d  ti_sysbios_family_arm_lm4_Timer_masterDisable__I                  
00004e99  ti_sysbios_family_arm_m3_Hwi_doSwiRestore__I                      
00004ea1  ti_sysbios_family_arm_m3_Hwi_startup__E                           
00004ea1  ti_sysbios_hal_Hwi_HwiProxy_startup__E                            
00004ea1  ti_sysbios_hal_Hwi_startup__E                                     
00004ea9  GPIOPinRead                                                       
00004eaf  GPIOPinWrite                                                      
00004eb5  ti_catalog_arm_cortexm4_tiva_ce_Boot_sysCtlDelayI__I              
00004ebb  xdc_runtime_System_Module_startup__E                              
00004ec1  ti_sysbios_family_arm_m3_Hwi_doTaskRestore__I                     
00004ec9  ti_sysbios_family_arm_m3_Hwi_restoreFxn__E                        
00004ec9  ti_sysbios_hal_Hwi_HwiProxy_restore__E                            
00004ed1  ti_sysbios_gates_GateHwi_leave__E                                 
00004ed9  ti_sysbios_heaps_HeapMem_isBlocking__E                            
00004ee1  ti_sysbios_knl_Queue_Instance_init__E                             
00004ee9  ti_sysbios_knl_Swi_startup__E                                     
00004ef1  ti_sysbios_gates_GateHwi_query__E                                 
00004ef1  xdc_runtime_Main_Module_GateProxy_query__E                        
00004ef1  xdc_runtime_System_Module_GateProxy_query__E                      
00004ef9  ti_sysbios_BIOS_RtsGateProxy_query__E                             
00004ef9  ti_sysbios_gates_GateMutex_query__E                               
00004ef9  ti_sysbios_heaps_HeapMem_Module_GateProxy_query__E                
00004f01  ti_sysbios_knl_Task_startup__E                                    
00004f09  ti_sysbios_gates_GateHwi_Instance_init__E                         
00004f11  ti_sysbios_knl_Clock_logTick__E                                   
00004f14  xdc_runtime_Text_charTab__A                                       
00006775  xdc_runtime_Error_policy__C                                       
00006776  xdc_runtime_Text_nodeTab__A                                       
00006886  ti_catalog_arm_cortexm4_tiva_ce_Boot_Module__id__C                
00006918  ti_sysbios_family_arm_m3_Hwi_Object__PARAMS__C                    
00006948  ti_sysbios_heaps_HeapMem_Module__FXNS__C                          
00006970  ti_sysbios_gates_GateHwi_Module__FXNS__C                          
00006994  ti_sysbios_gates_GateMutex_Module__FXNS__C                        
000069b8  ti_sysbios_heaps_HeapMem_Object__PARAMS__C                        
000069dc  ti_sysbios_knl_Semaphore_Object__PARAMS__C                        
00006a00  ti_sysbios_family_arm_m3_Hwi_Object__DESC__C                      
00006a20  ti_sysbios_gates_GateHwi_Object__DESC__C                          
00006a40  ti_sysbios_gates_GateMutex_Object__DESC__C                        
00006a60  ti_sysbios_heaps_HeapMem_Object__DESC__C                          
00006a80  ti_sysbios_knl_Queue_Object__DESC__C                              
00006aa0  ti_sysbios_knl_Semaphore_Object__DESC__C                          
00006ac0  xdc_runtime_Startup_sfxnTab__A                                    
00006ae0  ti_sysbios_gates_GateHwi_Object__PARAMS__C                        
00006af8  ti_sysbios_gates_GateMutex_Object__PARAMS__C                      
00006b10  ti_sysbios_knl_Queue_Object__PARAMS__C                            
00006b28  GPIOTiva_config                                                   
00006b3c  xdc_runtime_Startup_firstFxns__A                                  
00006b50  xdc_runtime_Startup_sfxnRts__A                                    
00006b60  ti_sysbios_family_arm_m3_Hwi_excHookFuncs__A                      
00006b68  ti_sysbios_knl_Idle_funcList__A                                   
00006b70  ti_sysbios_knl_Idle_funcList__C                                   
00006b78  xdc_runtime_Startup_firstFxns__C                                  
00006b80  xdc_runtime_Startup_lastFxns__C                                   
00006b88  ti_catalog_arm_cortexm4_tiva_ce_Boot_A_mustUseEnhancedClockMode__C
00006b8c  ti_catalog_arm_cortexm4_tiva_ce_Boot_Module__diagsEnabled__C      
00006b90  ti_catalog_arm_cortexm4_tiva_ce_Boot_Module__diagsIncluded__C     
00006b94  ti_catalog_arm_cortexm4_tiva_ce_Boot_Module__diagsMask__C         
00006b98  ti_sysbios_family_arm_lm4_Timer_enableFunc__C                     
00006b9c  ti_sysbios_family_arm_lm4_Timer_numTimerDevices__C                
00006ba0  ti_sysbios_family_arm_lm4_Timer_startupNeeded__C                  
00006ba4  ti_sysbios_family_arm_m3_Hwi_E_NMI__C                             
00006ba8  ti_sysbios_family_arm_m3_Hwi_E_alreadyDefined__C                  
00006bac  ti_sysbios_family_arm_m3_Hwi_E_busFault__C                        
00006bb0  ti_sysbios_family_arm_m3_Hwi_E_debugMon__C                        
00006bb4  ti_sysbios_family_arm_m3_Hwi_E_hardFault__C                       
00006bb8  ti_sysbios_family_arm_m3_Hwi_E_memFault__C                        
00006bbc  ti_sysbios_family_arm_m3_Hwi_E_noIsr__C                           
00006bc0  ti_sysbios_family_arm_m3_Hwi_E_reserved__C                        
00006bc4  ti_sysbios_family_arm_m3_Hwi_E_svCall__C                          
00006bc8  ti_sysbios_family_arm_m3_Hwi_E_usageFault__C                      
00006bcc  ti_sysbios_family_arm_m3_Hwi_NUM_INTERRUPTS__C                    
00006bd0  ti_sysbios_family_arm_m3_Hwi_Object__count__C                     
00006bd4  ti_sysbios_family_arm_m3_Hwi_ccr__C                               
00006bd8  ti_sysbios_family_arm_m3_Hwi_excHandlerFunc__C                    
00006bdc  ti_sysbios_family_arm_m3_Hwi_excHookFuncs__C                      
00006be0  ti_sysbios_family_arm_m3_Hwi_nullIsrFunc__C                       
00006be4  ti_sysbios_family_arm_m3_Hwi_priGroup__C                          
00006be8  ti_sysbios_gates_GateMutex_A_badContext__C                        
00006bec  ti_sysbios_gates_GateMutex_Instance_State_sem__O                  
00006bf0  ti_sysbios_gates_GateMutex_Module__diagsEnabled__C                
00006bf4  ti_sysbios_gates_GateMutex_Module__diagsIncluded__C               
00006bf8  ti_sysbios_gates_GateMutex_Module__diagsMask__C                   
00006bfc  ti_sysbios_hal_Hwi_E_stackOverflow__C                             
00006c00  ti_sysbios_heaps_HeapMem_A_align__C                               
00006c04  ti_sysbios_heaps_HeapMem_A_heapSize__C                            
00006c08  ti_sysbios_heaps_HeapMem_A_invalidFree__C                         
00006c0c  ti_sysbios_heaps_HeapMem_A_zeroBlock__C                           
00006c10  ti_sysbios_heaps_HeapMem_E_memory__C                              
00006c14  ti_sysbios_heaps_HeapMem_Module__diagsEnabled__C                  
00006c18  ti_sysbios_heaps_HeapMem_Module__diagsIncluded__C                 
00006c1c  ti_sysbios_heaps_HeapMem_Module__diagsMask__C                     
00006c20  ti_sysbios_heaps_HeapMem_Module__gateObj__C                       
00006c24  ti_sysbios_heaps_HeapMem_Object__count__C                         
00006c28  ti_sysbios_heaps_HeapMem_reqAlign__C                              
00006c2c  ti_sysbios_knl_Clock_Module_State_clockQ__O                       
00006c30  ti_sysbios_knl_Semaphore_A_badContext__C                          
00006c34  ti_sysbios_knl_Semaphore_A_noEvents__C                            
00006c38  ti_sysbios_knl_Semaphore_A_overflow__C                            
00006c3c  ti_sysbios_knl_Semaphore_A_pendTaskDisabled__C                    
00006c40  ti_sysbios_knl_Semaphore_Instance_State_pendQ__O                  
00006c44  ti_sysbios_knl_Semaphore_Module__diagsEnabled__C                  
00006c48  ti_sysbios_knl_Semaphore_Module__diagsIncluded__C                 
00006c4c  ti_sysbios_knl_Semaphore_Module__diagsMask__C                     
00006c50  ti_sysbios_knl_Swi_Object__count__C                               
00006c54  ti_sysbios_knl_Task_A_badTimeout__C                               
00006c58  ti_sysbios_knl_Task_A_sleepTaskDisabled__C                        
00006c5c  ti_sysbios_knl_Task_E_spOutOfBounds__C                            
00006c60  ti_sysbios_knl_Task_E_stackOverflow__C                            
00006c64  ti_sysbios_knl_Task_Module_State_inactiveQ__O                     
00006c68  ti_sysbios_knl_Task_Module__diagsEnabled__C                       
00006c6c  ti_sysbios_knl_Task_Module__diagsIncluded__C                      
00006c70  ti_sysbios_knl_Task_Module__diagsMask__C                          
00006c74  ti_sysbios_knl_Task_Object__count__C                              
00006c78  ti_sysbios_knl_Task_allBlockedFunc__C                             
00006c7c  ti_sysbios_knl_Task_numConstructedTasks__C                        
00006c80  xdc_runtime_Assert_E_assertFailed__C                              
00006c84  xdc_runtime_Core_A_initializedParams__C                           
00006c88  xdc_runtime_Core_Module__diagsEnabled__C                          
00006c8c  xdc_runtime_Core_Module__diagsIncluded__C                         
00006c90  xdc_runtime_Core_Module__diagsMask__C                             
00006c94  xdc_runtime_Error_E_memory__C                                     
00006c98  xdc_runtime_Error_Module__diagsEnabled__C                         
00006c9c  xdc_runtime_Error_Module__diagsIncluded__C                        
00006ca0  xdc_runtime_Error_Module__diagsMask__C                            
00006ca4  xdc_runtime_Error_Module__loggerFxn8__C                           
00006ca8  xdc_runtime_Error_Module__loggerObj__C                            
00006cac  xdc_runtime_Error_policyFxn__C                                    
00006cb0  xdc_runtime_Error_raiseHook__C                                    
00006cb4  xdc_runtime_IGateProvider_Interface__BASE__C                      
00006cb8  xdc_runtime_IHeap_Interface__BASE__C                              
00006cbc  xdc_runtime_IModule_Interface__BASE__C                            
00006cc0  xdc_runtime_Log_L_error__C                                        
00006cc4  xdc_runtime_Memory_defaultHeapInstance__C                         
00006cc8  xdc_runtime_Startup_execImpl__C                                   
00006ccc  xdc_runtime_Startup_maxPasses__C                                  
00006cd0  xdc_runtime_Startup_sfxnRts__C                                    
00006cd4  xdc_runtime_Startup_sfxnTab__C                                    
00006cd8  xdc_runtime_SysMin_bufSize__C                                     
00006cdc  xdc_runtime_SysMin_outputFunc__C                                  
00006ce0  xdc_runtime_System_Module__gateObj__C                             
00006ce4  xdc_runtime_System_abortFxn__C                                    
00006ce8  xdc_runtime_System_exitFxn__C                                     
00006cec  xdc_runtime_System_extendFxn__C                                   
00006cf0  xdc_runtime_System_maxAtexitHandlers__C                           
00006cf4  xdc_runtime_Text_charTab__C                                       
00006cf8  xdc_runtime_Text_nameEmpty__C                                     
00006cfc  xdc_runtime_Text_nameStatic__C                                    
00006d00  xdc_runtime_Text_nameUnknown__C                                   
00006d04  xdc_runtime_Text_nodeTab__C                                       
00006d08  xdc_runtime_Text_visitRopeFxn__C                                  
00006d0c  ti_sysbios_family_arm_m3_Hwi_Module__id__C                        
00006d0e  ti_sysbios_gates_GateMutex_Module__id__C                          
00006d10  ti_sysbios_hal_Hwi_Module__id__C                                  
00006d12  ti_sysbios_heaps_HeapMem_Module__id__C                            
00006d14  ti_sysbios_knl_Semaphore_Module__id__C                            
00006d16  ti_sysbios_knl_Task_Module__id__C                                 
00006d18  xdc_runtime_Core_Module__id__C                                    
00006d1a  xdc_runtime_Error_Module__loggerDefined__C                        
00006d1c  xdc_runtime_Error_maxDepth__C                                     
00006d1e  xdc_runtime_Memory_Module__id__C                                  
00006d20  xdc_runtime_SysMin_flushAtExit__C                                 
00006d22  xdc_runtime_Text_charCnt__C                                       
00006d24  xdc_runtime_Text_isLoaded__C                                      
00006d26  xdc_runtime_Text_registryModsLastId__C                            
00006d28  xdc_runtime_Text_unnamedModsLastId__C                             
00006d30  __TI_static_base__                                                
00006efc  __TI_Handler_Table_Base                                           
00006f08  __TI_Handler_Table_Limit                                          
00006f18  __TI_CINIT_Base                                                   
00006f30  __TI_CINIT_Limit                                                  
20000000  ti_sysbios_family_arm_m3_Hwi_ramVectors                           
20000360  ti_sysbios_heaps_HeapMem_Instance_State_0_buf__A                  
20000760  ti_sysbios_family_arm_m3_Hwi_dispatchTable                        
20000ac0  ti_sysbios_knl_Task_Instance_State_0_stack__A                     
20000cc0  __CIOBUF_                                                         
20000e70  xdc_runtime_SysMin_Module_State_0_outbuf__A                       
20000ef0  parmbuf                                                           
20000efc  ti_sysbios_knl_Swi_Module_State_0_readyQ__A                       
20000f7c  ti_sysbios_knl_Task_Module_State_0_readyQ__A                      
20000ffc  ti_sysbios_knl_Task_Object__table__V                              
20001048  ti_sysbios_knl_Task_Module__state__V                              
2000108c  ti_sysbios_family_arm_lm4_Timer_Object__table__V                  
200010cc  ti_sysbios_gates_GateMutex_Object__table__V                       
20001104  ti_sysbios_family_arm_m3_Hwi_Module__state__V                     
20001138  ti_sysbios_family_arm_lm4_Timer_Module_State_0_device__A          
20001168  ti_sysbios_knl_Swi_Object__table__V                               
20001198  ti_sysbios_knl_Clock_Module__state__V                             
200011c4  ti_sysbios_BIOS_Module__state__V                                  
200011e8  ti_sysbios_knl_Swi_Module__state__V                               
20001204  ti_sysbios_family_arm_lm4_Timer_Module_State_0_handles__A         
2000121c  ti_sysbios_family_arm_m3_Hwi_Object__table__V                     
20001234  ti_sysbios_heaps_HeapMem_Object__table__V                         
2000124c  gpioPinConfigs                                                    
20001260  ti_sysbios_family_arm_lm4_Timer_Module__state__V                  
2000126c  xdc_runtime_SysMin_Module__state__V                               
20001278  _lock                                                             
2000127c  _unlock                                                           
20001280  gpioCallbackFunctions                                             
20001288  ti_sysbios_family_arm_m3_Hwi_Module__root__V                      
20001290  ti_sysbios_gates_GateHwi_Module__root__V                          
20001298  ti_sysbios_gates_GateMutex_Module__root__V                        
200012a0  ti_sysbios_heaps_HeapMem_Module__root__V                          
200012a8  ti_sysbios_knl_Queue_Module__root__V                              
200012b0  ti_sysbios_knl_Semaphore_Module__root__V                          
200012b8  xdc_runtime_Registry_Module__state__V                             
200012c0  xdc_runtime_Startup_Module__state__V                              
200012c8  xdc_runtime_System_Module_State_0_atexitHandlers__A               
200012d0  xdc_runtime_System_Module__state__V                               
200012de  ti_sysbios_family_arm_m3_Hwi_Module_State_0_excActive__A          
200012e0  main_func_sp                                                      
200012e4  ti_sysbios_family_arm_m3_Hwi_Module_State_0_excContext__A         
200012e8  ti_sysbios_family_arm_m3_Hwi_Module_State_0_excStack__A           
200012ec  ti_sysbios_gates_GateHwi_Object__table__V                         
200012f0  ti_sysbios_knl_Task_Module_State_0_idleTask__A                    
200012f4  xdc_runtime_Memory_Module__state__V                               
200012f8  xdc_runtime_Error_Module__state__V                                
20001300  __stack                                                           
20001600  __STACK_END                                                       
e000e000  ti_sysbios_family_arm_m3_Hwi_nvic                                 
ffffffff  __TI_pprof_out_hndl                                               
ffffffff  __TI_prof_data_size                                               
ffffffff  __TI_prof_data_start                                              
ffffffff  __binit__                                                         
ffffffff  __c_args__                                                        
ffffffff  binit                                                             
UNDEFED   SHT$$INIT_ARRAY$$Base                                             
UNDEFED   SHT$$INIT_ARRAY$$Limit                                            

[523 symbols]
